Component: ARM Compiler 5.06 update 7 (build 960) Tool: armlink [4d3601]

==============================================================================

Section Cross References

    startup_stm32f401xe.o(RESET) refers to startup_stm32f401xe.o(STACK) for __initial_sp
    startup_stm32f401xe.o(RESET) refers to startup_stm32f401xe.o(.text) for Reset_Handler
    startup_stm32f401xe.o(RESET) refers to stm32f4xx_it.o(i.NMI_Handler) for NMI_Handler
    startup_stm32f401xe.o(RESET) refers to stm32f4xx_it.o(i.HardFault_Handler) for HardFault_Handler
    startup_stm32f401xe.o(RESET) refers to stm32f4xx_it.o(i.MemManage_Handler) for MemManage_Handler
    startup_stm32f401xe.o(RESET) refers to stm32f4xx_it.o(i.BusFault_Handler) for BusFault_Handler
    startup_stm32f401xe.o(RESET) refers to stm32f4xx_it.o(i.UsageFault_Handler) for UsageFault_Handler
    startup_stm32f401xe.o(RESET) refers to stm32f4xx_it.o(i.SVC_Handler) for SVC_Handler
    startup_stm32f401xe.o(RESET) refers to stm32f4xx_it.o(i.DebugMon_Handler) for DebugMon_Handler
    startup_stm32f401xe.o(RESET) refers to stm32f4xx_it.o(i.PendSV_Handler) for PendSV_Handler
    startup_stm32f401xe.o(RESET) refers to stm32f4xx_it.o(i.SysTick_Handler) for SysTick_Handler
    startup_stm32f401xe.o(.text) refers to system_stm32f4xx.o(i.SystemInit) for SystemInit
    startup_stm32f401xe.o(.text) refers to entry.o(.ARM.Collect$$$$00000000) for __main
    stm32f4xx_it.o(i.SysTick_Handler) refers to stm32f4xx_hal.o(i.HAL_IncTick) for HAL_IncTick
    stm32f4xx_hal_msp.o(i.HAL_UART_MspDeInit) refers to stm32f4xx_hal_gpio.o(i.HAL_GPIO_DeInit) for HAL_GPIO_DeInit
    stm32f4xx_hal_msp.o(i.HAL_UART_MspDeInit) refers to stm32f4xx_hal_dma.o(i.HAL_DMA_DeInit) for HAL_DMA_DeInit
    stm32f4xx_hal_msp.o(i.HAL_UART_MspDeInit) refers to stm32f4xx_hal_cortex.o(i.HAL_NVIC_DisableIRQ) for HAL_NVIC_DisableIRQ
    stm32f4xx_hal_msp.o(i.HAL_UART_MspDeInit) refers to stm32f4xx_hal_msp.o(.bss) for hdma_tx
    stm32f4xx_hal_msp.o(i.HAL_UART_MspInit) refers to stm32f4xx_hal_gpio.o(i.HAL_GPIO_Init) for HAL_GPIO_Init
    stm32f4xx_hal_msp.o(i.HAL_UART_MspInit) refers to stm32f4xx_hal_dma.o(i.HAL_DMA_Init) for HAL_DMA_Init
    stm32f4xx_hal_msp.o(i.HAL_UART_MspInit) refers to stm32f4xx_hal_cortex.o(i.HAL_NVIC_SetPriority) for HAL_NVIC_SetPriority
    stm32f4xx_hal_msp.o(i.HAL_UART_MspInit) refers to stm32f4xx_hal_cortex.o(i.HAL_NVIC_EnableIRQ) for HAL_NVIC_EnableIRQ
    stm32f4xx_hal_msp.o(i.HAL_UART_MspInit) refers to stm32f4xx_hal_msp.o(.bss) for hdma_tx
    main.o(i.BSP_Device_Init) refers to stm32f4xx_nucleo.o(i.BSP_LED_Init) for BSP_LED_Init
    main.o(i.BSP_Device_Init) refers to bsp_uart.o(i.BSP_UART_Init) for BSP_UART_Init
    main.o(i.Error_Handler) refers to stm32f4xx_nucleo.o(i.BSP_LED_On) for BSP_LED_On
    main.o(i.Error_Handler) refers to printfa.o(i.__0printf) for __2printf
    main.o(i.SystemClock_Config) refers to memseta.o(.text) for __aeabi_memclr4
    main.o(i.SystemClock_Config) refers to stm32f4xx_hal_rcc.o(i.HAL_RCC_OscConfig) for HAL_RCC_OscConfig
    main.o(i.SystemClock_Config) refers to main.o(i.Error_Handler) for Error_Handler
    main.o(i.SystemClock_Config) refers to stm32f4xx_hal_rcc.o(i.HAL_RCC_ClockConfig) for HAL_RCC_ClockConfig
    main.o(i.main) refers to stm32f4xx_hal.o(i.HAL_Init) for HAL_Init
    main.o(i.main) refers to main.o(i.SystemClock_Config) for SystemClock_Config
    main.o(i.main) refers to main.o(i.BSP_Device_Init) for BSP_Device_Init
    main.o(i.main) refers to version_print.o(i.PrintVersion) for PrintVersion
    main.o(i.main) refers to fls110.o(i.FLS_I2C_Init) for FLS_I2C_Init
    main.o(i.main) refers to fls110.o(i.FLS110_Sensor_Init) for FLS110_Sensor_Init
    version_print.o(i.PrintVersion) refers to memseta.o(.text) for __aeabi_memclr4
    version_print.o(i.PrintVersion) refers to version_print.o(i.getdate) for getdate
    version_print.o(i.PrintVersion) refers to printfa.o(i.__0printf) for __2printf
    version_print.o(i.PrintVersion) refers to version_print.o(i.get_app_ver) for get_app_ver
    version_print.o(i.get_app_ver) refers to version_print.o(.data) for app_ver_str
    version_print.o(i.getdate) refers to atoi.o(.text) for atoi
    version_print.o(i.getdate) refers to strcmp.o(.text) for strcmp
    version_print.o(i.getdate) refers to version_print.o(.data) for months
    version_print.o(.data) refers to version_print.o(.conststring) for .conststring
    bsp_uart.o(i.BSP_COM_DeInit) refers to stm32f4xx_hal_gpio.o(i.HAL_GPIO_DeInit) for HAL_GPIO_DeInit
    bsp_uart.o(i.BSP_COM_Init) refers to stm32f4xx_hal_gpio.o(i.HAL_GPIO_Init) for HAL_GPIO_Init
    bsp_uart.o(i.BSP_COM_Init) refers to stm32f4xx_hal_uart.o(i.HAL_UART_Init) for HAL_UART_Init
    bsp_uart.o(i.BSP_COM_Init) refers to bsp_uart.o(i.Error_Handler) for Error_Handler
    bsp_uart.o(i.BSP_COM_Init) refers to bsp_uart.o(.bss) for UartCom
[...]
    Removing stm32f4xx_hal_spi.o(i.HAL_SPI_DMAPause), (50 bytes).
    Removing stm32f4xx_hal_spi.o(i.HAL_SPI_DMAResume), (50 bytes).
    Removing stm32f4xx_hal_spi.o(i.HAL_SPI_DMAStop), (72 bytes).
    Removing stm32f4xx_hal_spi.o(i.HAL_SPI_DeInit), (54 bytes).
    Removing stm32f4xx_hal_spi.o(i.HAL_SPI_ErrorCallback), (2 bytes).
    Removing stm32f4xx_hal_spi.o(i.HAL_SPI_GetError), (6 bytes).
    Removing stm32f4xx_hal_spi.o(i.HAL_SPI_GetState), (8 bytes).
    Removing stm32f4xx_hal_spi.o(i.HAL_SPI_IRQHandler), (348 bytes).
    Removing stm32f4xx_hal_spi.o(i.HAL_SPI_Init), (222 bytes).
    Removing stm32f4xx_hal_spi.o(i.HAL_SPI_MspDeInit), (2 bytes).
    Removing stm32f4xx_hal_spi.o(i.HAL_SPI_MspInit), (2 bytes).
    Removing stm32f4xx_hal_spi.o(i.HAL_SPI_Receive), (546 bytes).
    Removing stm32f4xx_hal_spi.o(i.HAL_SPI_Receive_DMA), (320 bytes).
    Removing stm32f4xx_hal_spi.o(i.HAL_SPI_Receive_IT), (252 bytes).
    Removing stm32f4xx_hal_spi.o(i.HAL_SPI_RxCpltCallback), (2 bytes).
    Removing stm32f4xx_hal_spi.o(i.HAL_SPI_RxHalfCpltCallback), (2 bytes).
    Removing stm32f4xx_hal_spi.o(i.HAL_SPI_Transmit), (486 bytes).
    Removing stm32f4xx_hal_spi.o(i.HAL_SPI_TransmitReceive), (722 bytes).
    Removing stm32f4xx_hal_spi.o(i.HAL_SPI_TransmitReceive_DMA), (400 bytes).
    Removing stm32f4xx_hal_spi.o(i.HAL_SPI_TransmitReceive_IT), (240 bytes).
    Removing stm32f4xx_hal_spi.o(i.HAL_SPI_Transmit_DMA), (288 bytes).
    Removing stm32f4xx_hal_spi.o(i.HAL_SPI_Transmit_IT), (216 bytes).
    Removing stm32f4xx_hal_spi.o(i.HAL_SPI_TxCpltCallback), (2 bytes).
    Removing stm32f4xx_hal_spi.o(i.HAL_SPI_TxHalfCpltCallback), (2 bytes).
    Removing stm32f4xx_hal_spi.o(i.HAL_SPI_TxRxCpltCallback), (2 bytes).
    Removing stm32f4xx_hal_spi.o(i.HAL_SPI_TxRxHalfCpltCallback), (2 bytes).
    Removing stm32f4xx_hal_spi.o(i.SPI_2linesRxISR_16BIT), (72 bytes).
    Removing stm32f4xx_hal_spi.o(i.SPI_2linesRxISR_16BITCRC), (36 bytes).
    Removing stm32f4xx_hal_spi.o(i.SPI_2linesRxISR_8BIT), (72 bytes).
    Removing stm32f4xx_hal_spi.o(i.SPI_2linesRxISR_8BITCRC), (40 bytes).
    Removing stm32f4xx_hal_spi.o(i.SPI_2linesTxISR_16BIT), (88 bytes).
    Removing stm32f4xx_hal_spi.o(i.SPI_2linesTxISR_8BIT), (88 bytes).
    Removing stm32f4xx_hal_spi.o(i.SPI_AbortRx_ISR), (112 bytes).
    Removing stm32f4xx_hal_spi.o(i.SPI_AbortTx_ISR), (32 bytes).
    Removing stm32f4xx_hal_spi.o(i.SPI_CloseRxTx_ISR), (228 bytes).
    Removing stm32f4xx_hal_spi.o(i.SPI_CloseRx_ISR), (128 bytes).
    Removing stm32f4xx_hal_spi.o(i.SPI_CloseTx_ISR), (160 bytes).
    Removing stm32f4xx_hal_spi.o(i.SPI_DMAAbortOnError), (20 bytes).
    Removing stm32f4xx_hal_spi.o(i.SPI_DMAError), (40 bytes).
    Removing stm32f4xx_hal_spi.o(i.SPI_DMAHalfReceiveCplt), (14 bytes).
    Removing stm32f4xx_hal_spi.o(i.SPI_DMAHalfTransmitCplt), (14 bytes).
    Removing stm32f4xx_hal_spi.o(i.SPI_DMAHalfTransmitReceiveCplt), (14 bytes).
    Removing stm32f4xx_hal_spi.o(i.SPI_DMAReceiveCplt), (196 bytes).
    Removing stm32f4xx_hal_spi.o(i.SPI_DMARxAbortCallback), (144 bytes).
    Removing stm32f4xx_hal_spi.o(i.SPI_DMATransmitCplt), (128 bytes).
    Removing stm32f4xx_hal_spi.o(i.SPI_DMATransmitReceiveCplt), (176 bytes).
    Removing stm32f4xx_hal_spi.o(i.SPI_DMATxAbortCallback), (172 bytes).
    Removing stm32f4xx_hal_spi.o(i.SPI_EndRxTransaction), (148 bytes).
    Removing stm32f4xx_hal_spi.o(i.SPI_EndRxTxTransaction), (108 bytes).
    Removing stm32f4xx_hal_spi.o(i.SPI_RxISR_16BIT), (84 bytes).
    Removing stm32f4xx_hal_spi.o(i.SPI_RxISR_16BITCRC), (36 bytes).
    Removing stm32f4xx_hal_spi.o(i.SPI_RxISR_8BIT), (84 bytes).
    Removing stm32f4xx_hal_spi.o(i.SPI_RxISR_8BITCRC), (24 bytes).
    Removing stm32f4xx_hal_spi.o(i.SPI_TxISR_16BIT), (56 bytes).
    Removing stm32f4xx_hal_spi.o(i.SPI_TxISR_8BIT), (56 bytes).
    Removing stm32f4xx_hal_spi.o(i.SPI_WaitFlagStateUntilTimeout), (216 bytes).
    Removing stm32f4xx_hal_tim_ex.o(.rev16_text), (4 bytes).
    Removing stm32f4xx_hal_tim_ex.o(.revsh_text), (4 bytes).
    Removing stm32f4xx_hal_tim_ex.o(.rrx_text), (6 bytes).
    Removing stm32f4xx_hal_tim_ex.o(i.HAL_TIMEx_BreakCallback), (2 bytes).
    Removing stm32f4xx_hal_tim_ex.o(i.HAL_TIMEx_CommutCallback), (2 bytes).
    Removing stm32f4xx_hal_tim_ex.o(i.HAL_TIMEx_CommutHalfCpltCallback), (2 bytes).
    Removing stm32f4xx_hal_tim_ex.o(i.HAL_TIMEx_ConfigBreakDeadTime), (116 bytes).
    Removing stm32f4xx_hal_tim_ex.o(i.HAL_TIMEx_ConfigCommutEvent), (134 bytes).
    Removing stm32f4xx_hal_tim_ex.o(i.HAL_TIMEx_ConfigCommutEvent_DMA), (164 bytes).
    Removing stm32f4xx_hal_tim_ex.o(i.HAL_TIMEx_ConfigCommutEvent_IT), (134 bytes).
    Removing stm32f4xx_hal_tim_ex.o(i.HAL_TIMEx_GetChannelNState), (38 bytes).
    Removing stm32f4xx_hal_tim_ex.o(i.HAL_TIMEx_HallSensor_DeInit), (96 bytes).
    Removing stm32f4xx_hal_tim_ex.o(i.HAL_TIMEx_HallSensor_GetState), (8 bytes).
    Removing stm32f4xx_hal_tim_ex.o(i.HAL_TIMEx_HallSensor_Init), (234 bytes).
    Removing stm32f4xx_hal_tim_ex.o(i.HAL_TIMEx_HallSensor_MspDeInit), (2 bytes).
    Removing stm32f4xx_hal_tim_ex.o(i.HAL_TIMEx_HallSensor_MspInit), (2 bytes).
    Removing stm32f4xx_hal_tim_ex.o(i.HAL_TIMEx_HallSensor_Start), (192 bytes).
    Removing stm32f4xx_hal_tim_ex.o(i.HAL_TIMEx_HallSensor_Start_DMA), (256 bytes).
    Removing stm32f4xx_hal_tim_ex.o(i.HAL_TIMEx_HallSensor_Start_IT), (204 bytes).
    Removing stm32f4xx_hal_tim_ex.o(i.HAL_TIMEx_HallSensor_Stop), (78 bytes).
    Removing stm32f4xx_hal_tim_ex.o(i.HAL_TIMEx_HallSensor_Stop_DMA), (84 bytes).
    Removing stm32f4xx_hal_tim_ex.o(i.HAL_TIMEx_HallSensor_Stop_IT), (90 bytes).
    Removing stm32f4xx_hal_tim_ex.o(i.HAL_TIMEx_OCN_Start), (220 bytes).
    Removing stm32f4xx_hal_tim_ex.o(i.HAL_TIMEx_OCN_Start_DMA), (464 bytes).
    Removing stm32f4xx_hal_tim_ex.o(i.HAL_TIMEx_OCN_Start_IT), (288 bytes).
    Removing stm32f4xx_hal_tim_ex.o(i.HAL_TIMEx_OCN_Stop), (136 bytes).
    Removing stm32f4xx_hal_tim_ex.o(i.HAL_TIMEx_OCN_Stop_DMA), (212 bytes).
    Removing stm32f4xx_hal_tim_ex.o(i.HAL_TIMEx_OCN_Stop_IT), (218 bytes).
    Removing stm32f4xx_hal_tim_ex.o(i.HAL_TIMEx_OnePulseN_Start), (118 bytes).
    Removing stm32f4xx_hal_tim_ex.o(i.HAL_TIMEx_OnePulseN_Start_IT), (142 bytes).
    Removing stm32f4xx_hal_tim_ex.o(i.HAL_TIMEx_OnePulseN_Stop), (138 bytes).
    Removing stm32f4xx_hal_tim_ex.o(i.HAL_TIMEx_OnePulseN_Stop_IT), (162 bytes).
    Removing stm32f4xx_hal_tim_ex.o(i.HAL_TIMEx_PWMN_Start), (220 bytes).
    Removing stm32f4xx_hal_tim_ex.o(i.HAL_TIMEx_PWMN_Start_DMA), (464 bytes).
    Removing stm32f4xx_hal_tim_ex.o(i.HAL_TIMEx_PWMN_Start_IT), (288 bytes).
    Removing stm32f4xx_hal_tim_ex.o(i.HAL_TIMEx_PWMN_Stop), (136 bytes).
    Removing stm32f4xx_hal_tim_ex.o(i.HAL_TIMEx_PWMN_Stop_DMA), (212 bytes).
    Removing stm32f4xx_hal_tim_ex.o(i.HAL_TIMEx_PWMN_Stop_IT), (218 bytes).
    Removing stm32f4xx_hal_tim_ex.o(i.HAL_TIMEx_RemapConfig), (42 bytes).
    Removing stm32f4xx_hal_tim_ex.o(i.TIMEx_DMACommutationCplt), (20 bytes).
    Removing stm32f4xx_hal_tim_ex.o(i.TIMEx_DMACommutationHalfCplt), (20 bytes).
    Removing stm32f4xx_hal_tim_ex.o(i.TIM_CCxNChannelCmd), (34 bytes).
    Removing stm32f4xx_hal_tim_ex.o(i.TIM_DMADelayPulseNCplt), (104 bytes).
    Removing stm32f4xx_hal_tim_ex.o(i.TIM_DMAErrorCCxN), (68 bytes).
    Removing stm32f4xx_hal_dma.o(.rev16_text), (4 bytes).
    Removing stm32f4xx_hal_dma.o(.revsh_text), (4 bytes).
    Removing stm32f4xx_hal_dma.o(.rrx_text), (6 bytes).
    Removing stm32f4xx_hal_dma.o(i.DMA_SetConfig), (44 bytes).
    Removing stm32f4xx_hal_dma.o(i.HAL_DMA_Abort), (170 bytes).
    Removing stm32f4xx_hal_dma.o(i.HAL_DMA_Abort_IT), (40 bytes).
    Removing stm32f4xx_hal_dma.o(i.HAL_DMA_DeInit), (112 bytes).
    Removing stm32f4xx_hal_dma.o(i.HAL_DMA_GetError), (6 bytes).
    Removing stm32f4xx_hal_dma.o(i.HAL_DMA_GetState), (8 bytes).
    Removing stm32f4xx_hal_dma.o(i.HAL_DMA_IRQHandler), (576 bytes).
    Removing stm32f4xx_hal_dma.o(i.HAL_DMA_PollForTransfer), (346 bytes).
    Removing stm32f4xx_hal_dma.o(i.HAL_DMA_RegisterCallback), (94 bytes).
    Removing stm32f4xx_hal_dma.o(i.HAL_DMA_Start), (102 bytes).
    Removing stm32f4xx_hal_dma.o(i.HAL_DMA_Start_IT), (146 bytes).
    Removing stm32f4xx_hal_dma.o(i.HAL_DMA_UnRegisterCallback), (124 bytes).
    Removing stm32f4xx_hal_pwr_ex.o(.rev16_text), (4 bytes).
    Removing stm32f4xx_hal_pwr_ex.o(.revsh_text), (4 bytes).
    Removing stm32f4xx_hal_pwr_ex.o(.rrx_text), (6 bytes).
    Removing stm32f4xx_hal_pwr_ex.o(i.HAL_PWREx_ControlVoltageScaling), (228 bytes).
    Removing stm32f4xx_hal_pwr_ex.o(i.HAL_PWREx_DisableBkUpReg), (60 bytes).
    Removing stm32f4xx_hal_pwr_ex.o(i.HAL_PWREx_DisableFlashPowerDown), (12 bytes).
    Removing stm32f4xx_hal_pwr_ex.o(i.HAL_PWREx_DisableLowRegulatorLowVoltage), (12 bytes).
    Removing stm32f4xx_hal_pwr_ex.o(i.HAL_PWREx_DisableMainRegulatorLowVoltage), (12 bytes).
    Removing stm32f4xx_hal_pwr_ex.o(i.HAL_PWREx_EnableBkUpReg), (60 bytes).
    Removing stm32f4xx_hal_pwr_ex.o(i.HAL_PWREx_EnableFlashPowerDown), (12 bytes).
    Removing stm32f4xx_hal_pwr_ex.o(i.HAL_PWREx_EnableLowRegulatorLowVoltage), (12 bytes).
    Removing stm32f4xx_hal_pwr_ex.o(i.HAL_PWREx_EnableMainRegulatorLowVoltage), (12 bytes).
    Removing stm32f4xx_hal_pwr_ex.o(i.HAL_PWREx_GetVoltageRange), (16 bytes).
    Removing stm32f4xx_hal_rcc.o(.rev16_text), (4 bytes).
    Removing stm32f4xx_hal_rcc.o(.revsh_text), (4 bytes).
    Removing stm32f4xx_hal_rcc.o(.rrx_text), (6 bytes).
    Removing stm32f4xx_hal_rcc.o(i.HAL_RCC_CSSCallback), (2 bytes).
    Removing stm32f4xx_hal_rcc.o(i.HAL_RCC_DeInit), (4 bytes).
    Removing stm32f4xx_hal_rcc.o(i.HAL_RCC_DisableCSS), (12 bytes).
    Removing stm32f4xx_hal_rcc.o(i.HAL_RCC_EnableCSS), (12 bytes).
    Removing stm32f4xx_hal_rcc.o(i.HAL_RCC_GetClockConfig), (68 bytes).
    Removing stm32f4xx_hal_rcc.o(i.HAL_RCC_GetOscConfig), (244 bytes).
    Removing stm32f4xx_hal_rcc.o(i.HAL_RCC_MCOConfig), (192 bytes).
    Removing stm32f4xx_hal_rcc.o(i.HAL_RCC_NMI_IRQHandler), (32 bytes).
    Removing stm32f4xx_hal_cortex.o(.rev16_text), (4 bytes).
    Removing stm32f4xx_hal_cortex.o(.revsh_text), (4 bytes).
    Removing stm32f4xx_hal_cortex.o(.rrx_text), (6 bytes).
    Removing stm32f4xx_hal_cortex.o(i.HAL_MPU_ConfigRegion), (92 bytes).
    Removing stm32f4xx_hal_cortex.o(i.HAL_MPU_Disable), (32 bytes).
    Removing stm32f4xx_hal_cortex.o(i.HAL_MPU_Enable), (40 bytes).
    Removing stm32f4xx_hal_cortex.o(i.HAL_NVIC_ClearPendingIRQ), (36 bytes).
    Removing stm32f4xx_hal_cortex.o(i.HAL_NVIC_DisableIRQ), (44 bytes).
    Removing stm32f4xx_hal_cortex.o(i.HAL_NVIC_GetActive), (48 bytes).
    Removing stm32f4xx_hal_cortex.o(i.HAL_NVIC_GetPendingIRQ), (48 bytes).
    Removing stm32f4xx_hal_cortex.o(i.HAL_NVIC_GetPriority), (148 bytes).
    Removing stm32f4xx_hal_cortex.o(i.HAL_NVIC_GetPriorityGrouping), (8 bytes).
    Removing stm32f4xx_hal_cortex.o(i.HAL_NVIC_SetPendingIRQ), (36 bytes).
    Removing stm32f4xx_hal_cortex.o(i.HAL_NVIC_SystemReset), (44 bytes).
    Removing stm32f4xx_hal_cortex.o(i.HAL_SYSTICK_CLKSourceConfig), (40 bytes).
    Removing stm32f4xx_hal_cortex.o(i.HAL_SYSTICK_Callback), (2 bytes).
    Removing stm32f4xx_hal_cortex.o(i.HAL_SYSTICK_IRQHandler), (8 bytes).
    Removing stm32f4xx_hal.o(.rev16_text), (4 bytes).
    Removing stm32f4xx_hal.o(.revsh_text), (4 bytes).
    Removing stm32f4xx_hal.o(.rrx_text), (6 bytes).
    Removing stm32f4xx_hal.o(i.HAL_DBGMCU_DisableDBGSleepMode), (20 bytes).
    Removing stm32f4xx_hal.o(i.HAL_DBGMCU_DisableDBGStandbyMode), (20 bytes).
    Removing stm32f4xx_hal.o(i.HAL_DBGMCU_DisableDBGStopMode), (20 bytes).
    Removing stm32f4xx_hal.o(i.HAL_DBGMCU_EnableDBGSleepMode), (20 bytes).
    Removing stm32f4xx_hal.o(i.HAL_DBGMCU_EnableDBGStandbyMode), (20 bytes).
    Removing stm32f4xx_hal.o(i.HAL_DBGMCU_EnableDBGStopMode), (20 bytes).
    Removing stm32f4xx_hal.o(i.HAL_DeInit), (68 bytes).
    Removing stm32f4xx_hal.o(i.HAL_DisableCompensationCell), (12 bytes).
    Removing stm32f4xx_hal.o(i.HAL_EnableCompensationCell), (12 bytes).
    Removing stm32f4xx_hal.o(i.HAL_GetDEVID), (16 bytes).
    Removing stm32f4xx_hal.o(i.HAL_GetHalVersion), (8 bytes).
    Removing stm32f4xx_hal.o(i.HAL_GetREVID), (12 bytes).
    Removing stm32f4xx_hal.o(i.HAL_GetTickFreq), (12 bytes).
    Removing stm32f4xx_hal.o(i.HAL_GetTickPrio), (12 bytes).
    Removing stm32f4xx_hal.o(i.HAL_GetUIDw0), (12 bytes).
    Removing stm32f4xx_hal.o(i.HAL_GetUIDw1), (12 bytes).
    Removing stm32f4xx_hal.o(i.HAL_GetUIDw2), (12 bytes).
    Removing stm32f4xx_hal.o(i.HAL_MspDeInit), (2 bytes).
    Removing stm32f4xx_hal.o(i.HAL_ResumeTick), (18 bytes).
    Removing stm32f4xx_hal.o(i.HAL_SetTickFreq), (48 bytes).
    Removing stm32f4xx_hal.o(i.HAL_SuspendTick), (18 bytes).
    Removing stm32f4xx_hal_rcc_ex.o(.rev16_text), (4 bytes).
    Removing stm32f4xx_hal_rcc_ex.o(.revsh_text), (4 bytes).
    Removing stm32f4xx_hal_rcc_ex.o(.rrx_text), (6 bytes).
    Removing stm32f4xx_hal_rcc_ex.o(i.HAL_RCCEx_DisablePLLI2S), (56 bytes).
    Removing stm32f4xx_hal_rcc_ex.o(i.HAL_RCCEx_EnablePLLI2S), (112 bytes).
    Removing stm32f4xx_hal_rcc_ex.o(i.HAL_RCCEx_GetPeriphCLKConfig), (76 bytes).
    Removing stm32f4xx_hal_rcc_ex.o(i.HAL_RCCEx_GetPeriphCLKFreq), (144 bytes).
    Removing stm32f4xx_hal_rcc_ex.o(i.HAL_RCCEx_PeriphCLKConfig), (436 bytes).
    Removing stm32f4xx_hal_rcc_ex.o(i.HAL_RCC_DeInit), (384 bytes).
    Removing stm32f4xx_hal_gpio.o(.rev16_text), (4 bytes).
    Removing stm32f4xx_hal_gpio.o(.revsh_text), (4 bytes).
    Removing stm32f4xx_hal_gpio.o(.rrx_text), (6 bytes).
    Removing stm32f4xx_hal_gpio.o(i.HAL_GPIO_DeInit), (312 bytes).
    Removing stm32f4xx_hal_gpio.o(i.HAL_GPIO_EXTI_Callback), (2 bytes).
    Removing stm32f4xx_hal_gpio.o(i.HAL_GPIO_EXTI_IRQHandler), (28 bytes).
    Removing stm32f4xx_hal_gpio.o(i.HAL_GPIO_LockPin), (46 bytes).
    Removing stm32f4xx_hal_gpio.o(i.HAL_GPIO_TogglePin), (20 bytes).
    Removing f2d.o(.text), (38 bytes).

508 unused section(s) (total 44764 bytes) removed from the image.

==============================================================================

Image Symbol Table

    Local Symbols

    Symbol Name                              Value     Ov Type        Size  Object(Section)

    ../clib/microlib/ctype/ctype.c           0x00000000   Number         0  ctype_o.o ABSOLUTE
    ../clib/microlib/ctype/ctype.c           0x00000000   Number         0  isalnum_o.o ABSOLUTE
    ../clib/microlib/ctype/ctype.c           0x00000000   Number         0  isalpha_o.o ABSOLUTE
    ../clib/microlib/ctype/ctype.c           0x00000000   Number         0  isblank_o.o ABSOLUTE
    ../clib/microlib/ctype/ctype.c           0x00000000   Number         0  iscntrl_o.o ABSOLUTE
    ../clib/microlib/ctype/ctype.c           0x00000000   Number         0  isdigit_o.o ABSOLUTE
    ../clib/microlib/ctype/ctype.c           0x00000000   Number         0  isgraph_o.o ABSOLUTE
    ../clib/microlib/ctype/ctype.c           0x00000000   Number         0  islower_o.o ABSOLUTE
    ../clib/microlib/ctype/ctype.c           0x00000000   Number         0  isprint_o.o ABSOLUTE
    ../clib/microlib/ctype/ctype.c           0x00000000   Number         0  ispunct_o.o ABSOLUTE
    ../clib/microlib/ctype/ctype.c           0x00000000   Number         0  isspace_o.o ABSOLUTE
    ../clib/microlib/ctype/ctype.c           0x00000000   Number         0  isupper_o.o ABSOLUTE
    ../clib/microlib/ctype/ctype.c           0x00000000   Number         0  isxdigit_o.o ABSOLUTE
    ../clib/microlib/division.c              0x00000000   Number         0  uldiv.o ABSOLUTE
    ../clib/microlib/division.c              0x00000000   Number         0  uidiv.o ABSOLUTE
    ../clib/microlib/errno.c                 0x00000000   Number         0  errno.o ABSOLUTE
    ../clib/microlib/init/entry.s            0x00000000   Number         0  entry12a.o ABSOLUTE
    ../clib/microlib/init/entry.s            0x00000000   Number         0  entry11b.o ABSOLUTE
    ../clib/microlib/init/entry.s            0x00000000   Number         0  entry11a.o ABSOLUTE
    ../clib/microlib/init/entry.s            0x00000000   Number         0  entry10b.o ABSOLUTE
    ../clib/microlib/init/entry.s            0x00000000   Number         0  entry5.o ABSOLUTE
    ../clib/microlib/init/entry.s            0x00000000   Number         0  entry12b.o ABSOLUTE
    ../clib/microlib/init/entry.s            0x00000000   Number         0  entry2.o ABSOLUTE
    ../clib/microlib/init/entry.s            0x00000000   Number         0  entry10a.o ABSOLUTE
    ../clib/microlib/init/entry.s            0x00000000   Number         0  entry9b.o ABSOLUTE
    ../clib/microlib/init/entry.s            0x00000000   Number         0  entry9a.o ABSOLUTE
    ../clib/microlib/init/entry.s            0x00000000   Number         0  entry8b.o ABSOLUTE
    ../clib/microlib/init/entry.s            0x00000000   Number         0  entry8a.o ABSOLUTE
    ../clib/microlib/init/entry.s            0x00000000   Number         0  entry.o ABSOLUTE
    ../clib/microlib/init/entry.s            0x00000000   Number         0  entry7b.o ABSOLUTE
    ../clib/microlib/init/entry.s            0x00000000   Number         0  entry7a.o ABSOLUTE
    ../clib/microlib/longlong.c              0x00000000   Number         0  llsshr.o ABSOLUTE
    ../clib/microlib/longlong.c              0x00000000   Number         0  llshl.o ABSOLUTE
    ../clib/microlib/longlong.c              0x00000000   Number         0  llushr.o ABSOLUTE
    ../clib/microlib/printf/printf.c         0x00000000   Number         0  printf1.o ABSOLUTE
    ../clib/microlib/printf/printf.c         0x00000000   Number         0  printfa.o ABSOLUTE
    ../clib/microlib/printf/printf.c         0x00000000   Number         0  printf8.o ABSOLUTE
    ../clib/microlib/printf/printf.c         0x00000000   Number         0  printf4.o ABSOLUTE
    ../clib/microlib/printf/printf.c         0x00000000   Number         0  printf7.o ABSOLUTE
    ../clib/microlib/printf/printf.c         0x00000000   Number         0  printf5.o ABSOLUTE
    ../clib/microlib/printf/printf.c         0x00000000   Number         0  printf3.o ABSOLUTE
    ../clib/microlib/printf/printf.c         0x00000000   Number         0  printf6.o ABSOLUTE
    ../clib/microlib/printf/printf.c         0x00000000   Number         0  printf2.o ABSOLUTE
    ../clib/microlib/printf/printf.c         0x00000000   Number         0  printfb.o ABSOLUTE
    ../clib/microlib/printf/printf.c         0x00000000   Number         0  printf0.o ABSOLUTE
    ../clib/microlib/printf/stubs.s          0x00000000   Number         0  stubs.o ABSOLUTE
    ../clib/microlib/stdio/streams.c         0x00000000   Number         0  stdout.o ABSOLUTE
    ../clib/microlib/string/memcpy.c         0x00000000   Number         0  memmoveb.o ABSOLUTE
    ../clib/microlib/string/memcpy.c         0x00000000   Number         0  memmovea.o ABSOLUTE
    ../clib/microlib/string/memset.c         0x00000000   Number         0  memseta.o ABSOLUTE
    ../clib/microlib/string/strcmp.c         0x00000000   Number         0  strcmp.o ABSOLUTE
    ../clib/microlib/stubs.s                 0x00000000   Number         0  iusefp.o ABSOLUTE
    ../clib/scanf.c                          0x00000000   Number         0  _strtoul.o ABSOLUTE
    ../clib/scanf.c                          0x00000000   Number         0  _chval.o ABSOLUTE
    ../clib/scanf.c                          0x00000000   Number         0  strtol.o ABSOLUTE
    ../clib/scanf.c                          0x00000000   Number         0  atoi.o ABSOLUTE
    ../fplib/microlib/f2d.c                  0x00000000   Number         0  f2d.o ABSOLUTE
    ../fplib/microlib/fpadd.c                0x00000000   Number         0  dadd.o ABSOLUTE
    ../fplib/microlib/fpdiv.c                0x00000000   Number         0  ddiv.o ABSOLUTE
    ../fplib/microlib/fpepilogue.c           0x00000000   Number         0  depilogue.o ABSOLUTE
    ../fplib/microlib/fpfix.c                0x00000000   Number         0  dfixul.o ABSOLUTE
    ../fplib/microlib/fpmul.c                0x00000000   Number         0  dmul.o ABSOLUTE
    ..\..\..\..\..\Drivers\BSP\STM32F4xx-Nucleo\stm32f4xx_nucleo.c 0x00000000   Number         0  stm32f4xx_nucleo.o ABSOLUTE
    ..\..\..\..\..\Drivers\STM32F4xx_HAL_Driver\Src\stm32f4xx_hal.c 0x00000000   Number         0  stm32f4xx_hal.o ABSOLUTE
    ..\..\..\..\..\Drivers\STM32F4xx_HAL_Driver\Src\stm32f4xx_hal_cortex.c 0x00000000   Number         0  stm32f4xx_hal_cortex.o ABSOLUTE
    ..\..\..\..\..\Drivers\STM32F4xx_HAL_Driver\Src\stm32f4xx_hal_dma.c 0x00000000   Number         0  stm32f4xx_hal_dma.o ABSOLUTE
    ..\..\..\..\..\Drivers\STM32F4xx_HAL_Driver\Src\stm32f4xx_hal_flash.c 0x00000000   Number         0  stm32f4xx_hal_flash.o ABSOLUTE
    ..\..\..\..\..\Drivers\STM32F4xx_HAL_Driver\Src\stm32f4xx_hal_flash_ex.c 0x00000000   Number         0  stm32f4xx_hal_flash_ex.o ABSOLUTE
    ..\..\..\..\..\Drivers\STM32F4xx_HAL_Driver\Src\stm32f4xx_hal_gpio.c 0x00000000   Number         0  stm32f4xx_hal_gpio.o ABSOLUTE
    ..\..\..\..\..\Drivers\STM32F4xx_HAL_Driver\Src\stm32f4xx_hal_pwr.c 0x00000000   Number         0  stm32f4xx_hal_pwr.o ABSOLUTE
    ..\..\..\..\..\Drivers\STM32F4xx_HAL_Driver\Src\stm32f4xx_hal_pwr_ex.c 0x00000000   Number         0  stm32f4xx_hal_pwr_ex.o ABSOLUTE
    ..\..\..\..\..\Drivers\STM32F4xx_HAL_Driver\Src\stm32f4xx_hal_rcc.c 0x00000000   Number         0  stm32f4xx_hal_rcc.o ABSOLUTE
    ..\..\..\..\..\Drivers\STM32F4xx_HAL_Driver\Src\stm32f4xx_hal_rcc_ex.c 0x00000000   Number         0  stm32f4xx_hal_rcc_ex.o ABSOLUTE
    ..\..\..\..\..\Drivers\STM32F4xx_HAL_Driver\Src\stm32f4xx_hal_rtc.c 0x00000000   Number         0  stm32f4xx_hal_rtc.o ABSOLUTE
    ..\..\..\..\..\Drivers\STM32F4xx_HAL_Driver\Src\stm32f4xx_hal_spi.c 0x00000000   Number         0  stm32f4xx_hal_spi.o ABSOLUTE
    ..\..\..\..\..\Drivers\STM32F4xx_HAL_Driver\Src\stm32f4xx_hal_tim.c 0x00000000   Number         0  stm32f4xx_hal_tim.o ABSOLUTE
    ..\..\..\..\..\Drivers\STM32F4xx_HAL_Driver\Src\stm32f4xx_hal_tim_ex.c 0x00000000   Number         0  stm32f4xx_hal_tim_ex.o ABSOLUTE
    ..\..\..\..\..\Drivers\STM32F4xx_HAL_Driver\Src\stm32f4xx_hal_uart.c 0x00000000   Number         0  stm32f4xx_hal_uart.o ABSOLUTE
    ..\Src\bsp_uart.c                        0x00000000   Number         0  bsp_uart.o ABSOLUTE
    ..\Src\fls110.c                          0x00000000   Number         0  fls110.o ABSOLUTE
    ..\Src\main.c                            0x00000000   Number         0  main.o ABSOLUTE
    ..\Src\stm32f4xx_hal_msp.c               0x00000000   Number         0  stm32f4xx_hal_msp.o ABSOLUTE
    ..\Src\stm32f4xx_it.c                    0x00000000   Number         0  stm32f4xx_it.o ABSOLUTE
    ..\Src\sw_iic.c                          0x00000000   Number         0  sw_iic.o ABSOLUTE
    ..\Src\system_stm32f4xx.c                0x00000000   Number         0  system_stm32f4xx.o ABSOLUTE
    ..\Src\version_print.c                   0x00000000   Number         0  version_print.o ABSOLUTE
    ..\\..\\..\\..\\..\\Drivers\\BSP\\STM32F4xx-Nucleo\\stm32f4xx_nucleo.c 0x00000000   Number         0  stm32f4xx_nucleo.o ABSOLUTE
    ..\\..\\..\\..\\..\\Drivers\\STM32F4xx_HAL_Driver\\Src\\stm32f4xx_hal.c 0x00000000   Number         0  stm32f4xx_hal.o ABSOLUTE
    ..\\..\\..\\..\\..\\Drivers\\STM32F4xx_HAL_Driver\\Src\\stm32f4xx_hal_cortex.c 0x00000000   Number         0  stm32f4xx_hal_cortex.o ABSOLUTE
    ..\\..\\..\\..\\..\\Drivers\\STM32F4xx_HAL_Driver\\Src\\stm32f4xx_hal_dma.c 0x00000000   Number         0  stm32f4xx_hal_dma.o ABSOLUTE
    ..\\..\\..\\..\\..\\Drivers\\STM32F4xx_HAL_Driver\\Src\\stm32f4xx_hal_flash.c 0x00000000   Number         0  stm32f4xx_hal_flash.o ABSOLUTE
    ..\\..\\..\\..\\..\\Drivers\\STM32F4xx_HAL_Driver\\Src\\stm32f4xx_hal_flash_ex.c 0x00000000   Number         0  stm32f4xx_hal_flash_ex.o ABSOLUTE
    ..\\..\\..\\..\\..\\Drivers\\STM32F4xx_HAL_Driver\\Src\\stm32f4xx_hal_gpio.c 0x00000000   Number         0  stm32f4xx_hal_gpio.o ABSOLUTE
    ..\\..\\..\\..\\..\\Drivers\\STM32F4xx_HAL_Driver\\Src\\stm32f4xx_hal_pwr.c 0x00000000   Number         0  stm32f4xx_hal_pwr.o ABSOLUTE
    ..\\..\\..\\..\\..\\Drivers\\STM32F4xx_HAL_Driver\\Src\\stm32f4xx_hal_pwr_ex.c 0x00000000   Number         0  stm32f4xx_hal_pwr_ex.o ABSOLUTE
    ..\\..\\..\\..\\..\\Drivers\\STM32F4xx_HAL_Driver\\Src\\stm32f4xx_hal_rcc.c 0x00000000   Number         0  stm32f4xx_hal_rcc.o ABSOLUTE
    ..\\..\\..\\..\\..\\Drivers\\STM32F4xx_HAL_Driver\\Src\\stm32f4xx_hal_rcc_ex.c 0x00000000   Number         0  stm32f4xx_hal_rcc_ex.o ABSOLUTE
    ..\\..\\..\\..\\..\\Drivers\\STM32F4xx_HAL_Driver\\Src\\stm32f4xx_hal_rtc.c 0x00000000   Number         0  stm32f4xx_hal_rtc.o ABSOLUTE
    ..\\..\\..\\..\\..\\Drivers\\STM32F4xx_HAL_Driver\\Src\\stm32f4xx_hal_spi.c 0x00000000   Number         0  stm32f4xx_hal_spi.o ABSOLUTE
    ..\\..\\..\\..\\..\\Drivers\\STM32F4xx_HAL_Driver\\Src\\stm32f4xx_hal_tim.c 0x00000000   Number         0  stm32f4xx_hal_tim.o ABSOLUTE
    ..\\..\\..\\..\\..\\Drivers\\STM32F4xx_HAL_Driver\\Src\\stm32f4xx_hal_tim_ex.c 0x00000000   Number         0  stm32f4xx_hal_tim_ex.o ABSOLUTE
    ..\\..\\..\\..\\..\\Drivers\\STM32F4xx_HAL_Driver\\Src\\stm32f4xx_hal_uart.c 0x00000000   Number         0  stm32f4xx_hal_uart.o ABSOLUTE
    ..\\Src\\bsp_uart.c                      0x00000000   Number         0  bsp_uart.o ABSOLUTE
    ..\\Src\\fls110.c                        0x00000000   Number         0  fls110.o ABSOLUTE
    ..\\Src\\main.c                          0x00000000   Number         0  main.o ABSOLUTE
    ..\\Src\\stm32f4xx_hal_msp.c             0x00000000   Number         0  stm32f4xx_hal_msp.o ABSOLUTE
    ..\\Src\\stm32f4xx_it.c                  0x00000000   Number         0  stm32f4xx_it.o ABSOLUTE
    ..\\Src\\sw_iic.c                        0x00000000   Number         0  sw_iic.o ABSOLUTE
    ..\\Src\\system_stm32f4xx.c              0x00000000   Number         0  system_stm32f4xx.o ABSOLUTE
    cdrcmple.s                               0x00000000   Number         0  cdrcmple.o ABSOLUTE
    dc.s                                     0x00000000   Number         0  dc.o ABSOLUTE
    handlers.s                               0x00000000   Number         0  handlers.o ABSOLUTE
    init.s                                   0x00000000   Number         0  init.o ABSOLUTE
    startup_stm32f401xe.s                    0x00000000   Number         0  startup_stm32f401xe.o ABSOLUTE
    RESET                                    0x08000000   Section      404  startup_stm32f401xe.o(RESET)
    .ARM.Collect$$$$00000000                 0x08000194   Section        0  entry.o(.ARM.Collect$$$$00000000)
    .ARM.Collect$$$$00000001                 0x08000194   Section        4  entry2.o(.ARM.Collect$$$$00000001)
    .ARM.Collect$$$$00000004                 0x08000198   Section        4  entry5.o(.ARM.Collect$$$$00000004)
    .ARM.Collect$$$$00000008                 0x0800019c   Section        0  entry7b.o(.ARM.Collect$$$$00000008)
    .ARM.Collect$$$$0000000A                 0x0800019c   Section        0  entry8b.o(.ARM.Collect$$$$0000000A)
    .ARM.Collect$$$$0000000B                 0x0800019c   Section        8  entry9a.o(.ARM.Collect$$$$0000000B)
    .ARM.Collect$$$$0000000E                 0x080001a4   Section        4  entry12b.o(.ARM.Collect$$$$0000000E)
    .ARM.Collect$$$$0000000F                 0x080001a8   Section        0  entry10a.o(.ARM.Collect$$$$0000000F)
    .ARM.Collect$$$$00000011                 0x080001a8   Section        0  entry11a.o(.ARM.Collect$$$$00000011)
    .ARM.Collect$$$$00002712                 0x080001a8   Section        4  entry2.o(.ARM.Collect$$$$00002712)
    __lit__00000000                          0x080001a8   Data           4  entry2.o(.ARM.Collect$$$$00002712)
    .text                                    0x080001ac   Section       36  startup_stm32f401xe.o(.text)
    $v0                                      0x080001ac   Number         0  startup_stm32f401xe.o(.text)
    .text                                    0x080001d0   Section        0  uldiv.o(.text)
    .text                                    0x08000232   Section        0  memseta.o(.text)
    .text                                    0x08000256   Section        0  strcmp.o(.text)
    .text                                    0x08000272   Section        0  atoi.o(.text)
    .text                                    0x0800028c   Section        0  uidiv.o(.text)
    .text                                    0x080002b8   Section        0  llshl.o(.text)
    .text                                    0x080002d6   Section        0  llushr.o(.text)
    .text                                    0x080002f6   Section        0  strtol.o(.text)
    .text                                    0x08000366   Section        0  dadd.o(.text)
    .text                                    0x08000366   Section        0  iusefp.o(.text)
    .text                                    0x080004b4   Section        0  dmul.o(.text)
    .text                                    0x08000598   Section        0  ddiv.o(.text)
    .text                                    0x08000676   Section        0  dfixul.o(.text)
    .text                                    0x080006a8   Section       48  cdrcmple.o(.text)
    .text                                    0x080006d8   Section       36  init.o(.text)
    .text                                    0x080006fc   Section        0  llsshr.o(.text)
    .text                                    0x08000720   Section        0  ctype_o.o(.text)
    .text                                    0x08000728   Section        0  _strtoul.o(.text)
    .text                                    0x080007c6   Section        0  depilogue.o(.text)
    .text                                    0x08000880   Section        0  _chval.o(.text)
    i.BSP_COM_Init                           0x0800089c   Section        0  bsp_uart.o(i.BSP_COM_Init)
    i.BSP_Device_Init                        0x08000970   Section        0  main.o(i.BSP_Device_Init)
    BSP_Device_Init                          0x08000971   Thumb Code    14  main.o(i.BSP_Device_Init)
    i.BSP_LED_Init                           0x08000980   Section        0  stm32f4xx_nucleo.o(i.BSP_LED_Init)
    i.BSP_LED_On                             0x080009e8   Section        0  stm32f4xx_nucleo.o(i.BSP_LED_On)
    i.BSP_STDIO_Init                         0x08000a08   Section        0  bsp_uart.o(i.BSP_STDIO_Init)
    i.BSP_UART_Init                          0x08000adc   Section        0  bsp_uart.o(i.BSP_UART_Init)
    i.BusFault_Handler                       0x08000ae8   Section        0  stm32f4xx_it.o(i.BusFault_Handler)
    i.DMA_CalcBaseAndBitshift                0x08000aec   Section        0  stm32f4xx_hal_dma.o(i.DMA_CalcBaseAndBitshift)
    DMA_CalcBaseAndBitshift                  0x08000aed   Thumb Code    46  stm32f4xx_hal_dma.o(i.DMA_CalcBaseAndBitshift)
    i.DMA_CheckFifoParam                     0x08000b20   Section        0  stm32f4xx_hal_dma.o(i.DMA_CheckFifoParam)
    DMA_CheckFifoParam                       0x08000b21   Thumb Code   170  stm32f4xx_hal_dma.o(i.DMA_CheckFifoParam)
    i.DebugMon_Handler                       0x08000bca   Section        0  stm32f4xx_it.o(i.DebugMon_Handler)
    i.Error_Handler                          0x08000bcc   Section        0  main.o(i.Error_Handler)
    i.Error_Handler                          0x08000be4   Section        0  bsp_uart.o(i.Error_Handler)
    Error_Handler                            0x08000be5   Thumb Code    16  bsp_uart.o(i.Error_Handler)
    i.FLS110_Check_FW_ID                     0x08000bfc   Section        0  fls110.o(i.FLS110_Check_FW_ID)
    FLS110_Check_FW_ID                       0x08000bfd   Thumb Code    52  fls110.o(i.FLS110_Check_FW_ID)
    i.FLS110_Check_Unique_ID                 0x08000c4c   Section        0  fls110.o(i.FLS110_Check_Unique_ID)
    FLS110_Check_Unique_ID                   0x08000c4d   Thumb Code    66  fls110.o(i.FLS110_Check_Unique_ID)
    i.FLS110_Reg_Read                        0x08000cac   Section        0  fls110.o(i.FLS110_Reg_Read)
    FLS110_Reg_Read                          0x08000cad   Thumb Code    30  fls110.o(i.FLS110_Reg_Read)
    i.FLS110_Reg_Write                       0x08000cca   Section        0  fls110.o(i.FLS110_Reg_Write)
    FLS110_Reg_Write                         0x08000ccb   Thumb Code    30  fls110.o(i.FLS110_Reg_Write)
    i.FLS110_Sensor_Init                     0x08000ce8   Section        0  fls110.o(i.FLS110_Sensor_Init)
    i.FLS110_Sensor_Start                    0x08000d1c   Section        0  fls110.o(i.FLS110_Sensor_Start)
    i.FLS110_Set_Avg                         0x08000d28   Section        0  fls110.o(i.FLS110_Set_Avg)
    FLS110_Set_Avg                           0x08000d29   Thumb Code   100  fls110.o(i.FLS110_Set_Avg)
    i.FLS110_Set_Basis                       0x08000df0   Section        0  fls110.o(i.FLS110_Set_Basis)
    FLS110_Set_Basis                         0x08000df1   Thumb Code   100  fls110.o(i.FLS110_Set_Basis)
    i.FLS110_Set_Mode                        0x08000ebc   Section        0  fls110.o(i.FLS110_Set_Mode)
    FLS110_Set_Mode                          0x08000ebd   Thumb Code   100  fls110.o(i.FLS110_Set_Mode)
    i.FLS_I2C_Init                           0x08000f84   Section        0  fls110.o(i.FLS_I2C_Init)
    i.HAL_DMA_Init                           0x08000f8c   Section        0  stm32f4xx_hal_dma.o(i.HAL_DMA_Init)
    i.HAL_Delay                              0x08001078   Section        0  stm32f4xx_hal.o(i.HAL_Delay)
    i.HAL_GPIO_Init                          0x080010a0   Section        0  stm32f4xx_hal_gpio.o(i.HAL_GPIO_Init)
    i.HAL_GPIO_ReadPin                       0x08001278   Section        0  stm32f4xx_hal_gpio.o(i.HAL_GPIO_ReadPin)
    i.HAL_GPIO_WritePin                      0x08001288   Section        0  stm32f4xx_hal_gpio.o(i.HAL_GPIO_WritePin)
    i.HAL_GetTick                            0x08001294   Section        0  stm32f4xx_hal.o(i.HAL_GetTick)
    i.HAL_IncTick                            0x080012a0   Section        0  stm32f4xx_hal.o(i.HAL_IncTick)
    i.HAL_Init                               0x080012b8   Section        0  stm32f4xx_hal.o(i.HAL_Init)
    i.HAL_InitTick                           0x080012f4   Section        0  stm32f4xx_hal.o(i.HAL_InitTick)
    i.HAL_MspInit                            0x08001340   Section        0  stm32f4xx_hal.o(i.HAL_MspInit)
    i.HAL_NVIC_EnableIRQ                     0x08001342   Section        0  stm32f4xx_hal_cortex.o(i.HAL_NVIC_EnableIRQ)
    i.HAL_NVIC_SetPriority                   0x0800136a   Section        0  stm32f4xx_hal_cortex.o(i.HAL_NVIC_SetPriority)
    i.HAL_NVIC_SetPriorityGrouping           0x080013e8   Section        0  stm32f4xx_hal_cortex.o(i.HAL_NVIC_SetPriorityGrouping)
    i.HAL_RCC_ClockConfig                    0x08001410   Section        0  stm32f4xx_hal_rcc.o(i.HAL_RCC_ClockConfig)
    i.HAL_RCC_GetHCLKFreq                    0x08001594   Section        0  stm32f4xx_hal_rcc.o(i.HAL_RCC_GetHCLKFreq)
    i.HAL_RCC_GetPCLK1Freq                   0x080015a0   Section        0  stm32f4xx_hal_rcc.o(i.HAL_RCC_GetPCLK1Freq)
    i.HAL_RCC_GetPCLK2Freq                   0x080015c0   Section        0  stm32f4xx_hal_rcc.o(i.HAL_RCC_GetPCLK2Freq)
    i.HAL_RCC_GetSysClockFreq                0x080015e0   Section        0  stm32f4xx_hal_rcc.o(i.HAL_RCC_GetSysClockFreq)
    i.HAL_RCC_OscConfig                      0x08001690   Section        0  stm32f4xx_hal_rcc.o(i.HAL_RCC_OscConfig)
    i.HAL_SYSTICK_Config                     0x08001b2c   Section        0  stm32f4xx_hal_cortex.o(i.HAL_SYSTICK_Config)
    i.HAL_TIMEx_MasterConfigSynchronization  0x08001b60   Section        0  stm32f4xx_hal_tim_ex.o(i.HAL_TIMEx_MasterConfigSynchronization)
    i.HAL_TIM_Base_Init                      0x08001bfc   Section        0  stm32f4xx_hal_tim.o(i.HAL_TIM_Base_Init)
    i.HAL_TIM_Base_MspInit                   0x08001c62   Section        0  stm32f4xx_hal_tim.o(i.HAL_TIM_Base_MspInit)
    i.HAL_TIM_ConfigClockSource              0x08001c64   Section        0  stm32f4xx_hal_tim.o(i.HAL_TIM_ConfigClockSource)
    i.HAL_UART_Init                          0x08001d6c   Section        0  stm32f4xx_hal_uart.o(i.HAL_UART_Init)
    i.HAL_UART_MspInit                       0x08001de0   Section        0  stm32f4xx_hal_msp.o(i.HAL_UART_MspInit)
    i.HAL_UART_Transmit                      0x08001f6c   Section        0  stm32f4xx_hal_uart.o(i.HAL_UART_Transmit)
    i.HardFault_Handler                      0x0800203e   Section        0  stm32f4xx_it.o(i.HardFault_Handler)
    i.MX_TIM2_Init                           0x08002044   Section        0  sw_iic.o(i.MX_TIM2_Init)
    MX_TIM2_Init                             0x08002045   Thumb Code   130  sw_iic.o(i.MX_TIM2_Init)
    i.MemManage_Handler                      0x080020d0   Section        0  stm32f4xx_it.o(i.MemManage_Handler)
    i.NMI_Handler                            0x080020d4   Section        0  stm32f4xx_it.o(i.NMI_Handler)
    i.PendSV_Handler                         0x080020d6   Section        0  stm32f4xx_it.o(i.PendSV_Handler)
    i.PrintVersion                           0x080020d8   Section        0  version_print.o(i.PrintVersion)
    i.SVC_Handler                            0x080021f0   Section        0  stm32f4xx_it.o(i.SVC_Handler)
    i.SysTick_Handler                        0x080021f2   Section        0  stm32f4xx_it.o(i.SysTick_Handler)
    i.SystemClock_Config                     0x080021fc   Section        0  main.o(i.SystemClock_Config)
    SystemClock_Config                       0x080021fd   Thumb Code   178  main.o(i.SystemClock_Config)
    i.SystemInit                             0x080022b8   Section        0  system_stm32f4xx.o(i.SystemInit)
    i.TIM_Base_SetConfig                     0x0800231c   Section        0  stm32f4xx_hal_tim.o(i.TIM_Base_SetConfig)
    i.TIM_ETR_SetConfig                      0x080023c0   Section        0  stm32f4xx_hal_tim.o(i.TIM_ETR_SetConfig)
    i.TIM_ITRx_SetConfig                     0x080023d6   Section        0  stm32f4xx_hal_tim.o(i.TIM_ITRx_SetConfig)
    TIM_ITRx_SetConfig                       0x080023d7   Thumb Code    18  stm32f4xx_hal_tim.o(i.TIM_ITRx_SetConfig)
    i.TIM_TI1_ConfigInputStage               0x080023e8   Section        0  stm32f4xx_hal_tim.o(i.TIM_TI1_ConfigInputStage)
    TIM_TI1_ConfigInputStage                 0x080023e9   Thumb Code    38  stm32f4xx_hal_tim.o(i.TIM_TI1_ConfigInputStage)
    i.TIM_TI2_ConfigInputStage               0x0800240e   Section        0  stm32f4xx_hal_tim.o(i.TIM_TI2_ConfigInputStage)
    TIM_TI2_ConfigInputStage                 0x0800240f   Thumb Code    40  stm32f4xx_hal_tim.o(i.TIM_TI2_ConfigInputStage)
    i.UART_SetConfig                         0x08002438   Section        0  stm32f4xx_hal_uart.o(i.UART_SetConfig)
    UART_SetConfig                           0x08002439   Thumb Code   546  stm32f4xx_hal_uart.o(i.UART_SetConfig)
    i.UART_WaitOnFlagUntilTimeout            0x08002664   Section        0  stm32f4xx_hal_uart.o(i.UART_WaitOnFlagUntilTimeout)
    UART_WaitOnFlagUntilTimeout              0x08002665   Thumb Code   108  stm32f4xx_hal_uart.o(i.UART_WaitOnFlagUntilTimeout)
    i.UsageFault_Handler                     0x080026d0   Section        0  stm32f4xx_it.o(i.UsageFault_Handler)
    i.__0printf                              0x080026d4   Section        0  printfa.o(i.__0printf)
    i.__NVIC_GetPriorityGrouping             0x080026f4   Section        0  stm32f4xx_hal_cortex.o(i.__NVIC_GetPriorityGrouping)
    __NVIC_GetPriorityGrouping               0x080026f5   Thumb Code    10  stm32f4xx_hal_cortex.o(i.__NVIC_GetPriorityGrouping)
    i.__NVIC_SetPriority                     0x08002704   Section        0  stm32f4xx_hal_cortex.o(i.__NVIC_SetPriority)
    __NVIC_SetPriority                       0x08002705   Thumb Code    32  stm32f4xx_hal_cortex.o(i.__NVIC_SetPriority)
    i.__aeabi_errno_addr                     0x0800272c   Section        0  errno.o(i.__aeabi_errno_addr)
    i.__scatterload_copy                     0x08002734   Section       14  handlers.o(i.__scatterload_copy)
    i.__scatterload_null                     0x08002742   Section        2  handlers.o(i.__scatterload_null)
    i.__scatterload_zeroinit                 0x08002744   Section       14  handlers.o(i.__scatterload_zeroinit)
    i._fp_digits                             0x08002754   Section        0  printfa.o(i._fp_digits)
    _fp_digits                               0x08002755   Thumb Code   366  printfa.o(i._fp_digits)
    i._printf_core                           0x080028d8   Section        0  printfa.o(i._printf_core)
    _printf_core                             0x080028d9   Thumb Code  1704  printfa.o(i._printf_core)
    i._printf_post_padding                   0x08002f8c   Section        0  printfa.o(i._printf_post_padding)
    _printf_post_padding                     0x08002f8d   Thumb Code    36  printfa.o(i._printf_post_padding)
    i._printf_pre_padding                    0x08002fb0   Section        0  printfa.o(i._printf_pre_padding)
    _printf_pre_padding                      0x08002fb1   Thumb Code    46  printfa.o(i._printf_pre_padding)
    i.fputc                                  0x08002fe0   Section        0  bsp_uart.o(i.fputc)
    i.get_app_ver                            0x08002ffc   Section        0  version_print.o(i.get_app_ver)
    get_app_ver                              0x08002ffd   Thumb Code     4  version_print.o(i.get_app_ver)
    i.getdate                                0x08003004   Section        0  version_print.o(i.getdate)
    getdate                                  0x08003005   Thumb Code   244  version_print.o(i.getdate)
    i.i2c_receive_byte                       0x08003114   Section        0  sw_iic.o(i.i2c_receive_byte)
    i2c_receive_byte                         0x08003115   Thumb Code    94  sw_iic.o(i.i2c_receive_byte)
    i.i2c_send_ack                           0x08003178   Section        0  sw_iic.o(i.i2c_send_ack)
    i2c_send_ack                             0x08003179   Thumb Code    56  sw_iic.o(i.i2c_send_ack)
    i.i2c_send_noack                         0x080031b4   Section        0  sw_iic.o(i.i2c_send_noack)
    i2c_send_noack                           0x080031b5   Thumb Code    54  sw_iic.o(i.i2c_send_noack)
    i.main                                   0x080031f0   Section        0  main.o(i.main)
    i.sw_i2c_delay_us                        0x0800320c   Section        0  sw_iic.o(i.sw_i2c_delay_us)
    sw_i2c_delay_us                          0x0800320d   Thumb Code    84  sw_iic.o(i.sw_i2c_delay_us)
    i.sw_i2c_init                            0x08003264   Section        0  sw_iic.o(i.sw_i2c_init)
    i.sw_i2c_receive                         0x080032c4   Section        0  sw_iic.o(i.sw_i2c_receive)
    i.sw_i2c_sda_dir                         0x08003350   Section        0  sw_iic.o(i.sw_i2c_sda_dir)
    sw_i2c_sda_dir                           0x08003351   Thumb Code    54  sw_iic.o(i.sw_i2c_sda_dir)
    i.sw_i2c_send_byte                       0x0800338c   Section        0  sw_iic.o(i.sw_i2c_send_byte)
    sw_i2c_send_byte                         0x0800338d   Thumb Code   112  sw_iic.o(i.sw_i2c_send_byte)
    i.sw_i2c_start                           0x08003400   Section        0  sw_iic.o(i.sw_i2c_start)
    sw_i2c_start                             0x08003401   Thumb Code    54  sw_iic.o(i.sw_i2c_start)
    i.sw_i2c_stop                            0x0800343c   Section        0  sw_iic.o(i.sw_i2c_stop)
    sw_i2c_stop                              0x0800343d   Thumb Code    88  sw_iic.o(i.sw_i2c_stop)
    i.sw_i2c_transmit                        0x08003498   Section        0  sw_iic.o(i.sw_i2c_transmit)
    i.sw_i2c_wait_ack                        0x08003504   Section        0  sw_iic.o(i.sw_i2c_wait_ack)
    sw_i2c_wait_ack                          0x08003505   Thumb Code    80  sw_iic.o(i.sw_i2c_wait_ack)
    .constdata                               0x08003570   Section        5  stm32f4xx_nucleo.o(.constdata)
    .constdata                               0x08003575   Section       24  system_stm32f4xx.o(.constdata)
    .constdata                               0x0800358d   Section        8  stm32f4xx_hal_dma.o(.constdata)
    flagBitshiftOffset                       0x0800358d   Data           8  stm32f4xx_hal_dma.o(.constdata)
    .constdata                               0x08003595   Section      129  ctype_o.o(.constdata)
    .constdata                               0x08003618   Section        4  ctype_o.o(.constdata)
    table                                    0x08003618   Data           4  ctype_o.o(.constdata)
    .conststring                             0x0800361c   Section       48  version_print.o(.conststring)
    .data                                    0x20000000   Section      100  version_print.o(.data)
    app_ver_str                              0x20000000   Data          50  version_print.o(.data)
    .data                                    0x20000064   Section       12  stm32f4xx_nucleo.o(.data)
    .data                                    0x20000070   Section        4  system_stm32f4xx.o(.data)
    .data                                    0x20000074   Section        9  stm32f4xx_hal.o(.data)
    .data                                    0x20000080   Section        4  stdout.o(.data)
    .data                                    0x20000084   Section        4  errno.o(.data)
    _errno                                   0x20000084   Data           4  errno.o(.data)
    .bss                                     0x20000088   Section      384  stm32f4xx_hal_msp.o(.bss)
    hdma_tx                                  0x20000088   Data          96  stm32f4xx_hal_msp.o(.bss)
    hdma_rx                                  0x200000e8   Data          96  stm32f4xx_hal_msp.o(.bss)
    hdma_tx                                  0x20000148   Data          96  stm32f4xx_hal_msp.o(.bss)
    hdma_rx                                  0x200001a8   Data          96  stm32f4xx_hal_msp.o(.bss)
    .bss                                     0x20000208   Section      156  bsp_uart.o(.bss)
    UartStdio                                0x20000208   Data          68  bsp_uart.o(.bss)
    UartCom                                  0x2000024c   Data          68  bsp_uart.o(.bss)
    UartComInterface                         0x20000290   Data          20  bsp_uart.o(.bss)
    .bss                                     0x200002a4   Section       72  sw_iic.o(.bss)
    STACK                                    0x200002f0   Section     1024  startup_stm32f401xe.o(STACK)

    Global Symbols

    Symbol Name                              Value     Ov Type        Size  Object(Section)

    BuildAttributes$$THM_ISAv4$E$P$D$K$B$S$7EM$VFPi3$EXTD16$VFPS$VFMA$PE$A:L22UL41UL21$X:L11$S22US41US21$IEEE1$IW$USESV6$~STKCKD$USESV7$~SHL$OSPACE$ROPI$EBA8$MICROLIB$REQ8$PRES8$EABIv2 0x00000000   Number         0  anon$$obj.o ABSOLUTE
    __ARM_use_no_argv                        0x00000000   Number         0  main.o ABSOLUTE
    _printf_a                                0x00000000   Number         0  stubs.o ABSOLUTE
    _printf_c                                0x00000000   Number         0  stubs.o ABSOLUTE
    _printf_charcount                        0x00000000   Number         0  stubs.o ABSOLUTE
    _printf_d                                0x00000000   Number         0  stubs.o ABSOLUTE
    _printf_e                                0x00000000   Number         0  stubs.o ABSOLUTE
    _printf_f                                0x00000000   Number         0  stubs.o ABSOLUTE
    _printf_flags                            0x00000000   Number         0  stubs.o ABSOLUTE
    _printf_fp_dec                           0x00000000   Number         0  stubs.o ABSOLUTE
    _printf_fp_hex                           0x00000000   Number         0  stubs.o ABSOLUTE
    _printf_g                                0x00000000   Number         0  stubs.o ABSOLUTE
    _printf_i                                0x00000000   Number         0  stubs.o ABSOLUTE
    _printf_int_dec                          0x00000000   Number         0  stubs.o ABSOLUTE
    _printf_l                                0x00000000   Number         0  stubs.o ABSOLUTE
    _printf_lc                               0x00000000   Number         0  stubs.o ABSOLUTE
    _printf_ll                               0x00000000   Number         0  stubs.o ABSOLUTE
    _printf_lld                              0x00000000   Number         0  stubs.o ABSOLUTE
    _printf_lli                              0x00000000   Number         0  stubs.o ABSOLUTE
    _printf_llo                              0x00000000   Number         0  stubs.o ABSOLUTE
    _printf_llu                              0x00000000   Number         0  stubs.o ABSOLUTE
    _printf_llx                              0x00000000   Number         0  stubs.o ABSOLUTE
    _printf_longlong_dec                     0x00000000   Number         0  stubs.o ABSOLUTE
    _printf_longlong_hex                     0x00000000   Number         0  stubs.o ABSOLUTE
    _printf_longlong_oct                     0x00000000   Number         0  stubs.o ABSOLUTE
    _printf_ls                               0x00000000   Number         0  stubs.o ABSOLUTE
    _printf_mbtowc                           0x00000000   Number         0  stubs.o ABSOLUTE
    _printf_n                                0x00000000   Number         0  stubs.o ABSOLUTE
    _printf_o                                0x00000000   Number         0  stubs.o ABSOLUTE
    _printf_p                                0x00000000   Number         0  stubs.o ABSOLUTE
    _printf_percent                          0x00000000   Number         0  stubs.o ABSOLUTE
    _printf_pre_padding                      0x00000000   Number         0  stubs.o ABSOLUTE
    _printf_return_value                     0x00000000   Number         0  stubs.o ABSOLUTE
    _printf_s                                0x00000000   Number         0  stubs.o ABSOLUTE
    _printf_sizespec                         0x00000000   Number         0  stubs.o ABSOLUTE
    _printf_str                              0x00000000   Number         0  stubs.o ABSOLUTE
    _printf_truncate_signed                  0x00000000   Number         0  stubs.o ABSOLUTE
    _printf_truncate_unsigned                0x00000000   Number         0  stubs.o ABSOLUTE
    _printf_u                                0x00000000   Number         0  stubs.o ABSOLUTE
    _printf_wc                               0x00000000   Number         0  stubs.o ABSOLUTE
    _printf_wctomb                           0x00000000   Number         0  stubs.o ABSOLUTE
    _printf_widthprec                        0x00000000   Number         0  stubs.o ABSOLUTE
    _printf_x                                0x00000000   Number         0  stubs.o ABSOLUTE
    __arm_fini_                               - Undefined Weak Reference
    __cpp_initialize__aeabi_                  - Undefined Weak Reference
    __cxa_finalize                            - Undefined Weak Reference
    __decompress                              - Undefined Weak Reference
    _clock_init                               - Undefined Weak Reference
    _microlib_exit                            - Undefined Weak Reference
    __Vectors_Size                           0x00000194   Number         0  startup_stm32f401xe.o ABSOLUTE
    __Vectors                                0x08000000   Data           4  startup_stm32f401xe.o(RESET)
    __Vectors_End                            0x08000194   Data           0  startup_stm32f401xe.o(RESET)
    __main                                   0x08000195   Thumb Code     0  entry.o(.ARM.Collect$$$$00000000)
    _main_stk                                0x08000195   Thumb Code     0  entry2.o(.ARM.Collect$$$$00000001)
    _main_scatterload                        0x08000199   Thumb Code     0  entry5.o(.ARM.Collect$$$$00000004)
    __main_after_scatterload                 0x0800019d   Thumb Code     0  entry5.o(.ARM.Collect$$$$00000004)
    _main_clock                              0x0800019d   Thumb Code     0  entry7b.o(.ARM.Collect$$$$00000008)
    _main_cpp_init                           0x0800019d   Thumb Code     0  entry8b.o(.ARM.Collect$$$$0000000A)
    _main_init                               0x0800019d   Thumb Code     0  entry9a.o(.ARM.Collect$$$$0000000B)
    __rt_lib_shutdown_fini                   0x080001a5   Thumb Code     0  entry12b.o(.ARM.Collect$$$$0000000E)
    __rt_final_cpp                           0x080001a9   Thumb Code     0  entry10a.o(.ARM.Collect$$$$0000000F)
    __rt_final_exit                          0x080001a9   Thumb Code     0  entry11a.o(.ARM.Collect$$$$00000011)
    Reset_Handler                            0x080001ad   Thumb Code     8  startup_stm32f401xe.o(.text)
    ADC_IRQHandler                           0x080001c7   Thumb Code     0  startup_stm32f401xe.o(.text)
    DMA1_Stream0_IRQHandler                  0x080001c7   Thumb Code     0  startup_stm32f401xe.o(.text)
    DMA1_Stream1_IRQHandler                  0x080001c7   Thumb Code     0  startup_stm32f401xe.o(.text)
    DMA1_Stream2_IRQHandler                  0x080001c7   Thumb Code     0  startup_stm32f401xe.o(.text)
    DMA1_Stream3_IRQHandler                  0x080001c7   Thumb Code     0  startup_stm32f401xe.o(.text)
    DMA1_Stream4_IRQHandler                  0x080001c7   Thumb Code     0  startup_stm32f401xe.o(.text)
    DMA1_Stream5_IRQHandler                  0x080001c7   Thumb Code     0  startup_stm32f401xe.o(.text)
    DMA1_Stream6_IRQHandler                  0x080001c7   Thumb Code     0  startup_stm32f401xe.o(.text)
    DMA1_Stream7_IRQHandler                  0x080001c7   Thumb Code     0  startup_stm32f401xe.o(.text)
    DMA2_Stream0_IRQHandler                  0x080001c7   Thumb Code     0  startup_stm32f401xe.o(.text)
    DMA2_Stream1_IRQHandler                  0x080001c7   Thumb Code     0  startup_stm32f401xe.o(.text)
    DMA2_Stream2_IRQHandler                  0x080001c7   Thumb Code     0  startup_stm32f401xe.o(.text)
    DMA2_Stream3_IRQHandler                  0x080001c7   Thumb Code     0  startup_stm32f401xe.o(.text)
    DMA2_Stream4_IRQHandler                  0x080001c7   Thumb Code     0  startup_stm32f401xe.o(.text)
    DMA2_Stream5_IRQHandler                  0x080001c7   Thumb Code     0  startup_stm32f401xe.o(.text)
    DMA2_Stream6_IRQHandler                  0x080001c7   Thumb Code     0  startup_stm32f401xe.o(.text)
    DMA2_Stream7_IRQHandler                  0x080001c7   Thumb Code     0  startup_stm32f401xe.o(.text)
    EXTI0_IRQHandler                         0x080001c7   Thumb Code     0  startup_stm32f401xe.o(.text)
    EXTI15_10_IRQHandler                     0x080001c7   Thumb Code     0  startup_stm32f401xe.o(.text)
    EXTI1_IRQHandler                         0x080001c7   Thumb Code     0  startup_stm32f401xe.o(.text)
    EXTI2_IRQHandler                         0x080001c7   Thumb Code     0  startup_stm32f401xe.o(.text)
    EXTI3_IRQHandler                         0x080001c7   Thumb Code     0  startup_stm32f401xe.o(.text)
    EXTI4_IRQHandler                         0x080001c7   Thumb Code     0  startup_stm32f401xe.o(.text)
    EXTI9_5_IRQHandler                       0x080001c7   Thumb Code     0  startup_stm32f401xe.o(.text)
    FLASH_IRQHandler                         0x080001c7   Thumb Code     0  startup_stm32f401xe.o(.text)
    FPU_IRQHandler                           0x080001c7   Thumb Code     0  startup_stm32f401xe.o(.text)
    I2C1_ER_IRQHandler                       0x080001c7   Thumb Code     0  startup_stm32f401xe.o(.text)
    I2C1_EV_IRQHandler                       0x080001c7   Thumb Code     0  startup_stm32f401xe.o(.text)
    I2C2_ER_IRQHandler                       0x080001c7   Thumb Code     0  startup_stm32f401xe.o(.text)
    I2C2_EV_IRQHandler                       0x080001c7   Thumb Code     0  startup_stm32f401xe.o(.text)
    I2C3_ER_IRQHandler                       0x080001c7   Thumb Code     0  startup_stm32f401xe.o(.text)
    I2C3_EV_IRQHandler                       0x080001c7   Thumb Code     0  startup_stm32f401xe.o(.text)
    OTG_FS_IRQHandler                        0x080001c7   Thumb Code     0  startup_stm32f401xe.o(.text)
    OTG_FS_WKUP_IRQHandler                   0x080001c7   Thumb Code     0  startup_stm32f401xe.o(.text)
    PVD_IRQHandler                           0x080001c7   Thumb Code     0  startup_stm32f401xe.o(.text)
    RCC_IRQHandler                           0x080001c7   Thumb Code     0  startup_stm32f401xe.o(.text)
    RTC_Alarm_IRQHandler                     0x080001c7   Thumb Code     0  startup_stm32f401xe.o(.text)
    RTC_WKUP_IRQHandler                      0x080001c7   Thumb Code     0  startup_stm32f401xe.o(.text)
    SDIO_IRQHandler                          0x080001c7   Thumb Code     0  startup_stm32f401xe.o(.text)
    SPI1_IRQHandler                          0x080001c7   Thumb Code     0  startup_stm32f401xe.o(.text)
    SPI2_IRQHandler                          0x080001c7   Thumb Code     0  startup_stm32f401xe.o(.text)
    SPI3_IRQHandler                          0x080001c7   Thumb Code     0  startup_stm32f401xe.o(.text)
    SPI4_IRQHandler                          0x080001c7   Thumb Code     0  startup_stm32f401xe.o(.text)
    TAMP_STAMP_IRQHandler                    0x080001c7   Thumb Code     0  startup_stm32f401xe.o(.text)
    TIM1_BRK_TIM9_IRQHandler                 0x080001c7   Thumb Code     0  startup_stm32f401xe.o(.text)
    TIM1_CC_IRQHandler                       0x080001c7   Thumb Code     0  startup_stm32f401xe.o(.text)
    TIM1_TRG_COM_TIM11_IRQHandler            0x080001c7   Thumb Code     0  startup_stm32f401xe.o(.text)
    TIM1_UP_TIM10_IRQHandler                 0x080001c7   Thumb Code     0  startup_stm32f401xe.o(.text)
    TIM2_IRQHandler                          0x080001c7   Thumb Code     0  startup_stm32f401xe.o(.text)
    TIM3_IRQHandler                          0x080001c7   Thumb Code     0  startup_stm32f401xe.o(.text)
    TIM4_IRQHandler                          0x080001c7   Thumb Code     0  startup_stm32f401xe.o(.text)
    TIM5_IRQHandler                          0x080001c7   Thumb Code     0  startup_stm32f401xe.o(.text)
    USART1_IRQHandler                        0x080001c7   Thumb Code     0  startup_stm32f401xe.o(.text)
    USART2_IRQHandler                        0x080001c7   Thumb Code     0  startup_stm32f401xe.o(.text)
    USART6_IRQHandler                        0x080001c7   Thumb Code     0  startup_stm32f401xe.o(.text)
    WWDG_IRQHandler                          0x080001c7   Thumb Code     0  startup_stm32f401xe.o(.text)
    __aeabi_uldivmod                         0x080001d1   Thumb Code    98  uldiv.o(.text)
    __aeabi_memset                           0x08000233   Thumb Code    14  memseta.o(.text)
    __aeabi_memset4                          0x08000233   Thumb Code     0  memseta.o(.text)
    __aeabi_memset8                          0x08000233   Thumb Code     0  memseta.o(.text)
    __aeabi_memclr                           0x08000241   Thumb Code     4  memseta.o(.text)
    __aeabi_memclr4                          0x08000241   Thumb Code     0  memseta.o(.text)
    __aeabi_memclr8                          0x08000241   Thumb Code     0  memseta.o(.text)
    _memset$wrapper                          0x08000245   Thumb Code    18  memseta.o(.text)
    strcmp                                   0x08000257   Thumb Code    28  strcmp.o(.text)
    atoi                                     0x08000273   Thumb Code    26  atoi.o(.text)
    __aeabi_uidiv                            0x0800028d   Thumb Code     0  uidiv.o(.text)
    __aeabi_uidivmod                         0x0800028d   Thumb Code    44  uidiv.o(.text)
    __aeabi_llsl                             0x080002b9   Thumb Code    30  llshl.o(.text)
    _ll_shift_l                              0x080002b9   Thumb Code     0  llshl.o(.text)
    __aeabi_llsr                             0x080002d7   Thumb Code    32  llushr.o(.text)
    _ll_ushift_r                             0x080002d7   Thumb Code     0  llushr.o(.text)
    strtol                                   0x080002f7   Thumb Code   112  strtol.o(.text)
    __I$use$fp                               0x08000367   Thumb Code     0  iusefp.o(.text)
    __aeabi_dadd                             0x08000367   Thumb Code   322  dadd.o(.text)
    __aeabi_dsub                             0x080004a9   Thumb Code     6  dadd.o(.text)
    __aeabi_drsub                            0x080004af   Thumb Code     6  dadd.o(.text)
    __aeabi_dmul                             0x080004b5   Thumb Code   228  dmul.o(.text)
    __aeabi_ddiv                             0x08000599   Thumb Code   222  ddiv.o(.text)
    __aeabi_d2ulz                            0x08000677   Thumb Code    48  dfixul.o(.text)
    __aeabi_cdrcmple                         0x080006a9   Thumb Code    48  cdrcmple.o(.text)
    __scatterload                            0x080006d9   Thumb Code    28  init.o(.text)
    __scatterload_rt2                        0x080006d9   Thumb Code     0  init.o(.text)
    __aeabi_lasr                             0x080006fd   Thumb Code    36  llsshr.o(.text)
    _ll_sshift_r                             0x080006fd   Thumb Code     0  llsshr.o(.text)
    __rt_ctype_table                         0x08000721   Thumb Code     4  ctype_o.o(.text)
    _strtoul                                 0x08000729   Thumb Code   158  _strtoul.o(.text)
    _double_round                            0x080007c7   Thumb Code    30  depilogue.o(.text)
    _double_epilogue                         0x080007e5   Thumb Code   156  depilogue.o(.text)
    _chval                                   0x08000881   Thumb Code    28  _chval.o(.text)
    BSP_COM_Init                             0x0800089d   Thumb Code   196  bsp_uart.o(i.BSP_COM_Init)
    BSP_LED_Init                             0x08000981   Thumb Code    92  stm32f4xx_nucleo.o(i.BSP_LED_Init)
    BSP_LED_On                               0x080009e9   Thumb Code    24  stm32f4xx_nucleo.o(i.BSP_LED_On)
    BSP_STDIO_Init                           0x08000a09   Thumb Code   194  bsp_uart.o(i.BSP_STDIO_Init)
    BSP_UART_Init                            0x08000add   Thumb Code    12  bsp_uart.o(i.BSP_UART_Init)
    BusFault_Handler                         0x08000ae9   Thumb Code     4  stm32f4xx_it.o(i.BusFault_Handler)
    DebugMon_Handler                         0x08000bcb   Thumb Code     2  stm32f4xx_it.o(i.DebugMon_Handler)
    Error_Handler                            0x08000bcd   Thumb Code    16  main.o(i.Error_Handler)
    FLS110_Sensor_Init                       0x08000ce9   Thumb Code    52  fls110.o(i.FLS110_Sensor_Init)
    FLS110_Sensor_Start                      0x08000d1d   Thumb Code    10  fls110.o(i.FLS110_Sensor_Start)
    FLS_I2C_Init                             0x08000f85   Thumb Code     8  fls110.o(i.FLS_I2C_Init)
    HAL_DMA_Init                             0x08000f8d   Thumb Code   232  stm32f4xx_hal_dma.o(i.HAL_DMA_Init)
    HAL_Delay                                0x08001079   Thumb Code    36  stm32f4xx_hal.o(i.HAL_Delay)
    HAL_GPIO_Init                            0x080010a1   Thumb Code   440  stm32f4xx_hal_gpio.o(i.HAL_GPIO_Init)
    HAL_GPIO_ReadPin                         0x08001279   Thumb Code    16  stm32f4xx_hal_gpio.o(i.HAL_GPIO_ReadPin)
    HAL_GPIO_WritePin                        0x08001289   Thumb Code    12  stm32f4xx_hal_gpio.o(i.HAL_GPIO_WritePin)
    HAL_GetTick                              0x08001295   Thumb Code     6  stm32f4xx_hal.o(i.HAL_GetTick)
    HAL_IncTick                              0x080012a1   Thumb Code    16  stm32f4xx_hal.o(i.HAL_IncTick)
    HAL_Init                                 0x080012b9   Thumb Code    54  stm32f4xx_hal.o(i.HAL_Init)
    HAL_InitTick                             0x080012f5   Thumb Code    64  stm32f4xx_hal.o(i.HAL_InitTick)
    HAL_MspInit                              0x08001341   Thumb Code     2  stm32f4xx_hal.o(i.HAL_MspInit)
    HAL_NVIC_EnableIRQ                       0x08001343   Thumb Code    40  stm32f4xx_hal_cortex.o(i.HAL_NVIC_EnableIRQ)
    HAL_NVIC_SetPriority                     0x0800136b   Thumb Code   124  stm32f4xx_hal_cortex.o(i.HAL_NVIC_SetPriority)
    HAL_NVIC_SetPriorityGrouping             0x080013e9   Thumb Code    32  stm32f4xx_hal_cortex.o(i.HAL_NVIC_SetPriorityGrouping)
    HAL_RCC_ClockConfig                      0x08001411   Thumb Code   368  stm32f4xx_hal_rcc.o(i.HAL_RCC_ClockConfig)
    HAL_RCC_GetHCLKFreq                      0x08001595   Thumb Code     6  stm32f4xx_hal_rcc.o(i.HAL_RCC_GetHCLKFreq)
    HAL_RCC_GetPCLK1Freq                     0x080015a1   Thumb Code    22  stm32f4xx_hal_rcc.o(i.HAL_RCC_GetPCLK1Freq)
    HAL_RCC_GetPCLK2Freq                     0x080015c1   Thumb Code    22  stm32f4xx_hal_rcc.o(i.HAL_RCC_GetPCLK2Freq)
    HAL_RCC_GetSysClockFreq                  0x080015e1   Thumb Code   162  stm32f4xx_hal_rcc.o(i.HAL_RCC_GetSysClockFreq)
    HAL_RCC_OscConfig                        0x08001691   Thumb Code  1172  stm32f4xx_hal_rcc.o(i.HAL_RCC_OscConfig)
    HAL_SYSTICK_Config                       0x08001b2d   Thumb Code    52  stm32f4xx_hal_cortex.o(i.HAL_SYSTICK_Config)
    HAL_TIMEx_MasterConfigSynchronization    0x08001b61   Thumb Code   134  stm32f4xx_hal_tim_ex.o(i.HAL_TIMEx_MasterConfigSynchronization)
    HAL_TIM_Base_Init                        0x08001bfd   Thumb Code   102  stm32f4xx_hal_tim.o(i.HAL_TIM_Base_Init)
    HAL_TIM_Base_MspInit                     0x08001c63   Thumb Code     2  stm32f4xx_hal_tim.o(i.HAL_TIM_Base_MspInit)
    HAL_TIM_ConfigClockSource                0x08001c65   Thumb Code   264  stm32f4xx_hal_tim.o(i.HAL_TIM_ConfigClockSource)
    HAL_UART_Init                            0x08001d6d   Thumb Code   114  stm32f4xx_hal_uart.o(i.HAL_UART_Init)
    HAL_UART_MspInit                         0x08001de1   Thumb Code   374  stm32f4xx_hal_msp.o(i.HAL_UART_MspInit)
    HAL_UART_Transmit                        0x08001f6d   Thumb Code   210  stm32f4xx_hal_uart.o(i.HAL_UART_Transmit)
    HardFault_Handler                        0x0800203f   Thumb Code     4  stm32f4xx_it.o(i.HardFault_Handler)
    MemManage_Handler                        0x080020d1   Thumb Code     4  stm32f4xx_it.o(i.MemManage_Handler)
    NMI_Handler                              0x080020d5   Thumb Code     2  stm32f4xx_it.o(i.NMI_Handler)
    PendSV_Handler                           0x080020d7   Thumb Code     2  stm32f4xx_it.o(i.PendSV_Handler)
    PrintVersion                             0x080020d9   Thumb Code    76  version_print.o(i.PrintVersion)
    SVC_Handler                              0x080021f1   Thumb Code     2  stm32f4xx_it.o(i.SVC_Handler)
    SysTick_Handler                          0x080021f3   Thumb Code     8  stm32f4xx_it.o(i.SysTick_Handler)
    SystemInit                               0x080022b9   Thumb Code    82  system_stm32f4xx.o(i.SystemInit)
    TIM_Base_SetConfig                       0x0800231d   Thumb Code   134  stm32f4xx_hal_tim.o(i.TIM_Base_SetConfig)
    TIM_ETR_SetConfig                        0x080023c1   Thumb Code    22  stm32f4xx_hal_tim.o(i.TIM_ETR_SetConfig)
    UsageFault_Handler                       0x080026d1   Thumb Code     4  stm32f4xx_it.o(i.UsageFault_Handler)
    __0printf                                0x080026d5   Thumb Code    22  printfa.o(i.__0printf)
    __1printf                                0x080026d5   Thumb Code     0  printfa.o(i.__0printf)
    __2printf                                0x080026d5   Thumb Code     0  printfa.o(i.__0printf)
    __c89printf                              0x080026d5   Thumb Code     0  printfa.o(i.__0printf)
    printf                                   0x080026d5   Thumb Code     0  printfa.o(i.__0printf)
    __aeabi_errno_addr                       0x0800272d   Thumb Code     4  errno.o(i.__aeabi_errno_addr)
    __rt_errno_addr                          0x0800272d   Thumb Code     0  errno.o(i.__aeabi_errno_addr)
    __scatterload_copy                       0x08002735   Thumb Code    14  handlers.o(i.__scatterload_copy)
    __scatterload_null                       0x08002743   Thumb Code     2  handlers.o(i.__scatterload_null)
    __scatterload_zeroinit                   0x08002745   Thumb Code    14  handlers.o(i.__scatterload_zeroinit)
    fputc                                    0x08002fe1   Thumb Code    22  bsp_uart.o(i.fputc)
    main                                     0x080031f1   Thumb Code    28  main.o(i.main)
    sw_i2c_init                              0x08003265   Thumb Code    88  sw_iic.o(i.sw_i2c_init)
    sw_i2c_receive                           0x080032c5   Thumb Code   140  sw_iic.o(i.sw_i2c_receive)
    sw_i2c_transmit                          0x08003499   Thumb Code   106  sw_iic.o(i.sw_i2c_transmit)
    GPIO_PIN                                 0x08003570   Data           2  stm32f4xx_nucleo.o(.constdata)
    BUTTON_PIN                               0x08003572   Data           2  stm32f4xx_nucleo.o(.constdata)
    BUTTON_IRQn                              0x08003574   Data           1  stm32f4xx_nucleo.o(.constdata)
    AHBPrescTable                            0x08003575   Data          16  system_stm32f4xx.o(.constdata)
    APBPrescTable                            0x08003585   Data           8  system_stm32f4xx.o(.constdata)
    __ctype_table                            0x08003595   Data         129  ctype_o.o(.constdata)
    Region$$Table$$Base                      0x0800364c   Number         0  anon$$obj.o(Region$$Table)
    Region$$Table$$Limit                     0x0800366c   Number         0  anon$$obj.o(Region$$Table)
    months                                   0x20000034   Data          48  version_print.o(.data)
    GPIO_PORT                                0x20000064   Data           4  stm32f4xx_nucleo.o(.data)
    BUTTON_PORT                              0x20000068   Data           4  stm32f4xx_nucleo.o(.data)
    SpixTimeout                              0x2000006c   Data           4  stm32f4xx_nucleo.o(.data)
    SystemCoreClock                          0x20000070   Data           4  system_stm32f4xx.o(.data)
    uwTick                                   0x20000074   Data           4  stm32f4xx_hal.o(.data)
    uwTickPrio                               0x20000078   Data           4  stm32f4xx_hal.o(.data)
    uwTickFreq                               0x2000007c   Data           1  stm32f4xx_hal.o(.data)
    __stdout                                 0x20000080   Data           4  stdout.o(.data)
    htim2                                    0x200002a4   Data          72  sw_iic.o(.bss)
    __initial_sp                             0x200006f0   Data           0  startup_stm32f401xe.o(STACK)



==============================================================================

Memory Map of the image

  Image Entry point : 0x08000195

  Load Region LR_IROM1 (Base: 0x08000000, Size: 0x000036f4, Max: 0x00080000, ABSOLUTE)

    Execution Region ER_IROM1 (Exec base: 0x08000000, Load base: 0x08000000, Size: 0x0000366c, Max: 0x00080000, ABSOLUTE)

    Exec Addr    Load Addr    Size         Type   Attr      Idx    E Section Name        Object

    0x08000000   0x08000000   0x00000194   Data   RO            3    RESET               startup_stm32f401xe.o
    0x08000194   0x08000194   0x00000000   Code   RO         3608  * .ARM.Collect$$$$00000000  mc_w.l(entry.o)
    0x08000194   0x08000194   0x00000004   Code   RO         3886    .ARM.Collect$$$$00000001  mc_w.l(entry2.o)
    0x08000198   0x08000198   0x00000004   Code   RO         3889    .ARM.Collect$$$$00000004  mc_w.l(entry5.o)
    0x0800019c   0x0800019c   0x00000000   Code   RO         3891    .ARM.Collect$$$$00000008  mc_w.l(entry7b.o)
    0x0800019c   0x0800019c   0x00000000   Code   RO         3893    .ARM.Collect$$$$0000000A  mc_w.l(entry8b.o)
    0x0800019c   0x0800019c   0x00000008   Code   RO         3894    .ARM.Collect$$$$0000000B  mc_w.l(entry9a.o)
    0x080001a4   0x080001a4   0x00000004   Code   RO         3901    .ARM.Collect$$$$0000000E  mc_w.l(entry12b.o)
    0x080001a8   0x080001a8   0x00000000   Code   RO         3896    .ARM.Collect$$$$0000000F  mc_w.l(entry10a.o)
    0x080001a8   0x080001a8   0x00000000   Code   RO         3898    .ARM.Collect$$$$00000011  mc_w.l(entry11a.o)
    0x080001a8   0x080001a8   0x00000004   Code   RO         3887    .ARM.Collect$$$$00002712  mc_w.l(entry2.o)
    0x080001ac   0x080001ac   0x00000024   Code   RO            4    .text               startup_stm32f401xe.o
    0x080001d0   0x080001d0   0x00000062   Code   RO         3611    .text               mc_w.l(uldiv.o)
    0x08000232   0x08000232   0x00000024   Code   RO         3615    .text               mc_w.l(memseta.o)
    0x08000256   0x08000256   0x0000001c   Code   RO         3617    .text               mc_w.l(strcmp.o)
    0x08000272   0x08000272   0x0000001a   Code   RO         3882    .text               mc_w.l(atoi.o)
    0x0800028c   0x0800028c   0x0000002c   Code   RO         3903    .text               mc_w.l(uidiv.o)
    0x080002b8   0x080002b8   0x0000001e   Code   RO         3905    .text               mc_w.l(llshl.o)
    0x080002d6   0x080002d6   0x00000020   Code   RO         3907    .text               mc_w.l(llushr.o)
    0x080002f6   0x080002f6   0x00000070   Code   RO         3916    .text               mc_w.l(strtol.o)
    0x08000366   0x08000366   0x00000000   Code   RO         3918    .text               mc_w.l(iusefp.o)
    0x08000366   0x08000366   0x0000014e   Code   RO         3919    .text               mf_w.l(dadd.o)
    0x080004b4   0x080004b4   0x000000e4   Code   RO         3921    .text               mf_w.l(dmul.o)
    0x08000598   0x08000598   0x000000de   Code   RO         3923    .text               mf_w.l(ddiv.o)
    0x08000676   0x08000676   0x00000030   Code   RO         3925    .text               mf_w.l(dfixul.o)
    0x080006a6   0x080006a6   0x00000002   PAD
    0x080006a8   0x080006a8   0x00000030   Code   RO         3927    .text               mf_w.l(cdrcmple.o)
    0x080006d8   0x080006d8   0x00000024   Code   RO         3929    .text               mc_w.l(init.o)
    0x080006fc   0x080006fc   0x00000024   Code   RO         3931    .text               mc_w.l(llsshr.o)
    0x08000720   0x08000720   0x00000008   Code   RO         3933    .text               mc_w.l(ctype_o.o)
    0x08000728   0x08000728   0x0000009e   Code   RO         3961    .text               mc_w.l(_strtoul.o)
    0x080007c6   0x080007c6   0x000000ba   Code   RO         3963    .text               mf_w.l(depilogue.o)
    0x08000880   0x08000880   0x0000001c   Code   RO         3965    .text               mc_w.l(_chval.o)
    0x0800089c   0x0800089c   0x000000d4   Code   RO          315    i.BSP_COM_Init      bsp_uart.o
    0x08000970   0x08000970   0x0000000e   Code   RO          223    i.BSP_Device_Init   main.o
    0x0800097e   0x0800097e   0x00000002   PAD
    0x08000980   0x08000980   0x00000068   Code   RO          600    i.BSP_LED_Init      stm32f4xx_nucleo.o
    0x080009e8   0x080009e8   0x00000020   Code   RO          602    i.BSP_LED_On        stm32f4xx_nucleo.o
    0x08000a08   0x08000a08   0x000000d4   Code   RO          319    i.BSP_STDIO_Init    bsp_uart.o
    0x08000adc   0x08000adc   0x0000000c   Code   RO          320    i.BSP_UART_Init     bsp_uart.o
    0x08000ae8   0x08000ae8   0x00000004   Code   RO           13    i.BusFault_Handler  stm32f4xx_it.o
    0x08000aec   0x08000aec   0x00000034   Code   RO         2879    i.DMA_CalcBaseAndBitshift  stm32f4xx_hal_dma.o
    0x08000b20   0x08000b20   0x000000aa   Code   RO         2880    i.DMA_CheckFifoParam  stm32f4xx_hal_dma.o
    0x08000bca   0x08000bca   0x00000002   Code   RO           14    i.DebugMon_Handler  stm32f4xx_it.o
    0x08000bcc   0x08000bcc   0x00000018   Code   RO          224    i.Error_Handler     main.o
    0x08000be4   0x08000be4   0x00000018   Code   RO          321    i.Error_Handler     bsp_uart.o
    0x08000bfc   0x08000bfc   0x00000050   Code   RO          396    i.FLS110_Check_FW_ID  fls110.o
    0x08000c4c   0x08000c4c   0x00000060   Code   RO          397    i.FLS110_Check_Unique_ID  fls110.o
    0x08000cac   0x08000cac   0x0000001e   Code   RO          399    i.FLS110_Reg_Read   fls110.o
    0x08000cca   0x08000cca   0x0000001e   Code   RO          400    i.FLS110_Reg_Write  fls110.o
    0x08000ce8   0x08000ce8   0x00000034   Code   RO          401    i.FLS110_Sensor_Init  fls110.o
    0x08000d1c   0x08000d1c   0x0000000a   Code   RO          402    i.FLS110_Sensor_Start  fls110.o
    0x08000d26   0x08000d26   0x00000002   PAD
    0x08000d28   0x08000d28   0x000000c8   Code   RO          405    i.FLS110_Set_Avg    fls110.o
    0x08000df0   0x08000df0   0x000000cc   Code   RO          406    i.FLS110_Set_Basis  fls110.o
    0x08000ebc   0x08000ebc   0x000000c8   Code   RO          407    i.FLS110_Set_Mode   fls110.o
    0x08000f84   0x08000f84   0x00000008   Code   RO          410    i.FLS_I2C_Init      fls110.o
    0x08000f8c   0x08000f8c   0x000000ec   Code   RO         2888    i.HAL_DMA_Init      stm32f4xx_hal_dma.o
    0x08001078   0x08001078   0x00000028   Code   RO         3312    i.HAL_Delay         stm32f4xx_hal.o
    0x080010a0   0x080010a0   0x000001d8   Code   RO         3548    i.HAL_GPIO_Init     stm32f4xx_hal_gpio.o
    0x08001278   0x08001278   0x00000010   Code   RO         3550    i.HAL_GPIO_ReadPin  stm32f4xx_hal_gpio.o
    0x08001288   0x08001288   0x0000000c   Code   RO         3552    i.HAL_GPIO_WritePin  stm32f4xx_hal_gpio.o
    0x08001294   0x08001294   0x0000000c   Code   RO         3318    i.HAL_GetTick       stm32f4xx_hal.o
    0x080012a0   0x080012a0   0x00000018   Code   RO         3324    i.HAL_IncTick       stm32f4xx_hal.o
    0x080012b8   0x080012b8   0x0000003c   Code   RO         3325    i.HAL_Init          stm32f4xx_hal.o
    0x080012f4   0x080012f4   0x0000004c   Code   RO         3326    i.HAL_InitTick      stm32f4xx_hal.o
    0x08001340   0x08001340   0x00000002   Code   RO         3328    i.HAL_MspInit       stm32f4xx_hal.o
    0x08001342   0x08001342   0x00000028   Code   RO         3170    i.HAL_NVIC_EnableIRQ  stm32f4xx_hal_cortex.o
    0x0800136a   0x0800136a   0x0000007c   Code   RO         3176    i.HAL_NVIC_SetPriority  stm32f4xx_hal_cortex.o
    0x080013e6   0x080013e6   0x00000002   PAD
    0x080013e8   0x080013e8   0x00000028   Code   RO         3177    i.HAL_NVIC_SetPriorityGrouping  stm32f4xx_hal_cortex.o
    0x08001410   0x08001410   0x00000184   Code   RO         3064    i.HAL_RCC_ClockConfig  stm32f4xx_hal_rcc.o
    0x08001594   0x08001594   0x0000000c   Code   RO         3069    i.HAL_RCC_GetHCLKFreq  stm32f4xx_hal_rcc.o
    0x080015a0   0x080015a0   0x00000020   Code   RO         3071    i.HAL_RCC_GetPCLK1Freq  stm32f4xx_hal_rcc.o
    0x080015c0   0x080015c0   0x00000020   Code   RO         3072    i.HAL_RCC_GetPCLK2Freq  stm32f4xx_hal_rcc.o
    0x080015e0   0x080015e0   0x000000b0   Code   RO         3073    i.HAL_RCC_GetSysClockFreq  stm32f4xx_hal_rcc.o
    0x08001690   0x08001690   0x0000049c   Code   RO         3076    i.HAL_RCC_OscConfig  stm32f4xx_hal_rcc.o
    0x08001b2c   0x08001b2c   0x00000034   Code   RO         3181    i.HAL_SYSTICK_Config  stm32f4xx_hal_cortex.o
    0x08001b60   0x08001b60   0x0000009c   Code   RO         2631    i.HAL_TIMEx_MasterConfigSynchronization  stm32f4xx_hal_tim_ex.o
    0x08001bfc   0x08001bfc   0x00000066   Code   RO         1537    i.HAL_TIM_Base_Init  stm32f4xx_hal_tim.o
    0x08001c62   0x08001c62   0x00000002   Code   RO         1539    i.HAL_TIM_Base_MspInit  stm32f4xx_hal_tim.o
    0x08001c64   0x08001c64   0x00000108   Code   RO         1546    i.HAL_TIM_ConfigClockSource  stm32f4xx_hal_tim.o
    0x08001d6c   0x08001d6c   0x00000072   Code   RO         1197    i.HAL_UART_Init     stm32f4xx_hal_uart.o
    0x08001dde   0x08001dde   0x00000002   PAD
    0x08001de0   0x08001de0   0x0000018c   Code   RO          193    i.HAL_UART_MspInit  stm32f4xx_hal_msp.o
    0x08001f6c   0x08001f6c   0x000000d2   Code   RO         1205    i.HAL_UART_Transmit  stm32f4xx_hal_uart.o
    0x0800203e   0x0800203e   0x00000004   Code   RO           15    i.HardFault_Handler  stm32f4xx_it.o
    0x08002042   0x08002042   0x00000002   PAD
    0x08002044   0x08002044   0x0000008c   Code   RO          497    i.MX_TIM2_Init      sw_iic.o
    0x080020d0   0x080020d0   0x00000004   Code   RO           16    i.MemManage_Handler  stm32f4xx_it.o
    0x080020d4   0x080020d4   0x00000002   Code   RO           17    i.NMI_Handler       stm32f4xx_it.o
    0x080020d6   0x080020d6   0x00000002   Code   RO           18    i.PendSV_Handler    stm32f4xx_it.o
    0x080020d8   0x080020d8   0x00000118   Code   RO          275    i.PrintVersion      version_print.o
    0x080021f0   0x080021f0   0x00000002   Code   RO           19    i.SVC_Handler       stm32f4xx_it.o
    0x080021f2   0x080021f2   0x00000008   Code   RO           20    i.SysTick_Handler   stm32f4xx_it.o
    0x080021fa   0x080021fa   0x00000002   PAD
    0x080021fc   0x080021fc   0x000000bc   Code   RO          225    i.SystemClock_Config  main.o
    0x080022b8   0x080022b8   0x00000064   Code   RO          755    i.SystemInit        system_stm32f4xx.o
    0x0800231c   0x0800231c   0x000000a4   Code   RO         1630    i.TIM_Base_SetConfig  stm32f4xx_hal_tim.o
    0x080023c0   0x080023c0   0x00000016   Code   RO         1641    i.TIM_ETR_SetConfig  stm32f4xx_hal_tim.o
    0x080023d6   0x080023d6   0x00000012   Code   RO         1642    i.TIM_ITRx_SetConfig  stm32f4xx_hal_tim.o
    0x080023e8   0x080023e8   0x00000026   Code   RO         1648    i.TIM_TI1_ConfigInputStage  stm32f4xx_hal_tim.o
    0x0800240e   0x0800240e   0x00000028   Code   RO         1650    i.TIM_TI2_ConfigInputStage  stm32f4xx_hal_tim.o
    0x08002436   0x08002436   0x00000002   PAD
    0x08002438   0x08002438   0x0000022c   Code   RO         1224    i.UART_SetConfig    stm32f4xx_hal_uart.o
    0x08002664   0x08002664   0x0000006c   Code   RO         1228    i.UART_WaitOnFlagUntilTimeout  stm32f4xx_hal_uart.o
    0x080026d0   0x080026d0   0x00000004   Code   RO           21    i.UsageFault_Handler  stm32f4xx_it.o
    0x080026d4   0x080026d4   0x00000020   Code   RO         3854    i.__0printf         mc_w.l(printfa.o)
    0x080026f4   0x080026f4   0x00000010   Code   RO         3183    i.__NVIC_GetPriorityGrouping  stm32f4xx_hal_cortex.o
    0x08002704   0x08002704   0x00000028   Code   RO         3184    i.__NVIC_SetPriority  stm32f4xx_hal_cortex.o
    0x0800272c   0x0800272c   0x00000008   Code   RO         3909    i.__aeabi_errno_addr  mc_w.l(errno.o)
    0x08002734   0x08002734   0x0000000e   Code   RO         3969    i.__scatterload_copy  mc_w.l(handlers.o)
    0x08002742   0x08002742   0x00000002   Code   RO         3970    i.__scatterload_null  mc_w.l(handlers.o)
    0x08002744   0x08002744   0x0000000e   Code   RO         3971    i.__scatterload_zeroinit  mc_w.l(handlers.o)
    0x08002752   0x08002752   0x00000002   PAD
    0x08002754   0x08002754   0x00000184   Code   RO         3861    i._fp_digits        mc_w.l(printfa.o)
    0x080028d8   0x080028d8   0x000006b4   Code   RO         3862    i._printf_core      mc_w.l(printfa.o)
    0x08002f8c   0x08002f8c   0x00000024   Code   RO         3863    i._printf_post_padding  mc_w.l(printfa.o)
    0x08002fb0   0x08002fb0   0x0000002e   Code   RO         3864    i._printf_pre_padding  mc_w.l(printfa.o)
    0x08002fde   0x08002fde   0x00000002   PAD
    0x08002fe0   0x08002fe0   0x0000001c   Code   RO          323    i.fputc             bsp_uart.o
    0x08002ffc   0x08002ffc   0x00000008   Code   RO          276    i.get_app_ver       version_print.o
    0x08003004   0x08003004   0x00000110   Code   RO          277    i.getdate           version_print.o
    0x08003114   0x08003114   0x00000064   Code   RO          498    i.i2c_receive_byte  sw_iic.o
    0x08003178   0x08003178   0x0000003c   Code   RO          499    i.i2c_send_ack      sw_iic.o
    0x080031b4   0x080031b4   0x0000003c   Code   RO          500    i.i2c_send_noack    sw_iic.o
    0x080031f0   0x080031f0   0x0000001c   Code   RO          226    i.main              main.o
    0x0800320c   0x0800320c   0x00000058   Code   RO          501    i.sw_i2c_delay_us   sw_iic.o
    0x08003264   0x08003264   0x00000060   Code   RO          502    i.sw_i2c_init       sw_iic.o
    0x080032c4   0x080032c4   0x0000008c   Code   RO          503    i.sw_i2c_receive    sw_iic.o
    0x08003350   0x08003350   0x0000003c   Code   RO          505    i.sw_i2c_sda_dir    sw_iic.o
    0x0800338c   0x0800338c   0x00000074   Code   RO          507    i.sw_i2c_send_byte  sw_iic.o
    0x08003400   0x08003400   0x0000003c   Code   RO          508    i.sw_i2c_start      sw_iic.o
    0x0800343c   0x0800343c   0x0000005c   Code   RO          509    i.sw_i2c_stop       sw_iic.o
    0x08003498   0x08003498   0x0000006a   Code   RO          510    i.sw_i2c_transmit   sw_iic.o
    0x08003502   0x08003502   0x00000002   PAD
    0x08003504   0x08003504   0x0000006c   Code   RO          511    i.sw_i2c_wait_ack   sw_iic.o
    0x08003570   0x08003570   0x00000005   Data   RO          622    .constdata          stm32f4xx_nucleo.o
    0x08003575   0x08003575   0x00000018   Data   RO          756    .constdata          system_stm32f4xx.o
    0x0800358d   0x0800358d   0x00000008   Data   RO         2894    .constdata          stm32f4xx_hal_dma.o
    0x08003595   0x08003595   0x00000081   Data   RO         3934    .constdata          mc_w.l(ctype_o.o)
    0x08003616   0x08003616   0x00000002   PAD
    0x08003618   0x08003618   0x00000004   Data   RO         3935    .constdata          mc_w.l(ctype_o.o)
    0x0800361c   0x0800361c   0x00000030   Data   RO          278    .conststring        version_print.o
    0x0800364c   0x0800364c   0x00000020   Data   RO         3967    Region$$Table       anon$$obj.o


    Execution Region RW_IRAM1 (Exec base: 0x20000000, Load base: 0x0800366c, Size: 0x000006f0, Max: 0x00018000, ABSOLUTE)

    Exec Addr    Load Addr    Size         Type   Attr      Idx    E Section Name        Object

    0x20000000   0x0800366c   0x00000064   Data   RW          279    .data               version_print.o
    0x20000064   0x080036d0   0x0000000c   Data   RW          623    .data               stm32f4xx_nucleo.o
    0x20000070   0x080036dc   0x00000004   Data   RW          757    .data               system_stm32f4xx.o
    0x20000074   0x080036e0   0x00000009   Data   RW         3332    .data               stm32f4xx_hal.o
    0x2000007d   0x080036e9   0x00000003   PAD
    0x20000080   0x080036ec   0x00000004   Data   RW         3902    .data               mc_w.l(stdout.o)
    0x20000084   0x080036f0   0x00000004   Data   RW         3912    .data               mc_w.l(errno.o)
    0x20000088        -       0x00000180   Zero   RW          194    .bss                stm32f4xx_hal_msp.o
    0x20000208        -       0x0000009c   Zero   RW          324    .bss                bsp_uart.o
    0x200002a4        -       0x00000048   Zero   RW          512    .bss                sw_iic.o
    0x200002ec   0x080036f4   0x00000004   PAD
    0x200002f0        -       0x00000400   Zero   RW            1    STACK               startup_stm32f401xe.o


==============================================================================

Image component sizes


      Code (inc. data)   RO Data    RW Data    ZI Data      Debug   Object Name

       488         48          0          0        156       5308   bsp_uart.o
       910        362          0          0          0       7866   fls110.o
       254         18          0          0          0       2619   main.o
        36          8        404          0       1024        888   startup_stm32f401xe.o
       214         36          0          9          0      10447   stm32f4xx_hal.o
       312         22          0          0          0      35143   stm32f4xx_hal_cortex.o
       458         10          8          0          0       3083   stm32f4xx_hal_dma.o
       500         32          0          0          0       3071   stm32f4xx_hal_gpio.o
       396         22          0          0        384       1884   stm32f4xx_hal_msp.o
      1820         84          0          0          0       6172   stm32f4xx_hal_rcc.o
       650         30          0          0          0       6924   stm32f4xx_hal_tim.o
       156         22          0          0          0       1492   stm32f4xx_hal_tim_ex.o
       988         10          0          0          0       4172   stm32f4xx_hal_uart.o
        32          0          0          0          0     430502   stm32f4xx_it.o
       136         20          5         12          0       2920   stm32f4xx_nucleo.o
      1226         86          0          0         72       9269   sw_iic.o
       100         18         24          4          0       1323   system_stm32f4xx.o
       560        236         48        100          0       4000   version_print.o

    ----------------------------------------------------------------------
      9252       1064        521        128       1640     537083   Object Totals
         0          0         32          0          0          0   (incl. Generated)
        16          0          0          3          4          0   (incl. Padding)

    ----------------------------------------------------------------------

      Code (inc. data)   RO Data    RW Data    ZI Data      Debug   Library Member Name

        28          0          0          0          0         68   _chval.o
       158          0          0          0          0         92   _strtoul.o
        26          0          0          0          0         80   atoi.o
         8          4        133          0          0         68   ctype_o.o
         0          0          0          0          0          0   entry.o
         0          0          0          0          0          0   entry10a.o
         0          0          0          0          0          0   entry11a.o
         4          0          0          0          0          0   entry12b.o
         8          4          0          0          0          0   entry2.o
         4          0          0          0          0          0   entry5.o
         0          0          0          0          0          0   entry7b.o
         0          0          0          0          0          0   entry8b.o
         8          4          0          0          0          0   entry9a.o
         8          4          0          4          0         68   errno.o
        30          0          0          0          0          0   handlers.o
        36          8          0          0          0         68   init.o
         0          0          0          0          0          0   iusefp.o
        30          0          0          0          0         68   llshl.o
        36          0          0          0          0         68   llsshr.o
        32          0          0          0          0         68   llushr.o
        36          0          0          0          0        108   memseta.o
      2218         90          0          0          0        464   printfa.o
         0          0          0          4          0          0   stdout.o
        28          0          0          0          0         76   strcmp.o
       112          0          0          0          0         88   strtol.o
        44          0          0          0          0         80   uidiv.o
        98          0          0          0          0         92   uldiv.o
        48          0          0          0          0         68   cdrcmple.o
       334          0          0          0          0        148   dadd.o
       222          0          0          0          0        100   ddiv.o
       186          0          0          0          0        176   depilogue.o
        48          0          0          0          0         68   dfixul.o
       228          0          0          0          0         96   dmul.o

    ----------------------------------------------------------------------
      4024        114        135          8          0       2212   Library Totals
         6          0          2          0          0          0   (incl. Padding)

    ----------------------------------------------------------------------

      Code (inc. data)   RO Data    RW Data    ZI Data      Debug   Library Name

      2952        114        133          8          0       1556   mc_w.l
      1066          0          0          0          0        656   mf_w.l

    ----------------------------------------------------------------------
      4024        114        135          8          0       2212   Library Totals

    ----------------------------------------------------------------------

==============================================================================


      Code (inc. data)   RO Data    RW Data    ZI Data      Debug   

     13276       1178        656        136       1640     530507   Grand Totals
     13276       1178        656        136       1640     530507   ELF Image Totals
     13276       1178        656        136          0          0   ROM Totals

==============================================================================

    Total RO  Size (Code + RO Data)                13932 (  13.61kB)
    Total RW  Size (RW Data + ZI Data)              1776 (   1.73kB)
    Total ROM Size (Code + RO Data + RW Data)      14068 (  13.74kB)

==============================================================================

