Component: ARM Compiler 5.06 update 7 (build 960) Tool: armlink [4d3601]

==============================================================================

Section Cross References

    startup_stm32f401xe.o(RESET) refers to startup_stm32f401xe.o(STACK) for __initial_sp
    startup_stm32f401xe.o(RESET) refers to startup_stm32f401xe.o(.text) for Reset_Handler
    startup_stm32f401xe.o(RESET) refers to stm32f4xx_it.o(i.NMI_Handler) for NMI_Handler
    startup_stm32f401xe.o(RESET) refers to stm32f4xx_it.o(i.HardFault_Handler) for HardFault_Handler
    startup_stm32f401xe.o(RESET) refers to stm32f4xx_it.o(i.MemManage_Handler) for MemManage_Handler
    startup_stm32f401xe.o(RESET) refers to stm32f4xx_it.o(i.BusFault_Handler) for BusFault_Handler
    startup_stm32f401xe.o(RESET) refers to stm32f4xx_it.o(i.UsageFault_Handler) for UsageFault_Handler
    startup_stm32f401xe.o(RESET) refers to stm32f4xx_it.o(i.SVC_Handler) for SVC_Handler
    startup_stm32f401xe.o(RESET) refers to stm32f4xx_it.o(i.DebugMon_Handler) for DebugMon_Handler
    startup_stm32f401xe.o(RESET) refers to stm32f4xx_it.o(i.PendSV_Handler) for PendSV_Handler
    startup_stm32f401xe.o(RESET) refers to stm32f4xx_it.o(i.SysTick_Handler) for SysTick_Handler
    startup_stm32f401xe.o(RESET) refers to stm32f4xx_it.o(i.USART2_IRQHandler) for USART2_IRQHandler
    startup_stm32f401xe.o(.text) refers to system_stm32f4xx.o(i.SystemInit) for SystemInit
    startup_stm32f401xe.o(.text) refers to entry.o(.ARM.Collect$$$$00000000) for __main
    stm32f4xx_it.o(i.SysTick_Handler) refers to stm32f4xx_hal.o(i.HAL_IncTick) for HAL_IncTick
    stm32f4xx_it.o(i.USART2_IRQHandler) refers to stm32f4xx_hal_uart.o(i.HAL_UART_IRQHandler) for HAL_UART_IRQHandler
    stm32f4xx_it.o(i.USART2_IRQHandler) refers to bsp_uart.o(.bss) for UartStdio
    stm32f4xx_hal_msp.o(i.HAL_UART_MspDeInit) refers to stm32f4xx_hal_gpio.o(i.HAL_GPIO_DeInit) for HAL_GPIO_DeInit
    stm32f4xx_hal_msp.o(i.HAL_UART_MspDeInit) refers to stm32f4xx_hal_dma.o(i.HAL_DMA_DeInit) for HAL_DMA_DeInit
    stm32f4xx_hal_msp.o(i.HAL_UART_MspDeInit) refers to stm32f4xx_hal_cortex.o(i.HAL_NVIC_DisableIRQ) for HAL_NVIC_DisableIRQ
    stm32f4xx_hal_msp.o(i.HAL_UART_MspDeInit) refers to stm32f4xx_hal_msp.o(.bss) for hdma_tx
    stm32f4xx_hal_msp.o(i.HAL_UART_MspInit) refers to stm32f4xx_hal_gpio.o(i.HAL_GPIO_Init) for HAL_GPIO_Init
    stm32f4xx_hal_msp.o(i.HAL_UART_MspInit) refers to stm32f4xx_hal_dma.o(i.HAL_DMA_Init) for HAL_DMA_Init
    stm32f4xx_hal_msp.o(i.HAL_UART_MspInit) refers to stm32f4xx_hal_cortex.o(i.HAL_NVIC_SetPriority) for HAL_NVIC_SetPriority
    stm32f4xx_hal_msp.o(i.HAL_UART_MspInit) refers to stm32f4xx_hal_cortex.o(i.HAL_NVIC_EnableIRQ) for HAL_NVIC_EnableIRQ
    stm32f4xx_hal_msp.o(i.HAL_UART_MspInit) refers to stm32f4xx_hal_msp.o(.bss) for hdma_tx
    main.o(i.BSP_Device_Init) refers to stm32f4xx_nucleo.o(i.BSP_LED_Init) for BSP_LED_Init
    main.o(i.BSP_Device_Init) refers to bsp_uart.o(i.BSP_UART_Init) for BSP_UART_Init
    main.o(i.Error_Handler) refers to stm32f4xx_nucleo.o(i.BSP_LED_On) for BSP_LED_On
    main.o(i.Error_Handler) refers to printfa.o(i.__0printf) for __2printf
    main.o(i.SystemClock_Config) refers to memseta.o(.text) for __aeabi_memclr4
    main.o(i.SystemClock_Config) refers to stm32f4xx_hal_rcc.o(i.HAL_RCC_OscConfig) for HAL_RCC_OscConfig
    main.o(i.SystemClock_Config) refers to main.o(i.Error_Handler) for Error_Handler
    main.o(i.SystemClock_Config) refers to stm32f4xx_hal_rcc.o(i.HAL_RCC_ClockConfig) for HAL_RCC_ClockConfig
    main.o(i.main) refers to stm32f4xx_hal.o(i.HAL_Init) for HAL_Init
    main.o(i.main) refers to main.o(i.SystemClock_Config) for SystemClock_Config
    main.o(i.main) refers to main.o(i.BSP_Device_Init) for BSP_Device_Init
    main.o(i.main) refers to version_print.o(i.PrintVersion) for PrintVersion
    main.o(i.main) refers to air_speed_i2c.o(i.Air_Speed_I2C1_Init) for Air_Speed_I2C1_Init
    main.o(i.main) refers to fls110.o(i.FLS110_Sensor_Init) for FLS110_Sensor_Init
    main.o(i.main) refers to spl06_01.o(i.spl0601_init) for spl0601_init
    main.o(i.main) refers to fls110.o(i.FLS110_Sensor_Test) for FLS110_Sensor_Test
    main.o(i.main) refers to ms4525do.o(i.MS4525DO_Sensor_Test) for MS4525DO_Sensor_Test
    version_print.o(i.PrintVersion) refers to memseta.o(.text) for __aeabi_memclr4
    version_print.o(i.PrintVersion) refers to version_print.o(i.getdate) for getdate
    version_print.o(i.PrintVersion) refers to printfa.o(i.__0printf) for __2printf
    version_print.o(i.PrintVersion) refers to version_print.o(i.get_app_ver) for get_app_ver
    version_print.o(i.get_app_ver) refers to version_print.o(.data) for app_ver_str
    version_print.o(i.getdate) refers to atoi.o(.text) for atoi
    version_print.o(i.getdate) refers to strcmp.o(.text) for strcmp
    version_print.o(i.getdate) refers to version_print.o(.data) for months
[...]
    Removing stm32f4xx_hal.o(i.HAL_DBGMCU_EnableDBGStandbyMode), (20 bytes).
    Removing stm32f4xx_hal.o(i.HAL_DBGMCU_EnableDBGStopMode), (20 bytes).
    Removing stm32f4xx_hal.o(i.HAL_DeInit), (68 bytes).
    Removing stm32f4xx_hal.o(i.HAL_DisableCompensationCell), (12 bytes).
    Removing stm32f4xx_hal.o(i.HAL_EnableCompensationCell), (12 bytes).
    Removing stm32f4xx_hal.o(i.HAL_GetDEVID), (16 bytes).
    Removing stm32f4xx_hal.o(i.HAL_GetHalVersion), (8 bytes).
    Removing stm32f4xx_hal.o(i.HAL_GetREVID), (12 bytes).
    Removing stm32f4xx_hal.o(i.HAL_GetTickFreq), (12 bytes).
    Removing stm32f4xx_hal.o(i.HAL_GetTickPrio), (12 bytes).
    Removing stm32f4xx_hal.o(i.HAL_GetUIDw0), (12 bytes).
    Removing stm32f4xx_hal.o(i.HAL_GetUIDw1), (12 bytes).
    Removing stm32f4xx_hal.o(i.HAL_GetUIDw2), (12 bytes).
    Removing stm32f4xx_hal.o(i.HAL_MspDeInit), (2 bytes).
    Removing stm32f4xx_hal.o(i.HAL_ResumeTick), (18 bytes).
    Removing stm32f4xx_hal.o(i.HAL_SetTickFreq), (48 bytes).
    Removing stm32f4xx_hal.o(i.HAL_SuspendTick), (18 bytes).
    Removing stm32f4xx_hal_rcc_ex.o(.rev16_text), (4 bytes).
    Removing stm32f4xx_hal_rcc_ex.o(.revsh_text), (4 bytes).
    Removing stm32f4xx_hal_rcc_ex.o(.rrx_text), (6 bytes).
    Removing stm32f4xx_hal_rcc_ex.o(i.HAL_RCCEx_DisablePLLI2S), (56 bytes).
    Removing stm32f4xx_hal_rcc_ex.o(i.HAL_RCCEx_EnablePLLI2S), (112 bytes).
    Removing stm32f4xx_hal_rcc_ex.o(i.HAL_RCCEx_GetPeriphCLKConfig), (76 bytes).
    Removing stm32f4xx_hal_rcc_ex.o(i.HAL_RCCEx_GetPeriphCLKFreq), (144 bytes).
    Removing stm32f4xx_hal_rcc_ex.o(i.HAL_RCCEx_PeriphCLKConfig), (436 bytes).
    Removing stm32f4xx_hal_rcc_ex.o(i.HAL_RCC_DeInit), (384 bytes).
    Removing stm32f4xx_hal_gpio.o(.rev16_text), (4 bytes).
    Removing stm32f4xx_hal_gpio.o(.revsh_text), (4 bytes).
    Removing stm32f4xx_hal_gpio.o(.rrx_text), (6 bytes).
    Removing stm32f4xx_hal_gpio.o(i.HAL_GPIO_DeInit), (312 bytes).
    Removing stm32f4xx_hal_gpio.o(i.HAL_GPIO_EXTI_Callback), (2 bytes).
    Removing stm32f4xx_hal_gpio.o(i.HAL_GPIO_EXTI_IRQHandler), (28 bytes).
    Removing stm32f4xx_hal_gpio.o(i.HAL_GPIO_LockPin), (46 bytes).
    Removing stm32f4xx_hal_gpio.o(i.HAL_GPIO_ReadPin), (16 bytes).
    Removing stm32f4xx_hal_gpio.o(i.HAL_GPIO_TogglePin), (20 bytes).
    Removing dflti.o(.text), (34 bytes).

430 unused section(s) (total 38798 bytes) removed from the image.

==============================================================================

Image Symbol Table

    Local Symbols

    Symbol Name                              Value     Ov Type        Size  Object(Section)

    ../clib/microlib/ctype/ctype.c           0x00000000   Number         0  isupper_o.o ABSOLUTE
    ../clib/microlib/ctype/ctype.c           0x00000000   Number         0  isdigit_o.o ABSOLUTE
    ../clib/microlib/ctype/ctype.c           0x00000000   Number         0  isgraph_o.o ABSOLUTE
    ../clib/microlib/ctype/ctype.c           0x00000000   Number         0  isprint_o.o ABSOLUTE
    ../clib/microlib/ctype/ctype.c           0x00000000   Number         0  ispunct_o.o ABSOLUTE
    ../clib/microlib/ctype/ctype.c           0x00000000   Number         0  isspace_o.o ABSOLUTE
    ../clib/microlib/ctype/ctype.c           0x00000000   Number         0  isxdigit_o.o ABSOLUTE
    ../clib/microlib/ctype/ctype.c           0x00000000   Number         0  ctype_o.o ABSOLUTE
    ../clib/microlib/ctype/ctype.c           0x00000000   Number         0  isalpha_o.o ABSOLUTE
    ../clib/microlib/ctype/ctype.c           0x00000000   Number         0  islower_o.o ABSOLUTE
    ../clib/microlib/ctype/ctype.c           0x00000000   Number         0  iscntrl_o.o ABSOLUTE
    ../clib/microlib/ctype/ctype.c           0x00000000   Number         0  isblank_o.o ABSOLUTE
    ../clib/microlib/ctype/ctype.c           0x00000000   Number         0  isalnum_o.o ABSOLUTE
    ../clib/microlib/division.c              0x00000000   Number         0  uldiv.o ABSOLUTE
    ../clib/microlib/division.c              0x00000000   Number         0  uidiv.o ABSOLUTE
    ../clib/microlib/errno.c                 0x00000000   Number         0  errno.o ABSOLUTE
    ../clib/microlib/init/entry.s            0x00000000   Number         0  entry5.o ABSOLUTE
    ../clib/microlib/init/entry.s            0x00000000   Number         0  entry7a.o ABSOLUTE
    ../clib/microlib/init/entry.s            0x00000000   Number         0  entry7b.o ABSOLUTE
    ../clib/microlib/init/entry.s            0x00000000   Number         0  entry8b.o ABSOLUTE
    ../clib/microlib/init/entry.s            0x00000000   Number         0  entry9a.o ABSOLUTE
    ../clib/microlib/init/entry.s            0x00000000   Number         0  entry10a.o ABSOLUTE
    ../clib/microlib/init/entry.s            0x00000000   Number         0  entry9b.o ABSOLUTE
    ../clib/microlib/init/entry.s            0x00000000   Number         0  entry10b.o ABSOLUTE
    ../clib/microlib/init/entry.s            0x00000000   Number         0  entry11b.o ABSOLUTE
    ../clib/microlib/init/entry.s            0x00000000   Number         0  entry11a.o ABSOLUTE
    ../clib/microlib/init/entry.s            0x00000000   Number         0  entry8a.o ABSOLUTE
    ../clib/microlib/init/entry.s            0x00000000   Number         0  entry12a.o ABSOLUTE
    ../clib/microlib/init/entry.s            0x00000000   Number         0  entry12b.o ABSOLUTE
    ../clib/microlib/init/entry.s            0x00000000   Number         0  entry.o ABSOLUTE
    ../clib/microlib/init/entry.s            0x00000000   Number         0  entry2.o ABSOLUTE
    ../clib/microlib/longlong.c              0x00000000   Number         0  llshl.o ABSOLUTE
    ../clib/microlib/longlong.c              0x00000000   Number         0  llushr.o ABSOLUTE
    ../clib/microlib/longlong.c              0x00000000   Number         0  llsshr.o ABSOLUTE
    ../clib/microlib/printf/printf.c         0x00000000   Number         0  printfb.o ABSOLUTE
    ../clib/microlib/printf/printf.c         0x00000000   Number         0  printf2.o ABSOLUTE
    ../clib/microlib/printf/printf.c         0x00000000   Number         0  printf4.o ABSOLUTE
    ../clib/microlib/printf/printf.c         0x00000000   Number         0  printf5.o ABSOLUTE
    ../clib/microlib/printf/printf.c         0x00000000   Number         0  printf1.o ABSOLUTE
    ../clib/microlib/printf/printf.c         0x00000000   Number         0  printf6.o ABSOLUTE
    ../clib/microlib/printf/printf.c         0x00000000   Number         0  printf8.o ABSOLUTE
    ../clib/microlib/printf/printf.c         0x00000000   Number         0  printf7.o ABSOLUTE
    ../clib/microlib/printf/printf.c         0x00000000   Number         0  printfa.o ABSOLUTE
    ../clib/microlib/printf/printf.c         0x00000000   Number         0  printf0.o ABSOLUTE
    ../clib/microlib/printf/printf.c         0x00000000   Number         0  printf3.o ABSOLUTE
    ../clib/microlib/printf/stubs.s          0x00000000   Number         0  stubs.o ABSOLUTE
    ../clib/microlib/stdio/streams.c         0x00000000   Number         0  stdout.o ABSOLUTE
    ../clib/microlib/string/memcmp.c         0x00000000   Number         0  memcmp.o ABSOLUTE
    ../clib/microlib/string/memcpy.c         0x00000000   Number         0  memmoveb.o ABSOLUTE
    ../clib/microlib/string/memcpy.c         0x00000000   Number         0  memmovea.o ABSOLUTE
    ../clib/microlib/string/memset.c         0x00000000   Number         0  memseta.o ABSOLUTE
    ../clib/microlib/string/strcmp.c         0x00000000   Number         0  strcmp.o ABSOLUTE
    ../clib/microlib/stubs.s                 0x00000000   Number         0  iusefp.o ABSOLUTE
    ../clib/scanf.c                          0x00000000   Number         0  _chval.o ABSOLUTE
    ../clib/scanf.c                          0x00000000   Number         0  _strtoul.o ABSOLUTE
    ../clib/scanf.c                          0x00000000   Number         0  strtol.o ABSOLUTE
    ../clib/scanf.c                          0x00000000   Number         0  atoi.o ABSOLUTE
    ../fplib/microlib/d2f.c                  0x00000000   Number         0  d2f.o ABSOLUTE
    ../fplib/microlib/f2d.c                  0x00000000   Number         0  f2d.o ABSOLUTE
    ../fplib/microlib/fpadd.c                0x00000000   Number         0  dadd.o ABSOLUTE
    ../fplib/microlib/fpdiv.c                0x00000000   Number         0  ddiv.o ABSOLUTE
    ../fplib/microlib/fpepilogue.c           0x00000000   Number         0  depilogue.o ABSOLUTE
    ../fplib/microlib/fpepilogue.c           0x00000000   Number         0  fepilogue.o ABSOLUTE
    ../fplib/microlib/fpfix.c                0x00000000   Number         0  dfixul.o ABSOLUTE
    ../fplib/microlib/fpflt.c                0x00000000   Number         0  dflti.o ABSOLUTE
    ../fplib/microlib/fpmul.c                0x00000000   Number         0  dmul.o ABSOLUTE
    ..\..\..\..\..\Drivers\BSP\STM32F4xx-Nucleo\stm32f4xx_nucleo.c 0x00000000   Number         0  stm32f4xx_nucleo.o ABSOLUTE
    ..\..\..\..\..\Drivers\STM32F4xx_HAL_Driver\Src\stm32f4xx_hal.c 0x00000000   Number         0  stm32f4xx_hal.o ABSOLUTE
    ..\..\..\..\..\Drivers\STM32F4xx_HAL_Driver\Src\stm32f4xx_hal_cortex.c 0x00000000   Number         0  stm32f4xx_hal_cortex.o ABSOLUTE
    ..\..\..\..\..\Drivers\STM32F4xx_HAL_Driver\Src\stm32f4xx_hal_dma.c 0x00000000   Number         0  stm32f4xx_hal_dma.o ABSOLUTE
    ..\..\..\..\..\Drivers\STM32F4xx_HAL_Driver\Src\stm32f4xx_hal_flash.c 0x00000000   Number         0  stm32f4xx_hal_flash.o ABSOLUTE
    ..\..\..\..\..\Drivers\STM32F4xx_HAL_Driver\Src\stm32f4xx_hal_flash_ex.c 0x00000000   Number         0  stm32f4xx_hal_flash_ex.o ABSOLUTE
    ..\..\..\..\..\Drivers\STM32F4xx_HAL_Driver\Src\stm32f4xx_hal_gpio.c 0x00000000   Number         0  stm32f4xx_hal_gpio.o ABSOLUTE
    ..\..\..\..\..\Drivers\STM32F4xx_HAL_Driver\Src\stm32f4xx_hal_i2c.c 0x00000000   Number         0  stm32f4xx_hal_i2c.o ABSOLUTE
    ..\..\..\..\..\Drivers\STM32F4xx_HAL_Driver\Src\stm32f4xx_hal_i2c_ex.c 0x00000000   Number         0  stm32f4xx_hal_i2c_ex.o ABSOLUTE
    ..\..\..\..\..\Drivers\STM32F4xx_HAL_Driver\Src\stm32f4xx_hal_pwr.c 0x00000000   Number         0  stm32f4xx_hal_pwr.o ABSOLUTE
    ..\..\..\..\..\Drivers\STM32F4xx_HAL_Driver\Src\stm32f4xx_hal_pwr_ex.c 0x00000000   Number         0  stm32f4xx_hal_pwr_ex.o ABSOLUTE
    ..\..\..\..\..\Drivers\STM32F4xx_HAL_Driver\Src\stm32f4xx_hal_rcc.c 0x00000000   Number         0  stm32f4xx_hal_rcc.o ABSOLUTE
    ..\..\..\..\..\Drivers\STM32F4xx_HAL_Driver\Src\stm32f4xx_hal_rcc_ex.c 0x00000000   Number         0  stm32f4xx_hal_rcc_ex.o ABSOLUTE
    ..\..\..\..\..\Drivers\STM32F4xx_HAL_Driver\Src\stm32f4xx_hal_rtc.c 0x00000000   Number         0  stm32f4xx_hal_rtc.o ABSOLUTE
    ..\..\..\..\..\Drivers\STM32F4xx_HAL_Driver\Src\stm32f4xx_hal_spi.c 0x00000000   Number         0  stm32f4xx_hal_spi.o ABSOLUTE
    ..\..\..\..\..\Drivers\STM32F4xx_HAL_Driver\Src\stm32f4xx_hal_uart.c 0x00000000   Number         0  stm32f4xx_hal_uart.o ABSOLUTE
    ..\Src\SPL06_01.c                        0x00000000   Number         0  spl06_01.o ABSOLUTE
    ..\Src\air_speed_i2c.c                   0x00000000   Number         0  air_speed_i2c.o ABSOLUTE
    ..\Src\bsp_uart.c                        0x00000000   Number         0  bsp_uart.o ABSOLUTE
    ..\Src\fls110.c                          0x00000000   Number         0  fls110.o ABSOLUTE
    ..\Src\main.c                            0x00000000   Number         0  main.o ABSOLUTE
    ..\Src\ms4525do.c                        0x00000000   Number         0  ms4525do.o ABSOLUTE
    ..\Src\stm32f4xx_hal_msp.c               0x00000000   Number         0  stm32f4xx_hal_msp.o ABSOLUTE
    ..\Src\stm32f4xx_it.c                    0x00000000   Number         0  stm32f4xx_it.o ABSOLUTE
    ..\Src\system_stm32f4xx.c                0x00000000   Number         0  system_stm32f4xx.o ABSOLUTE
    ..\Src\version_print.c                   0x00000000   Number         0  version_print.o ABSOLUTE
    ..\\..\\..\\..\\..\\Drivers\\BSP\\STM32F4xx-Nucleo\\stm32f4xx_nucleo.c 0x00000000   Number         0  stm32f4xx_nucleo.o ABSOLUTE
    ..\\..\\..\\..\\..\\Drivers\\STM32F4xx_HAL_Driver\\Src\\stm32f4xx_hal.c 0x00000000   Number         0  stm32f4xx_hal.o ABSOLUTE
    ..\\..\\..\\..\\..\\Drivers\\STM32F4xx_HAL_Driver\\Src\\stm32f4xx_hal_cortex.c 0x00000000   Number         0  stm32f4xx_hal_cortex.o ABSOLUTE
    ..\\..\\..\\..\\..\\Drivers\\STM32F4xx_HAL_Driver\\Src\\stm32f4xx_hal_dma.c 0x00000000   Number         0  stm32f4xx_hal_dma.o ABSOLUTE
    ..\\..\\..\\..\\..\\Drivers\\STM32F4xx_HAL_Driver\\Src\\stm32f4xx_hal_flash.c 0x00000000   Number         0  stm32f4xx_hal_flash.o ABSOLUTE
    ..\\..\\..\\..\\..\\Drivers\\STM32F4xx_HAL_Driver\\Src\\stm32f4xx_hal_flash_ex.c 0x00000000   Number         0  stm32f4xx_hal_flash_ex.o ABSOLUTE
    ..\\..\\..\\..\\..\\Drivers\\STM32F4xx_HAL_Driver\\Src\\stm32f4xx_hal_gpio.c 0x00000000   Number         0  stm32f4xx_hal_gpio.o ABSOLUTE
    ..\\..\\..\\..\\..\\Drivers\\STM32F4xx_HAL_Driver\\Src\\stm32f4xx_hal_i2c.c 0x00000000   Number         0  stm32f4xx_hal_i2c.o ABSOLUTE
    ..\\..\\..\\..\\..\\Drivers\\STM32F4xx_HAL_Driver\\Src\\stm32f4xx_hal_i2c_ex.c 0x00000000   Number         0  stm32f4xx_hal_i2c_ex.o ABSOLUTE
    ..\\..\\..\\..\\..\\Drivers\\STM32F4xx_HAL_Driver\\Src\\stm32f4xx_hal_pwr.c 0x00000000   Number         0  stm32f4xx_hal_pwr.o ABSOLUTE
    ..\\..\\..\\..\\..\\Drivers\\STM32F4xx_HAL_Driver\\Src\\stm32f4xx_hal_pwr_ex.c 0x00000000   Number         0  stm32f4xx_hal_pwr_ex.o ABSOLUTE
    ..\\..\\..\\..\\..\\Drivers\\STM32F4xx_HAL_Driver\\Src\\stm32f4xx_hal_rcc.c 0x00000000   Number         0  stm32f4xx_hal_rcc.o ABSOLUTE
    ..\\..\\..\\..\\..\\Drivers\\STM32F4xx_HAL_Driver\\Src\\stm32f4xx_hal_rcc_ex.c 0x00000000   Number         0  stm32f4xx_hal_rcc_ex.o ABSOLUTE
    ..\\..\\..\\..\\..\\Drivers\\STM32F4xx_HAL_Driver\\Src\\stm32f4xx_hal_rtc.c 0x00000000   Number         0  stm32f4xx_hal_rtc.o ABSOLUTE
    ..\\..\\..\\..\\..\\Drivers\\STM32F4xx_HAL_Driver\\Src\\stm32f4xx_hal_spi.c 0x00000000   Number         0  stm32f4xx_hal_spi.o ABSOLUTE
    ..\\..\\..\\..\\..\\Drivers\\STM32F4xx_HAL_Driver\\Src\\stm32f4xx_hal_uart.c 0x00000000   Number         0  stm32f4xx_hal_uart.o ABSOLUTE
    ..\\Src\\SPL06_01.c                      0x00000000   Number         0  spl06_01.o ABSOLUTE
    ..\\Src\\air_speed_i2c.c                 0x00000000   Number         0  air_speed_i2c.o ABSOLUTE
    ..\\Src\\bsp_uart.c                      0x00000000   Number         0  bsp_uart.o ABSOLUTE
    ..\\Src\\fls110.c                        0x00000000   Number         0  fls110.o ABSOLUTE
    ..\\Src\\main.c                          0x00000000   Number         0  main.o ABSOLUTE
    ..\\Src\\ms4525do.c                      0x00000000   Number         0  ms4525do.o ABSOLUTE
    ..\\Src\\stm32f4xx_hal_msp.c             0x00000000   Number         0  stm32f4xx_hal_msp.o ABSOLUTE
    ..\\Src\\stm32f4xx_it.c                  0x00000000   Number         0  stm32f4xx_it.o ABSOLUTE
    ..\\Src\\system_stm32f4xx.c              0x00000000   Number         0  system_stm32f4xx.o ABSOLUTE
    cdrcmple.s                               0x00000000   Number         0  cdrcmple.o ABSOLUTE
    dc.s                                     0x00000000   Number         0  dc.o ABSOLUTE
    handlers.s                               0x00000000   Number         0  handlers.o ABSOLUTE
    init.s                                   0x00000000   Number         0  init.o ABSOLUTE
    startup_stm32f401xe.s                    0x00000000   Number         0  startup_stm32f401xe.o ABSOLUTE
    RESET                                    0x08000000   Section      404  startup_stm32f401xe.o(RESET)
    .ARM.Collect$$$$00000000                 0x08000194   Section        0  entry.o(.ARM.Collect$$$$00000000)
    .ARM.Collect$$$$00000001                 0x08000194   Section        4  entry2.o(.ARM.Collect$$$$00000001)
    .ARM.Collect$$$$00000004                 0x08000198   Section        4  entry5.o(.ARM.Collect$$$$00000004)
    .ARM.Collect$$$$00000008                 0x0800019c   Section        0  entry7b.o(.ARM.Collect$$$$00000008)
    .ARM.Collect$$$$0000000A                 0x0800019c   Section        0  entry8b.o(.ARM.Collect$$$$0000000A)
    .ARM.Collect$$$$0000000B                 0x0800019c   Section        8  entry9a.o(.ARM.Collect$$$$0000000B)
    .ARM.Collect$$$$0000000E                 0x080001a4   Section        4  entry12b.o(.ARM.Collect$$$$0000000E)
    .ARM.Collect$$$$0000000F                 0x080001a8   Section        0  entry10a.o(.ARM.Collect$$$$0000000F)
    .ARM.Collect$$$$00000011                 0x080001a8   Section        0  entry11a.o(.ARM.Collect$$$$00000011)
    .ARM.Collect$$$$00002712                 0x080001a8   Section        4  entry2.o(.ARM.Collect$$$$00002712)
    __lit__00000000                          0x080001a8   Data           4  entry2.o(.ARM.Collect$$$$00002712)
    .text                                    0x080001ac   Section       36  startup_stm32f401xe.o(.text)
    $v0                                      0x080001ac   Number         0  startup_stm32f401xe.o(.text)
    .text                                    0x080001d0   Section        0  uldiv.o(.text)
    .text                                    0x08000232   Section        0  memmovea.o(.text)
    .text                                    0x08000272   Section        0  memseta.o(.text)
    .text                                    0x08000296   Section        0  strcmp.o(.text)
    .text                                    0x080002b2   Section        0  memcmp.o(.text)
    .text                                    0x080002cc   Section        0  atoi.o(.text)
    .text                                    0x080002e6   Section        0  dadd.o(.text)
    .text                                    0x08000434   Section        0  dmul.o(.text)
    .text                                    0x08000518   Section        0  ddiv.o(.text)
    .text                                    0x080005f6   Section        0  f2d.o(.text)
    .text                                    0x0800061c   Section        0  d2f.o(.text)
    .text                                    0x08000654   Section        0  uidiv.o(.text)
    .text                                    0x08000680   Section        0  llshl.o(.text)
    .text                                    0x0800069e   Section        0  llushr.o(.text)
    .text                                    0x080006be   Section        0  llsshr.o(.text)
    .text                                    0x080006e2   Section        0  strtol.o(.text)
    .text                                    0x08000752   Section        0  iusefp.o(.text)
    .text                                    0x08000752   Section        0  fepilogue.o(.text)
    .text                                    0x080007c0   Section        0  depilogue.o(.text)
    .text                                    0x0800087a   Section        0  dfixul.o(.text)
    .text                                    0x080008ac   Section       48  cdrcmple.o(.text)
    .text                                    0x080008dc   Section       36  init.o(.text)
    .text                                    0x08000900   Section        0  ctype_o.o(.text)
    .text                                    0x08000908   Section        0  _strtoul.o(.text)
    .text                                    0x080009a6   Section        0  _chval.o(.text)
    i.Air_Speed_I2C1_Init                    0x080009c4   Section        0  air_speed_i2c.o(i.Air_Speed_I2C1_Init)
    i.BSP_COM_Init                           0x08000a00   Section        0  bsp_uart.o(i.BSP_COM_Init)
    i.BSP_Device_Init                        0x08000ad4   Section        0  main.o(i.BSP_Device_Init)
    BSP_Device_Init                          0x08000ad5   Thumb Code    14  main.o(i.BSP_Device_Init)
    i.BSP_LED_Init                           0x08000ae4   Section        0  stm32f4xx_nucleo.o(i.BSP_LED_Init)
    i.BSP_LED_On                             0x08000b4c   Section        0  stm32f4xx_nucleo.o(i.BSP_LED_On)
    i.BSP_STDIO_Init                         0x08000b6c   Section        0  bsp_uart.o(i.BSP_STDIO_Init)
    i.BSP_STDIO_Read                         0x08000c50   Section        0  bsp_uart.o(i.BSP_STDIO_Read)
    i.BSP_UART_Init                          0x08000c68   Section        0  bsp_uart.o(i.BSP_UART_Init)
    i.BusFault_Handler                       0x08000c80   Section        0  stm32f4xx_it.o(i.BusFault_Handler)
    i.DMA_CalcBaseAndBitshift                0x08000c84   Section        0  stm32f4xx_hal_dma.o(i.DMA_CalcBaseAndBitshift)
    DMA_CalcBaseAndBitshift                  0x08000c85   Thumb Code    46  stm32f4xx_hal_dma.o(i.DMA_CalcBaseAndBitshift)
    i.DMA_CheckFifoParam                     0x08000cb8   Section        0  stm32f4xx_hal_dma.o(i.DMA_CheckFifoParam)
    DMA_CheckFifoParam                       0x08000cb9   Thumb Code   170  stm32f4xx_hal_dma.o(i.DMA_CheckFifoParam)
    i.DebugMon_Handler                       0x08000d62   Section        0  stm32f4xx_it.o(i.DebugMon_Handler)
    i.Error_Handler                          0x08000d64   Section        0  main.o(i.Error_Handler)
    i.Error_Handler                          0x08000d7c   Section        0  bsp_uart.o(i.Error_Handler)
    Error_Handler                            0x08000d7d   Thumb Code    16  bsp_uart.o(i.Error_Handler)
    i.FLS110_Check_FW_ID                     0x08000d94   Section        0  fls110.o(i.FLS110_Check_FW_ID)
    FLS110_Check_FW_ID                       0x08000d95   Thumb Code    52  fls110.o(i.FLS110_Check_FW_ID)
    i.FLS110_Check_Unique_ID                 0x08000de4   Section        0  fls110.o(i.FLS110_Check_Unique_ID)
    FLS110_Check_Unique_ID                   0x08000de5   Thumb Code    66  fls110.o(i.FLS110_Check_Unique_ID)
    i.FLS110_Get_Ready                       0x08000e44   Section        0  fls110.o(i.FLS110_Get_Ready)
    FLS110_Get_Ready                         0x08000e45   Thumb Code    24  fls110.o(i.FLS110_Get_Ready)
    i.FLS110_Reg_Read                        0x08000e5c   Section        0  fls110.o(i.FLS110_Reg_Read)
    FLS110_Reg_Read                          0x08000e5d   Thumb Code    32  fls110.o(i.FLS110_Reg_Read)
    i.FLS110_Reg_Write                       0x08000e7c   Section        0  fls110.o(i.FLS110_Reg_Write)
    FLS110_Reg_Write                         0x08000e7d   Thumb Code    44  fls110.o(i.FLS110_Reg_Write)
    i.FLS110_Sensor_Init                     0x08000ea8   Section        0  fls110.o(i.FLS110_Sensor_Init)
    i.FLS110_Sensor_Start                    0x08000ec4   Section        0  fls110.o(i.FLS110_Sensor_Start)
    i.FLS110_Sensor_Test                     0x08000ed0   Section        0  fls110.o(i.FLS110_Sensor_Test)
    i.FLS110_Set_Avg                         0x08000ef0   Section        0  fls110.o(i.FLS110_Set_Avg)
    FLS110_Set_Avg                           0x08000ef1   Thumb Code   100  fls110.o(i.FLS110_Set_Avg)
    i.FLS110_Set_Basis                       0x08000fb8   Section        0  fls110.o(i.FLS110_Set_Basis)
    FLS110_Set_Basis                         0x08000fb9   Thumb Code   100  fls110.o(i.FLS110_Set_Basis)
    i.FLS110_Set_Mode                        0x08001084   Section        0  fls110.o(i.FLS110_Set_Mode)
    FLS110_Set_Mode                          0x08001085   Thumb Code   100  fls110.o(i.FLS110_Set_Mode)
    i.FLS110_data_read                       0x0800114c   Section        0  fls110.o(i.FLS110_data_read)
    FLS110_data_read                         0x0800114d   Thumb Code   366  fls110.o(i.FLS110_data_read)
    i.FLS_I2C_Read                           0x08001320   Section        0  fls110.o(i.FLS_I2C_Read)
    FLS_I2C_Read                             0x08001321   Thumb Code    28  fls110.o(i.FLS_I2C_Read)
    i.FLS_I2C_Write                          0x08001340   Section        0  fls110.o(i.FLS_I2C_Write)
    FLS_I2C_Write                            0x08001341   Thumb Code    28  fls110.o(i.FLS_I2C_Write)
    i.HAL_DMA_Abort                          0x08001360   Section        0  stm32f4xx_hal_dma.o(i.HAL_DMA_Abort)
    i.HAL_DMA_Abort_IT                       0x0800140a   Section        0  stm32f4xx_hal_dma.o(i.HAL_DMA_Abort_IT)
    i.HAL_DMA_Init                           0x08001434   Section        0  stm32f4xx_hal_dma.o(i.HAL_DMA_Init)
    i.HAL_Delay                              0x08001520   Section        0  stm32f4xx_hal.o(i.HAL_Delay)
    i.HAL_GPIO_Init                          0x08001548   Section        0  stm32f4xx_hal_gpio.o(i.HAL_GPIO_Init)
    i.HAL_GPIO_WritePin                      0x08001720   Section        0  stm32f4xx_hal_gpio.o(i.HAL_GPIO_WritePin)
    i.HAL_GetTick                            0x0800172c   Section        0  stm32f4xx_hal.o(i.HAL_GetTick)
    i.HAL_I2C_Init                           0x08001738   Section        0  stm32f4xx_hal_i2c.o(i.HAL_I2C_Init)
    i.HAL_I2C_Master_Receive                 0x08001908   Section        0  stm32f4xx_hal_i2c.o(i.HAL_I2C_Master_Receive)
    i.HAL_I2C_Master_Transmit                0x08001c00   Section        0  stm32f4xx_hal_i2c.o(i.HAL_I2C_Master_Transmit)
    i.HAL_I2C_MspInit                        0x08001d70   Section        0  air_speed_i2c.o(i.HAL_I2C_MspInit)
    i.HAL_IncTick                            0x08001df0   Section        0  stm32f4xx_hal.o(i.HAL_IncTick)
    i.HAL_Init                               0x08001e08   Section        0  stm32f4xx_hal.o(i.HAL_Init)
    i.HAL_InitTick                           0x08001e44   Section        0  stm32f4xx_hal.o(i.HAL_InitTick)
    i.HAL_MspInit                            0x08001e90   Section        0  stm32f4xx_hal.o(i.HAL_MspInit)
    i.HAL_NVIC_EnableIRQ                     0x08001e92   Section        0  stm32f4xx_hal_cortex.o(i.HAL_NVIC_EnableIRQ)
    i.HAL_NVIC_SetPriority                   0x08001eba   Section        0  stm32f4xx_hal_cortex.o(i.HAL_NVIC_SetPriority)
    i.HAL_NVIC_SetPriorityGrouping           0x08001f38   Section        0  stm32f4xx_hal_cortex.o(i.HAL_NVIC_SetPriorityGrouping)
    i.HAL_RCC_ClockConfig                    0x08001f60   Section        0  stm32f4xx_hal_rcc.o(i.HAL_RCC_ClockConfig)
    i.HAL_RCC_GetHCLKFreq                    0x080020e4   Section        0  stm32f4xx_hal_rcc.o(i.HAL_RCC_GetHCLKFreq)
    i.HAL_RCC_GetPCLK1Freq                   0x080020f0   Section        0  stm32f4xx_hal_rcc.o(i.HAL_RCC_GetPCLK1Freq)
    i.HAL_RCC_GetPCLK2Freq                   0x08002110   Section        0  stm32f4xx_hal_rcc.o(i.HAL_RCC_GetPCLK2Freq)
    i.HAL_RCC_GetSysClockFreq                0x08002130   Section        0  stm32f4xx_hal_rcc.o(i.HAL_RCC_GetSysClockFreq)
    i.HAL_RCC_OscConfig                      0x080021e0   Section        0  stm32f4xx_hal_rcc.o(i.HAL_RCC_OscConfig)
    i.HAL_SYSTICK_Config                     0x0800267c   Section        0  stm32f4xx_hal_cortex.o(i.HAL_SYSTICK_Config)
    i.HAL_UARTEx_RxEventCallback             0x080026b0   Section        0  stm32f4xx_hal_uart.o(i.HAL_UARTEx_RxEventCallback)
    i.HAL_UART_ErrorCallback                 0x080026b4   Section        0  bsp_uart.o(i.HAL_UART_ErrorCallback)
    i.HAL_UART_IRQHandler                    0x080026d0   Section        0  stm32f4xx_hal_uart.o(i.HAL_UART_IRQHandler)
    i.HAL_UART_Init                          0x08002920   Section        0  stm32f4xx_hal_uart.o(i.HAL_UART_Init)
    i.HAL_UART_MspInit                       0x08002994   Section        0  stm32f4xx_hal_msp.o(i.HAL_UART_MspInit)
    i.HAL_UART_Receive_IT                    0x08002b20   Section        0  stm32f4xx_hal_uart.o(i.HAL_UART_Receive_IT)
    i.HAL_UART_RxCpltCallback                0x08002b62   Section        0  bsp_uart.o(i.HAL_UART_RxCpltCallback)
    i.HAL_UART_Transmit                      0x08002b6c   Section        0  stm32f4xx_hal_uart.o(i.HAL_UART_Transmit)
    i.HAL_UART_TxCpltCallback                0x08002c3e   Section        0  bsp_uart.o(i.HAL_UART_TxCpltCallback)
    i.HardFault_Handler                      0x08002c40   Section        0  stm32f4xx_it.o(i.HardFault_Handler)
    i.I2C_IsAcknowledgeFailed                0x08002c44   Section        0  stm32f4xx_hal_i2c.o(i.I2C_IsAcknowledgeFailed)
    I2C_IsAcknowledgeFailed                  0x08002c45   Thumb Code    62  stm32f4xx_hal_i2c.o(i.I2C_IsAcknowledgeFailed)
    i.I2C_MasterRequestRead                  0x08002c84   Section        0  stm32f4xx_hal_i2c.o(i.I2C_MasterRequestRead)
    I2C_MasterRequestRead                    0x08002c85   Thumb Code   308  stm32f4xx_hal_i2c.o(i.I2C_MasterRequestRead)
    i.I2C_MasterRequestWrite                 0x08002dbc   Section        0  stm32f4xx_hal_i2c.o(i.I2C_MasterRequestWrite)
    I2C_MasterRequestWrite                   0x08002dbd   Thumb Code   186  stm32f4xx_hal_i2c.o(i.I2C_MasterRequestWrite)
    i.I2C_WaitOnBTFFlagUntilTimeout          0x08002e7c   Section        0  stm32f4xx_hal_i2c.o(i.I2C_WaitOnBTFFlagUntilTimeout)
    I2C_WaitOnBTFFlagUntilTimeout            0x08002e7d   Thumb Code    92  stm32f4xx_hal_i2c.o(i.I2C_WaitOnBTFFlagUntilTimeout)
    i.I2C_WaitOnFlagUntilTimeout             0x08002ed8   Section        0  stm32f4xx_hal_i2c.o(i.I2C_WaitOnFlagUntilTimeout)
    I2C_WaitOnFlagUntilTimeout               0x08002ed9   Thumb Code   134  stm32f4xx_hal_i2c.o(i.I2C_WaitOnFlagUntilTimeout)
    i.I2C_WaitOnMasterAddressFlagUntilTimeout 0x08002f5e   Section        0  stm32f4xx_hal_i2c.o(i.I2C_WaitOnMasterAddressFlagUntilTimeout)
    I2C_WaitOnMasterAddressFlagUntilTimeout  0x08002f5f   Thumb Code   196  stm32f4xx_hal_i2c.o(i.I2C_WaitOnMasterAddressFlagUntilTimeout)
    i.I2C_WaitOnRXNEFlagUntilTimeout         0x08003022   Section        0  stm32f4xx_hal_i2c.o(i.I2C_WaitOnRXNEFlagUntilTimeout)
    I2C_WaitOnRXNEFlagUntilTimeout           0x08003023   Thumb Code   128  stm32f4xx_hal_i2c.o(i.I2C_WaitOnRXNEFlagUntilTimeout)
    i.I2C_WaitOnTXEFlagUntilTimeout          0x080030a2   Section        0  stm32f4xx_hal_i2c.o(i.I2C_WaitOnTXEFlagUntilTimeout)
    I2C_WaitOnTXEFlagUntilTimeout            0x080030a3   Thumb Code    92  stm32f4xx_hal_i2c.o(i.I2C_WaitOnTXEFlagUntilTimeout)
    i.MS4525DO_Sensor_Test                   0x08003100   Section        0  ms4525do.o(i.MS4525DO_Sensor_Test)
    i.MS4525DO_data_read                     0x0800325c   Section        0  ms4525do.o(i.MS4525DO_data_read)
    i.MS_I2C_Read                            0x0800328c   Section        0  ms4525do.o(i.MS_I2C_Read)
    MS_I2C_Read                              0x0800328d   Thumb Code    28  ms4525do.o(i.MS_I2C_Read)
    i.MemManage_Handler                      0x080032ac   Section        0  stm32f4xx_it.o(i.MemManage_Handler)
    i.NMI_Handler                            0x080032b0   Section        0  stm32f4xx_it.o(i.NMI_Handler)
    i.PendSV_Handler                         0x080032b2   Section        0  stm32f4xx_it.o(i.PendSV_Handler)
    i.PrintVersion                           0x080032b4   Section        0  version_print.o(i.PrintVersion)
    i.SPL_I2C_Read                           0x080033c8   Section        0  spl06_01.o(i.SPL_I2C_Read)
    SPL_I2C_Read                             0x080033c9   Thumb Code    28  spl06_01.o(i.SPL_I2C_Read)
    i.SPL_I2C_Write                          0x080033e8   Section        0  spl06_01.o(i.SPL_I2C_Write)
    i.SVC_Handler                            0x08003408   Section        0  stm32f4xx_it.o(i.SVC_Handler)
    i.SysTick_Handler                        0x0800340a   Section        0  stm32f4xx_it.o(i.SysTick_Handler)
    i.SystemClock_Config                     0x08003414   Section        0  main.o(i.SystemClock_Config)
    SystemClock_Config                       0x08003415   Thumb Code   178  main.o(i.SystemClock_Config)
    i.SystemInit                             0x080034d0   Section        0  system_stm32f4xx.o(i.SystemInit)
    i.UART_DMAAbortOnError                   0x08003534   Section        0  stm32f4xx_hal_uart.o(i.UART_DMAAbortOnError)
    UART_DMAAbortOnError                     0x08003535   Thumb Code    20  stm32f4xx_hal_uart.o(i.UART_DMAAbortOnError)
    i.UART_EndRxTransfer                     0x08003548   Section        0  stm32f4xx_hal_uart.o(i.UART_EndRxTransfer)
    UART_EndRxTransfer                       0x08003549   Thumb Code    54  stm32f4xx_hal_uart.o(i.UART_EndRxTransfer)
    i.UART_EndTransmit_IT                    0x0800357e   Section        0  stm32f4xx_hal_uart.o(i.UART_EndTransmit_IT)
    UART_EndTransmit_IT                      0x0800357f   Thumb Code    32  stm32f4xx_hal_uart.o(i.UART_EndTransmit_IT)
    i.UART_Receive_IT                        0x0800359e   Section        0  stm32f4xx_hal_uart.o(i.UART_Receive_IT)
    UART_Receive_IT                          0x0800359f   Thumb Code   190  stm32f4xx_hal_uart.o(i.UART_Receive_IT)
    i.UART_SetConfig                         0x0800365c   Section        0  stm32f4xx_hal_uart.o(i.UART_SetConfig)
    UART_SetConfig                           0x0800365d   Thumb Code   546  stm32f4xx_hal_uart.o(i.UART_SetConfig)
    i.UART_Start_Receive_IT                  0x08003888   Section        0  stm32f4xx_hal_uart.o(i.UART_Start_Receive_IT)
    i.UART_Transmit_IT                       0x080038ce   Section        0  stm32f4xx_hal_uart.o(i.UART_Transmit_IT)
    UART_Transmit_IT                         0x080038cf   Thumb Code    96  stm32f4xx_hal_uart.o(i.UART_Transmit_IT)
    i.UART_WaitOnFlagUntilTimeout            0x0800392e   Section        0  stm32f4xx_hal_uart.o(i.UART_WaitOnFlagUntilTimeout)
    UART_WaitOnFlagUntilTimeout              0x0800392f   Thumb Code   108  stm32f4xx_hal_uart.o(i.UART_WaitOnFlagUntilTimeout)
    i.USART2_IRQHandler                      0x0800399c   Section        0  stm32f4xx_it.o(i.USART2_IRQHandler)
    i.UartCmdParse                           0x080039ac   Section        0  bsp_uart.o(i.UartCmdParse)
    i.UsageFault_Handler                     0x08003af0   Section        0  stm32f4xx_it.o(i.UsageFault_Handler)
    i.__0printf                              0x08003af4   Section        0  printfa.o(i.__0printf)
    i.__NVIC_GetPriorityGrouping             0x08003b14   Section        0  stm32f4xx_hal_cortex.o(i.__NVIC_GetPriorityGrouping)
    __NVIC_GetPriorityGrouping               0x08003b15   Thumb Code    10  stm32f4xx_hal_cortex.o(i.__NVIC_GetPriorityGrouping)
    i.__NVIC_SetPriority                     0x08003b24   Section        0  stm32f4xx_hal_cortex.o(i.__NVIC_SetPriority)
    __NVIC_SetPriority                       0x08003b25   Thumb Code    32  stm32f4xx_hal_cortex.o(i.__NVIC_SetPriority)
    i.__aeabi_errno_addr                     0x08003b4c   Section        0  errno.o(i.__aeabi_errno_addr)
    i.__scatterload_copy                     0x08003b54   Section       14  handlers.o(i.__scatterload_copy)
    i.__scatterload_null                     0x08003b62   Section        2  handlers.o(i.__scatterload_null)
    i.__scatterload_zeroinit                 0x08003b64   Section       14  handlers.o(i.__scatterload_zeroinit)
    i._fp_digits                             0x08003b74   Section        0  printfa.o(i._fp_digits)
    _fp_digits                               0x08003b75   Thumb Code   366  printfa.o(i._fp_digits)
    i._printf_core                           0x08003cf8   Section        0  printfa.o(i._printf_core)
    _printf_core                             0x08003cf9   Thumb Code  1704  printfa.o(i._printf_core)
    i._printf_post_padding                   0x080043ac   Section        0  printfa.o(i._printf_post_padding)
    _printf_post_padding                     0x080043ad   Thumb Code    36  printfa.o(i._printf_post_padding)
    i._printf_pre_padding                    0x080043d0   Section        0  printfa.o(i._printf_pre_padding)
    _printf_pre_padding                      0x080043d1   Thumb Code    46  printfa.o(i._printf_pre_padding)
    i.fputc                                  0x08004400   Section        0  bsp_uart.o(i.fputc)
    i.get_app_ver                            0x0800441c   Section        0  version_print.o(i.get_app_ver)
    get_app_ver                              0x0800441d   Thumb Code     4  version_print.o(i.get_app_ver)
    i.getdate                                0x08004424   Section        0  version_print.o(i.getdate)
    getdate                                  0x08004425   Thumb Code   244  version_print.o(i.getdate)
    i.main                                   0x08004534   Section        0  main.o(i.main)
    i.spl0601_get_calib_param                0x0800455c   Section        0  spl06_01.o(i.spl0601_get_calib_param)
    i.spl0601_init                           0x08004744   Section        0  spl06_01.o(i.spl0601_init)
    i.spl0601_rateset                        0x08004784   Section        0  spl06_01.o(i.spl0601_rateset)
    i.spl0601_read                           0x080048f8   Section        0  spl06_01.o(i.spl0601_read)
    i.spl0601_write                          0x0800491a   Section        0  spl06_01.o(i.spl0601_write)
    .constdata                               0x08004938   Section        5  stm32f4xx_nucleo.o(.constdata)
    .constdata                               0x0800493d   Section       24  system_stm32f4xx.o(.constdata)
    .constdata                               0x08004955   Section        8  stm32f4xx_hal_dma.o(.constdata)
    flagBitshiftOffset                       0x08004955   Data           8  stm32f4xx_hal_dma.o(.constdata)
    .constdata                               0x0800495d   Section      129  ctype_o.o(.constdata)
    .constdata                               0x080049e0   Section        4  ctype_o.o(.constdata)
    table                                    0x080049e0   Data           4  ctype_o.o(.constdata)
    .conststring                             0x080049e4   Section       48  version_print.o(.conststring)
    .data                                    0x20000000   Section      100  version_print.o(.data)
    app_ver_str                              0x20000000   Data          50  version_print.o(.data)
    .data                                    0x20000064   Section        2  bsp_uart.o(.data)
    .data                                    0x20000068   Section        4  spl06_01.o(.data)
    p_spl0601                                0x20000068   Data           4  spl06_01.o(.data)
    .data                                    0x2000006c   Section       12  stm32f4xx_nucleo.o(.data)
    .data                                    0x20000078   Section        4  system_stm32f4xx.o(.data)
    .data                                    0x2000007c   Section        9  stm32f4xx_hal.o(.data)
    .data                                    0x20000088   Section        4  stdout.o(.data)
    .data                                    0x2000008c   Section        4  errno.o(.data)
    _errno                                   0x2000008c   Data           4  errno.o(.data)
    .bss                                     0x20000090   Section      384  stm32f4xx_hal_msp.o(.bss)
    hdma_tx                                  0x20000090   Data          96  stm32f4xx_hal_msp.o(.bss)
    hdma_rx                                  0x200000f0   Data          96  stm32f4xx_hal_msp.o(.bss)
    hdma_tx                                  0x20000150   Data          96  stm32f4xx_hal_msp.o(.bss)
    hdma_rx                                  0x200001b0   Data          96  stm32f4xx_hal_msp.o(.bss)
    .bss                                     0x20000210   Section      176  bsp_uart.o(.bss)
    UartCom                                  0x20000254   Data          68  bsp_uart.o(.bss)
    UartComInterface                         0x20000298   Data          20  bsp_uart.o(.bss)
    .bss                                     0x200002c0   Section       84  air_speed_i2c.o(.bss)
    .bss                                     0x20000314   Section       44  spl06_01.o(.bss)
    spl0601                                  0x20000314   Data          44  spl06_01.o(.bss)
    STACK                                    0x20000340   Section     1024  startup_stm32f401xe.o(STACK)

    Global Symbols

    Symbol Name                              Value     Ov Type        Size  Object(Section)

    BuildAttributes$$THM_ISAv4$E$P$D$K$B$S$7EM$VFPi3$EXTD16$VFPS$VFMA$PE$A:L22UL41UL21$X:L11$S22US41US21$IEEE1$IW$USESV6$~STKCKD$USESV7$~SHL$OTIME$ROPI$EBA8$MICROLIB$REQ8$PRES8$EABIv2 0x00000000   Number         0  anon$$obj.o ABSOLUTE
    __ARM_use_no_argv                        0x00000000   Number         0  main.o ABSOLUTE
    _printf_a                                0x00000000   Number         0  stubs.o ABSOLUTE
    _printf_c                                0x00000000   Number         0  stubs.o ABSOLUTE
    _printf_charcount                        0x00000000   Number         0  stubs.o ABSOLUTE
    _printf_d                                0x00000000   Number         0  stubs.o ABSOLUTE
    _printf_e                                0x00000000   Number         0  stubs.o ABSOLUTE
    _printf_f                                0x00000000   Number         0  stubs.o ABSOLUTE
    _printf_flags                            0x00000000   Number         0  stubs.o ABSOLUTE
    _printf_fp_dec                           0x00000000   Number         0  stubs.o ABSOLUTE
    _printf_fp_hex                           0x00000000   Number         0  stubs.o ABSOLUTE
    _printf_g                                0x00000000   Number         0  stubs.o ABSOLUTE
    _printf_i                                0x00000000   Number         0  stubs.o ABSOLUTE
    _printf_int_dec                          0x00000000   Number         0  stubs.o ABSOLUTE
    _printf_l                                0x00000000   Number         0  stubs.o ABSOLUTE
    _printf_lc                               0x00000000   Number         0  stubs.o ABSOLUTE
    _printf_ll                               0x00000000   Number         0  stubs.o ABSOLUTE
    _printf_lld                              0x00000000   Number         0  stubs.o ABSOLUTE
    _printf_lli                              0x00000000   Number         0  stubs.o ABSOLUTE
    _printf_llo                              0x00000000   Number         0  stubs.o ABSOLUTE
    _printf_llu                              0x00000000   Number         0  stubs.o ABSOLUTE
    _printf_llx                              0x00000000   Number         0  stubs.o ABSOLUTE
    _printf_longlong_dec                     0x00000000   Number         0  stubs.o ABSOLUTE
    _printf_longlong_hex                     0x00000000   Number         0  stubs.o ABSOLUTE
    _printf_longlong_oct                     0x00000000   Number         0  stubs.o ABSOLUTE
    _printf_ls                               0x00000000   Number         0  stubs.o ABSOLUTE
    _printf_mbtowc                           0x00000000   Number         0  stubs.o ABSOLUTE
    _printf_n                                0x00000000   Number         0  stubs.o ABSOLUTE
    _printf_o                                0x00000000   Number         0  stubs.o ABSOLUTE
    _printf_p                                0x00000000   Number         0  stubs.o ABSOLUTE
    _printf_percent                          0x00000000   Number         0  stubs.o ABSOLUTE
    _printf_pre_padding                      0x00000000   Number         0  stubs.o ABSOLUTE
    _printf_return_value                     0x00000000   Number         0  stubs.o ABSOLUTE
    _printf_s                                0x00000000   Number         0  stubs.o ABSOLUTE
    _printf_sizespec                         0x00000000   Number         0  stubs.o ABSOLUTE
    _printf_str                              0x00000000   Number         0  stubs.o ABSOLUTE
    _printf_truncate_signed                  0x00000000   Number         0  stubs.o ABSOLUTE
    _printf_truncate_unsigned                0x00000000   Number         0  stubs.o ABSOLUTE
    _printf_u                                0x00000000   Number         0  stubs.o ABSOLUTE
    _printf_wc                               0x00000000   Number         0  stubs.o ABSOLUTE
    _printf_wctomb                           0x00000000   Number         0  stubs.o ABSOLUTE
    _printf_widthprec                        0x00000000   Number         0  stubs.o ABSOLUTE
    _printf_x                                0x00000000   Number         0  stubs.o ABSOLUTE
    __arm_fini_                               - Undefined Weak Reference
    __cpp_initialize__aeabi_                  - Undefined Weak Reference
    __cxa_finalize                            - Undefined Weak Reference
    __decompress                              - Undefined Weak Reference
    _clock_init                               - Undefined Weak Reference
    _microlib_exit                            - Undefined Weak Reference
    __Vectors_Size                           0x00000194   Number         0  startup_stm32f401xe.o ABSOLUTE
    __Vectors                                0x08000000   Data           4  startup_stm32f401xe.o(RESET)
    __Vectors_End                            0x08000194   Data           0  startup_stm32f401xe.o(RESET)
    __main                                   0x08000195   Thumb Code     0  entry.o(.ARM.Collect$$$$00000000)
    _main_stk                                0x08000195   Thumb Code     0  entry2.o(.ARM.Collect$$$$00000001)
    _main_scatterload                        0x08000199   Thumb Code     0  entry5.o(.ARM.Collect$$$$00000004)
    __main_after_scatterload                 0x0800019d   Thumb Code     0  entry5.o(.ARM.Collect$$$$00000004)
    _main_clock                              0x0800019d   Thumb Code     0  entry7b.o(.ARM.Collect$$$$00000008)
    _main_cpp_init                           0x0800019d   Thumb Code     0  entry8b.o(.ARM.Collect$$$$0000000A)
    _main_init                               0x0800019d   Thumb Code     0  entry9a.o(.ARM.Collect$$$$0000000B)
    __rt_lib_shutdown_fini                   0x080001a5   Thumb Code     0  entry12b.o(.ARM.Collect$$$$0000000E)
    __rt_final_cpp                           0x080001a9   Thumb Code     0  entry10a.o(.ARM.Collect$$$$0000000F)
    __rt_final_exit                          0x080001a9   Thumb Code     0  entry11a.o(.ARM.Collect$$$$00000011)
    Reset_Handler                            0x080001ad   Thumb Code     8  startup_stm32f401xe.o(.text)
    ADC_IRQHandler                           0x080001c7   Thumb Code     0  startup_stm32f401xe.o(.text)
    DMA1_Stream0_IRQHandler                  0x080001c7   Thumb Code     0  startup_stm32f401xe.o(.text)
    DMA1_Stream1_IRQHandler                  0x080001c7   Thumb Code     0  startup_stm32f401xe.o(.text)
    DMA1_Stream2_IRQHandler                  0x080001c7   Thumb Code     0  startup_stm32f401xe.o(.text)
    DMA1_Stream3_IRQHandler                  0x080001c7   Thumb Code     0  startup_stm32f401xe.o(.text)
    DMA1_Stream4_IRQHandler                  0x080001c7   Thumb Code     0  startup_stm32f401xe.o(.text)
    DMA1_Stream5_IRQHandler                  0x080001c7   Thumb Code     0  startup_stm32f401xe.o(.text)
    DMA1_Stream6_IRQHandler                  0x080001c7   Thumb Code     0  startup_stm32f401xe.o(.text)
    DMA1_Stream7_IRQHandler                  0x080001c7   Thumb Code     0  startup_stm32f401xe.o(.text)
    DMA2_Stream0_IRQHandler                  0x080001c7   Thumb Code     0  startup_stm32f401xe.o(.text)
    DMA2_Stream1_IRQHandler                  0x080001c7   Thumb Code     0  startup_stm32f401xe.o(.text)
    DMA2_Stream2_IRQHandler                  0x080001c7   Thumb Code     0  startup_stm32f401xe.o(.text)
    DMA2_Stream3_IRQHandler                  0x080001c7   Thumb Code     0  startup_stm32f401xe.o(.text)
    DMA2_Stream4_IRQHandler                  0x080001c7   Thumb Code     0  startup_stm32f401xe.o(.text)
    DMA2_Stream5_IRQHandler                  0x080001c7   Thumb Code     0  startup_stm32f401xe.o(.text)
    DMA2_Stream6_IRQHandler                  0x080001c7   Thumb Code     0  startup_stm32f401xe.o(.text)
    DMA2_Stream7_IRQHandler                  0x080001c7   Thumb Code     0  startup_stm32f401xe.o(.text)
    EXTI0_IRQHandler                         0x080001c7   Thumb Code     0  startup_stm32f401xe.o(.text)
    EXTI15_10_IRQHandler                     0x080001c7   Thumb Code     0  startup_stm32f401xe.o(.text)
    EXTI1_IRQHandler                         0x080001c7   Thumb Code     0  startup_stm32f401xe.o(.text)
    EXTI2_IRQHandler                         0x080001c7   Thumb Code     0  startup_stm32f401xe.o(.text)
    EXTI3_IRQHandler                         0x080001c7   Thumb Code     0  startup_stm32f401xe.o(.text)
    EXTI4_IRQHandler                         0x080001c7   Thumb Code     0  startup_stm32f401xe.o(.text)
    EXTI9_5_IRQHandler                       0x080001c7   Thumb Code     0  startup_stm32f401xe.o(.text)
    FLASH_IRQHandler                         0x080001c7   Thumb Code     0  startup_stm32f401xe.o(.text)
    FPU_IRQHandler                           0x080001c7   Thumb Code     0  startup_stm32f401xe.o(.text)
    I2C1_ER_IRQHandler                       0x080001c7   Thumb Code     0  startup_stm32f401xe.o(.text)
    I2C1_EV_IRQHandler                       0x080001c7   Thumb Code     0  startup_stm32f401xe.o(.text)
    I2C2_ER_IRQHandler                       0x080001c7   Thumb Code     0  startup_stm32f401xe.o(.text)
    I2C2_EV_IRQHandler                       0x080001c7   Thumb Code     0  startup_stm32f401xe.o(.text)
    I2C3_ER_IRQHandler                       0x080001c7   Thumb Code     0  startup_stm32f401xe.o(.text)
    I2C3_EV_IRQHandler                       0x080001c7   Thumb Code     0  startup_stm32f401xe.o(.text)
    OTG_FS_IRQHandler                        0x080001c7   Thumb Code     0  startup_stm32f401xe.o(.text)
    OTG_FS_WKUP_IRQHandler                   0x080001c7   Thumb Code     0  startup_stm32f401xe.o(.text)
    PVD_IRQHandler                           0x080001c7   Thumb Code     0  startup_stm32f401xe.o(.text)
    RCC_IRQHandler                           0x080001c7   Thumb Code     0  startup_stm32f401xe.o(.text)
    RTC_Alarm_IRQHandler                     0x080001c7   Thumb Code     0  startup_stm32f401xe.o(.text)
    RTC_WKUP_IRQHandler                      0x080001c7   Thumb Code     0  startup_stm32f401xe.o(.text)
    SDIO_IRQHandler                          0x080001c7   Thumb Code     0  startup_stm32f401xe.o(.text)
    SPI1_IRQHandler                          0x080001c7   Thumb Code     0  startup_stm32f401xe.o(.text)
    SPI2_IRQHandler                          0x080001c7   Thumb Code     0  startup_stm32f401xe.o(.text)
    SPI3_IRQHandler                          0x080001c7   Thumb Code     0  startup_stm32f401xe.o(.text)
    SPI4_IRQHandler                          0x080001c7   Thumb Code     0  startup_stm32f401xe.o(.text)
    TAMP_STAMP_IRQHandler                    0x080001c7   Thumb Code     0  startup_stm32f401xe.o(.text)
    TIM1_BRK_TIM9_IRQHandler                 0x080001c7   Thumb Code     0  startup_stm32f401xe.o(.text)
    TIM1_CC_IRQHandler                       0x080001c7   Thumb Code     0  startup_stm32f401xe.o(.text)
    TIM1_TRG_COM_TIM11_IRQHandler            0x080001c7   Thumb Code     0  startup_stm32f401xe.o(.text)
    TIM1_UP_TIM10_IRQHandler                 0x080001c7   Thumb Code     0  startup_stm32f401xe.o(.text)
    TIM2_IRQHandler                          0x080001c7   Thumb Code     0  startup_stm32f401xe.o(.text)
    TIM3_IRQHandler                          0x080001c7   Thumb Code     0  startup_stm32f401xe.o(.text)
    TIM4_IRQHandler                          0x080001c7   Thumb Code     0  startup_stm32f401xe.o(.text)
    TIM5_IRQHandler                          0x080001c7   Thumb Code     0  startup_stm32f401xe.o(.text)
    USART1_IRQHandler                        0x080001c7   Thumb Code     0  startup_stm32f401xe.o(.text)
    USART6_IRQHandler                        0x080001c7   Thumb Code     0  startup_stm32f401xe.o(.text)
    WWDG_IRQHandler                          0x080001c7   Thumb Code     0  startup_stm32f401xe.o(.text)
    __aeabi_uldivmod                         0x080001d1   Thumb Code    98  uldiv.o(.text)
    ___aeabi_memcpy$move                     0x08000233   Thumb Code    64  memmovea.o(.text)
    ___aeabi_memcpy4$move                    0x08000233   Thumb Code     0  memmovea.o(.text)
    ___aeabi_memcpy8$move                    0x08000233   Thumb Code     0  memmovea.o(.text)
    __aeabi_memmove                          0x08000233   Thumb Code     0  memmovea.o(.text)
    __aeabi_memmove4                         0x08000233   Thumb Code     0  memmovea.o(.text)
    __aeabi_memmove8                         0x08000233   Thumb Code     0  memmovea.o(.text)
    __aeabi_memset                           0x08000273   Thumb Code    14  memseta.o(.text)
    __aeabi_memset4                          0x08000273   Thumb Code     0  memseta.o(.text)
    __aeabi_memset8                          0x08000273   Thumb Code     0  memseta.o(.text)
    __aeabi_memclr                           0x08000281   Thumb Code     4  memseta.o(.text)
    __aeabi_memclr4                          0x08000281   Thumb Code     0  memseta.o(.text)
    __aeabi_memclr8                          0x08000281   Thumb Code     0  memseta.o(.text)
    _memset$wrapper                          0x08000285   Thumb Code    18  memseta.o(.text)
    strcmp                                   0x08000297   Thumb Code    28  strcmp.o(.text)
    memcmp                                   0x080002b3   Thumb Code    26  memcmp.o(.text)
    atoi                                     0x080002cd   Thumb Code    26  atoi.o(.text)
    __aeabi_dadd                             0x080002e7   Thumb Code   322  dadd.o(.text)
    __aeabi_dsub                             0x08000429   Thumb Code     6  dadd.o(.text)
    __aeabi_drsub                            0x0800042f   Thumb Code     6  dadd.o(.text)
    __aeabi_dmul                             0x08000435   Thumb Code   228  dmul.o(.text)
    __aeabi_ddiv                             0x08000519   Thumb Code   222  ddiv.o(.text)
    __aeabi_f2d                              0x080005f7   Thumb Code    38  f2d.o(.text)
    __aeabi_d2f                              0x0800061d   Thumb Code    56  d2f.o(.text)
    __aeabi_uidiv                            0x08000655   Thumb Code     0  uidiv.o(.text)
    __aeabi_uidivmod                         0x08000655   Thumb Code    44  uidiv.o(.text)
    __aeabi_llsl                             0x08000681   Thumb Code    30  llshl.o(.text)
    _ll_shift_l                              0x08000681   Thumb Code     0  llshl.o(.text)
    __aeabi_llsr                             0x0800069f   Thumb Code    32  llushr.o(.text)
    _ll_ushift_r                             0x0800069f   Thumb Code     0  llushr.o(.text)
    __aeabi_lasr                             0x080006bf   Thumb Code    36  llsshr.o(.text)
    _ll_sshift_r                             0x080006bf   Thumb Code     0  llsshr.o(.text)
    strtol                                   0x080006e3   Thumb Code   112  strtol.o(.text)
    __I$use$fp                               0x08000753   Thumb Code     0  iusefp.o(.text)
    _float_round                             0x08000753   Thumb Code    18  fepilogue.o(.text)
    _float_epilogue                          0x08000765   Thumb Code    92  fepilogue.o(.text)
    _double_round                            0x080007c1   Thumb Code    30  depilogue.o(.text)
    _double_epilogue                         0x080007df   Thumb Code   156  depilogue.o(.text)
    __aeabi_d2ulz                            0x0800087b   Thumb Code    48  dfixul.o(.text)
    __aeabi_cdrcmple                         0x080008ad   Thumb Code    48  cdrcmple.o(.text)
    __scatterload                            0x080008dd   Thumb Code    28  init.o(.text)
    __scatterload_rt2                        0x080008dd   Thumb Code     0  init.o(.text)
    __rt_ctype_table                         0x08000901   Thumb Code     4  ctype_o.o(.text)
    _strtoul                                 0x08000909   Thumb Code   158  _strtoul.o(.text)
    _chval                                   0x080009a7   Thumb Code    28  _chval.o(.text)
    Air_Speed_I2C1_Init                      0x080009c5   Thumb Code    48  air_speed_i2c.o(i.Air_Speed_I2C1_Init)
    BSP_COM_Init                             0x08000a01   Thumb Code   196  bsp_uart.o(i.BSP_COM_Init)
    BSP_LED_Init                             0x08000ae5   Thumb Code    92  stm32f4xx_nucleo.o(i.BSP_LED_Init)
    BSP_LED_On                               0x08000b4d   Thumb Code    24  stm32f4xx_nucleo.o(i.BSP_LED_On)
    BSP_STDIO_Init                           0x08000b6d   Thumb Code   210  bsp_uart.o(i.BSP_STDIO_Init)
    BSP_STDIO_Read                           0x08000c51   Thumb Code    18  bsp_uart.o(i.BSP_STDIO_Read)
    BSP_UART_Init                            0x08000c69   Thumb Code    20  bsp_uart.o(i.BSP_UART_Init)
    BusFault_Handler                         0x08000c81   Thumb Code     4  stm32f4xx_it.o(i.BusFault_Handler)
    DebugMon_Handler                         0x08000d63   Thumb Code     2  stm32f4xx_it.o(i.DebugMon_Handler)
    Error_Handler                            0x08000d65   Thumb Code    16  main.o(i.Error_Handler)
    FLS110_Sensor_Init                       0x08000ea9   Thumb Code    28  fls110.o(i.FLS110_Sensor_Init)
    FLS110_Sensor_Start                      0x08000ec5   Thumb Code    10  fls110.o(i.FLS110_Sensor_Start)
    FLS110_Sensor_Test                       0x08000ed1   Thumb Code    26  fls110.o(i.FLS110_Sensor_Test)
    HAL_DMA_Abort                            0x08001361   Thumb Code   170  stm32f4xx_hal_dma.o(i.HAL_DMA_Abort)
    HAL_DMA_Abort_IT                         0x0800140b   Thumb Code    40  stm32f4xx_hal_dma.o(i.HAL_DMA_Abort_IT)
    HAL_DMA_Init                             0x08001435   Thumb Code   232  stm32f4xx_hal_dma.o(i.HAL_DMA_Init)
    HAL_Delay                                0x08001521   Thumb Code    36  stm32f4xx_hal.o(i.HAL_Delay)
    HAL_GPIO_Init                            0x08001549   Thumb Code   440  stm32f4xx_hal_gpio.o(i.HAL_GPIO_Init)
    HAL_GPIO_WritePin                        0x08001721   Thumb Code    12  stm32f4xx_hal_gpio.o(i.HAL_GPIO_WritePin)
    HAL_GetTick                              0x0800172d   Thumb Code     6  stm32f4xx_hal.o(i.HAL_GetTick)
    HAL_I2C_Init                             0x08001739   Thumb Code   446  stm32f4xx_hal_i2c.o(i.HAL_I2C_Init)
    HAL_I2C_Master_Receive                   0x08001909   Thumb Code   748  stm32f4xx_hal_i2c.o(i.HAL_I2C_Master_Receive)
    HAL_I2C_Master_Transmit                  0x08001c01   Thumb Code   360  stm32f4xx_hal_i2c.o(i.HAL_I2C_Master_Transmit)
    HAL_I2C_MspInit                          0x08001d71   Thumb Code   114  air_speed_i2c.o(i.HAL_I2C_MspInit)
    HAL_IncTick                              0x08001df1   Thumb Code    16  stm32f4xx_hal.o(i.HAL_IncTick)
    HAL_Init                                 0x08001e09   Thumb Code    54  stm32f4xx_hal.o(i.HAL_Init)
    HAL_InitTick                             0x08001e45   Thumb Code    64  stm32f4xx_hal.o(i.HAL_InitTick)
    HAL_MspInit                              0x08001e91   Thumb Code     2  stm32f4xx_hal.o(i.HAL_MspInit)
    HAL_NVIC_EnableIRQ                       0x08001e93   Thumb Code    40  stm32f4xx_hal_cortex.o(i.HAL_NVIC_EnableIRQ)
    HAL_NVIC_SetPriority                     0x08001ebb   Thumb Code   124  stm32f4xx_hal_cortex.o(i.HAL_NVIC_SetPriority)
    HAL_NVIC_SetPriorityGrouping             0x08001f39   Thumb Code    32  stm32f4xx_hal_cortex.o(i.HAL_NVIC_SetPriorityGrouping)
    HAL_RCC_ClockConfig                      0x08001f61   Thumb Code   368  stm32f4xx_hal_rcc.o(i.HAL_RCC_ClockConfig)
    HAL_RCC_GetHCLKFreq                      0x080020e5   Thumb Code     6  stm32f4xx_hal_rcc.o(i.HAL_RCC_GetHCLKFreq)
    HAL_RCC_GetPCLK1Freq                     0x080020f1   Thumb Code    22  stm32f4xx_hal_rcc.o(i.HAL_RCC_GetPCLK1Freq)
    HAL_RCC_GetPCLK2Freq                     0x08002111   Thumb Code    22  stm32f4xx_hal_rcc.o(i.HAL_RCC_GetPCLK2Freq)
    HAL_RCC_GetSysClockFreq                  0x08002131   Thumb Code   162  stm32f4xx_hal_rcc.o(i.HAL_RCC_GetSysClockFreq)
    HAL_RCC_OscConfig                        0x080021e1   Thumb Code  1172  stm32f4xx_hal_rcc.o(i.HAL_RCC_OscConfig)
    HAL_SYSTICK_Config                       0x0800267d   Thumb Code    52  stm32f4xx_hal_cortex.o(i.HAL_SYSTICK_Config)
    HAL_UARTEx_RxEventCallback               0x080026b1   Thumb Code     2  stm32f4xx_hal_uart.o(i.HAL_UARTEx_RxEventCallback)
    HAL_UART_ErrorCallback                   0x080026b5   Thumb Code    12  bsp_uart.o(i.HAL_UART_ErrorCallback)
    HAL_UART_IRQHandler                      0x080026d1   Thumb Code   586  stm32f4xx_hal_uart.o(i.HAL_UART_IRQHandler)
    HAL_UART_Init                            0x08002921   Thumb Code   114  stm32f4xx_hal_uart.o(i.HAL_UART_Init)
    HAL_UART_MspInit                         0x08002995   Thumb Code   374  stm32f4xx_hal_msp.o(i.HAL_UART_MspInit)
    HAL_UART_Receive_IT                      0x08002b21   Thumb Code    66  stm32f4xx_hal_uart.o(i.HAL_UART_Receive_IT)
    HAL_UART_RxCpltCallback                  0x08002b63   Thumb Code    10  bsp_uart.o(i.HAL_UART_RxCpltCallback)
    HAL_UART_Transmit                        0x08002b6d   Thumb Code   210  stm32f4xx_hal_uart.o(i.HAL_UART_Transmit)
    HAL_UART_TxCpltCallback                  0x08002c3f   Thumb Code     2  bsp_uart.o(i.HAL_UART_TxCpltCallback)
    HardFault_Handler                        0x08002c41   Thumb Code     4  stm32f4xx_it.o(i.HardFault_Handler)
    MS4525DO_Sensor_Test                     0x08003101   Thumb Code   264  ms4525do.o(i.MS4525DO_Sensor_Test)
    MS4525DO_data_read                       0x0800325d   Thumb Code    48  ms4525do.o(i.MS4525DO_data_read)
    MemManage_Handler                        0x080032ad   Thumb Code     4  stm32f4xx_it.o(i.MemManage_Handler)
    NMI_Handler                              0x080032b1   Thumb Code     2  stm32f4xx_it.o(i.NMI_Handler)
    PendSV_Handler                           0x080032b3   Thumb Code     2  stm32f4xx_it.o(i.PendSV_Handler)
    PrintVersion                             0x080032b5   Thumb Code    76  version_print.o(i.PrintVersion)
    SPL_I2C_Write                            0x080033e9   Thumb Code    28  spl06_01.o(i.SPL_I2C_Write)
    SVC_Handler                              0x08003409   Thumb Code     2  stm32f4xx_it.o(i.SVC_Handler)
    SysTick_Handler                          0x0800340b   Thumb Code     8  stm32f4xx_it.o(i.SysTick_Handler)
    SystemInit                               0x080034d1   Thumb Code    82  system_stm32f4xx.o(i.SystemInit)
    UART_Start_Receive_IT                    0x08003889   Thumb Code    70  stm32f4xx_hal_uart.o(i.UART_Start_Receive_IT)
    USART2_IRQHandler                        0x0800399d   Thumb Code    10  stm32f4xx_it.o(i.USART2_IRQHandler)
    UartCmdParse                             0x080039ad   Thumb Code   166  bsp_uart.o(i.UartCmdParse)
    UsageFault_Handler                       0x08003af1   Thumb Code     4  stm32f4xx_it.o(i.UsageFault_Handler)
    __0printf                                0x08003af5   Thumb Code    22  printfa.o(i.__0printf)
    __1printf                                0x08003af5   Thumb Code     0  printfa.o(i.__0printf)
    __2printf                                0x08003af5   Thumb Code     0  printfa.o(i.__0printf)
    __c89printf                              0x08003af5   Thumb Code     0  printfa.o(i.__0printf)
    printf                                   0x08003af5   Thumb Code     0  printfa.o(i.__0printf)
    __aeabi_errno_addr                       0x08003b4d   Thumb Code     4  errno.o(i.__aeabi_errno_addr)
    __rt_errno_addr                          0x08003b4d   Thumb Code     0  errno.o(i.__aeabi_errno_addr)
    __scatterload_copy                       0x08003b55   Thumb Code    14  handlers.o(i.__scatterload_copy)
    __scatterload_null                       0x08003b63   Thumb Code     2  handlers.o(i.__scatterload_null)
    __scatterload_zeroinit                   0x08003b65   Thumb Code    14  handlers.o(i.__scatterload_zeroinit)
    fputc                                    0x08004401   Thumb Code    22  bsp_uart.o(i.fputc)
    main                                     0x08004535   Thumb Code    40  main.o(i.main)
    spl0601_get_calib_param                  0x0800455d   Thumb Code   478  spl06_01.o(i.spl0601_get_calib_param)
    spl0601_init                             0x08004745   Thumb Code    54  spl06_01.o(i.spl0601_init)
    spl0601_rateset                          0x08004785   Thumb Code   366  spl06_01.o(i.spl0601_rateset)
    spl0601_read                             0x080048f9   Thumb Code    34  spl06_01.o(i.spl0601_read)
    spl0601_write                            0x0800491b   Thumb Code    30  spl06_01.o(i.spl0601_write)
    GPIO_PIN                                 0x08004938   Data           2  stm32f4xx_nucleo.o(.constdata)
    BUTTON_PIN                               0x0800493a   Data           2  stm32f4xx_nucleo.o(.constdata)
    BUTTON_IRQn                              0x0800493c   Data           1  stm32f4xx_nucleo.o(.constdata)
    AHBPrescTable                            0x0800493d   Data          16  system_stm32f4xx.o(.constdata)
    APBPrescTable                            0x0800494d   Data           8  system_stm32f4xx.o(.constdata)
    __ctype_table                            0x0800495d   Data         129  ctype_o.o(.constdata)
    Region$$Table$$Base                      0x08004a14   Number         0  anon$$obj.o(Region$$Table)
    Region$$Table$$Limit                     0x08004a34   Number         0  anon$$obj.o(Region$$Table)
    months                                   0x20000034   Data          48  version_print.o(.data)
    fls110Log                                0x20000064   Data           1  bsp_uart.o(.data)
    ms4525Log                                0x20000065   Data           1  bsp_uart.o(.data)
    GPIO_PORT                                0x2000006c   Data           4  stm32f4xx_nucleo.o(.data)
    BUTTON_PORT                              0x20000070   Data           4  stm32f4xx_nucleo.o(.data)
    SpixTimeout                              0x20000074   Data           4  stm32f4xx_nucleo.o(.data)
    SystemCoreClock                          0x20000078   Data           4  system_stm32f4xx.o(.data)
    uwTick                                   0x2000007c   Data           4  stm32f4xx_hal.o(.data)
    uwTickPrio                               0x20000080   Data           4  stm32f4xx_hal.o(.data)
    uwTickFreq                               0x20000084   Data           1  stm32f4xx_hal.o(.data)
    __stdout                                 0x20000088   Data           4  stdout.o(.data)
    UartStdio                                0x20000210   Data          68  bsp_uart.o(.bss)
    uart_cmd_str                             0x200002ac   Data          20  bsp_uart.o(.bss)
    hi2c1                                    0x200002c0   Data          84  air_speed_i2c.o(.bss)
    __initial_sp                             0x20000740   Data           0  startup_stm32f401xe.o(STACK)



==============================================================================

Memory Map of the image

  Image Entry point : 0x08000195

  Load Region LR_IROM1 (Base: 0x08000000, Size: 0x00004ac4, Max: 0x00080000, ABSOLUTE)

    Execution Region ER_IROM1 (Exec base: 0x08000000, Load base: 0x08000000, Size: 0x00004a34, Max: 0x00080000, ABSOLUTE)

    Exec Addr    Load Addr    Size         Type   Attr      Idx    E Section Name        Object

    0x08000000   0x08000000   0x00000194   Data   RO            3    RESET               startup_stm32f401xe.o
    0x08000194   0x08000194   0x00000000   Code   RO         3289  * .ARM.Collect$$$$00000000  mc_w.l(entry.o)
    0x08000194   0x08000194   0x00000004   Code   RO         3579    .ARM.Collect$$$$00000001  mc_w.l(entry2.o)
    0x08000198   0x08000198   0x00000004   Code   RO         3582    .ARM.Collect$$$$00000004  mc_w.l(entry5.o)
    0x0800019c   0x0800019c   0x00000000   Code   RO         3584    .ARM.Collect$$$$00000008  mc_w.l(entry7b.o)
    0x0800019c   0x0800019c   0x00000000   Code   RO         3586    .ARM.Collect$$$$0000000A  mc_w.l(entry8b.o)
    0x0800019c   0x0800019c   0x00000008   Code   RO         3587    .ARM.Collect$$$$0000000B  mc_w.l(entry9a.o)
    0x080001a4   0x080001a4   0x00000004   Code   RO         3594    .ARM.Collect$$$$0000000E  mc_w.l(entry12b.o)
    0x080001a8   0x080001a8   0x00000000   Code   RO         3589    .ARM.Collect$$$$0000000F  mc_w.l(entry10a.o)
    0x080001a8   0x080001a8   0x00000000   Code   RO         3591    .ARM.Collect$$$$00000011  mc_w.l(entry11a.o)
    0x080001a8   0x080001a8   0x00000004   Code   RO         3580    .ARM.Collect$$$$00002712  mc_w.l(entry2.o)
    0x080001ac   0x080001ac   0x00000024   Code   RO            4    .text               startup_stm32f401xe.o
    0x080001d0   0x080001d0   0x00000062   Code   RO         3292    .text               mc_w.l(uldiv.o)
    0x08000232   0x08000232   0x00000040   Code   RO         3294    .text               mc_w.l(memmovea.o)
    0x08000272   0x08000272   0x00000024   Code   RO         3296    .text               mc_w.l(memseta.o)
    0x08000296   0x08000296   0x0000001c   Code   RO         3298    .text               mc_w.l(strcmp.o)
    0x080002b2   0x080002b2   0x0000001a   Code   RO         3300    .text               mc_w.l(memcmp.o)
    0x080002cc   0x080002cc   0x0000001a   Code   RO         3565    .text               mc_w.l(atoi.o)
    0x080002e6   0x080002e6   0x0000014e   Code   RO         3567    .text               mf_w.l(dadd.o)
    0x08000434   0x08000434   0x000000e4   Code   RO         3569    .text               mf_w.l(dmul.o)
    0x08000518   0x08000518   0x000000de   Code   RO         3571    .text               mf_w.l(ddiv.o)
    0x080005f6   0x080005f6   0x00000026   Code   RO         3575    .text               mf_w.l(f2d.o)
    0x0800061c   0x0800061c   0x00000038   Code   RO         3577    .text               mf_w.l(d2f.o)
    0x08000654   0x08000654   0x0000002c   Code   RO         3596    .text               mc_w.l(uidiv.o)
    0x08000680   0x08000680   0x0000001e   Code   RO         3598    .text               mc_w.l(llshl.o)
    0x0800069e   0x0800069e   0x00000020   Code   RO         3600    .text               mc_w.l(llushr.o)
    0x080006be   0x080006be   0x00000024   Code   RO         3602    .text               mc_w.l(llsshr.o)
    0x080006e2   0x080006e2   0x00000070   Code   RO         3611    .text               mc_w.l(strtol.o)
    0x08000752   0x08000752   0x00000000   Code   RO         3613    .text               mc_w.l(iusefp.o)
    0x08000752   0x08000752   0x0000006e   Code   RO         3614    .text               mf_w.l(fepilogue.o)
    0x080007c0   0x080007c0   0x000000ba   Code   RO         3616    .text               mf_w.l(depilogue.o)
    0x0800087a   0x0800087a   0x00000030   Code   RO         3618    .text               mf_w.l(dfixul.o)
    0x080008aa   0x080008aa   0x00000002   PAD
    0x080008ac   0x080008ac   0x00000030   Code   RO         3620    .text               mf_w.l(cdrcmple.o)
    0x080008dc   0x080008dc   0x00000024   Code   RO         3622    .text               mc_w.l(init.o)
    0x08000900   0x08000900   0x00000008   Code   RO         3624    .text               mc_w.l(ctype_o.o)
    0x08000908   0x08000908   0x0000009e   Code   RO         3652    .text               mc_w.l(_strtoul.o)
    0x080009a6   0x080009a6   0x0000001c   Code   RO         3654    .text               mc_w.l(_chval.o)
    0x080009c2   0x080009c2   0x00000002   PAD
    0x080009c4   0x080009c4   0x0000003c   Code   RO          454    i.Air_Speed_I2C1_Init  air_speed_i2c.o
    0x08000a00   0x08000a00   0x000000d4   Code   RO          341    i.BSP_COM_Init      bsp_uart.o
    0x08000ad4   0x08000ad4   0x0000000e   Code   RO          230    i.BSP_Device_Init   main.o
    0x08000ae2   0x08000ae2   0x00000002   PAD
    0x08000ae4   0x08000ae4   0x00000068   Code   RO          763    i.BSP_LED_Init      stm32f4xx_nucleo.o
    0x08000b4c   0x08000b4c   0x00000020   Code   RO          765    i.BSP_LED_On        stm32f4xx_nucleo.o
    0x08000b6c   0x08000b6c   0x000000e4   Code   RO          345    i.BSP_STDIO_Init    bsp_uart.o
    0x08000c50   0x08000c50   0x00000018   Code   RO          346    i.BSP_STDIO_Read    bsp_uart.o
    0x08000c68   0x08000c68   0x00000018   Code   RO          347    i.BSP_UART_Init     bsp_uart.o
    0x08000c80   0x08000c80   0x00000004   Code   RO           13    i.BusFault_Handler  stm32f4xx_it.o
    0x08000c84   0x08000c84   0x00000034   Code   RO         2560    i.DMA_CalcBaseAndBitshift  stm32f4xx_hal_dma.o
    0x08000cb8   0x08000cb8   0x000000aa   Code   RO         2561    i.DMA_CheckFifoParam  stm32f4xx_hal_dma.o
    0x08000d62   0x08000d62   0x00000002   Code   RO           14    i.DebugMon_Handler  stm32f4xx_it.o
    0x08000d64   0x08000d64   0x00000018   Code   RO          231    i.Error_Handler     main.o
    0x08000d7c   0x08000d7c   0x00000018   Code   RO          348    i.Error_Handler     bsp_uart.o
    0x08000d94   0x08000d94   0x00000050   Code   RO          493    i.FLS110_Check_FW_ID  fls110.o
    0x08000de4   0x08000de4   0x00000060   Code   RO          494    i.FLS110_Check_Unique_ID  fls110.o
    0x08000e44   0x08000e44   0x00000018   Code   RO          495    i.FLS110_Get_Ready  fls110.o
    0x08000e5c   0x08000e5c   0x00000020   Code   RO          496    i.FLS110_Reg_Read   fls110.o
    0x08000e7c   0x08000e7c   0x0000002c   Code   RO          497    i.FLS110_Reg_Write  fls110.o
    0x08000ea8   0x08000ea8   0x0000001c   Code   RO          498    i.FLS110_Sensor_Init  fls110.o
    0x08000ec4   0x08000ec4   0x0000000a   Code   RO          499    i.FLS110_Sensor_Start  fls110.o
    0x08000ece   0x08000ece   0x00000002   PAD
    0x08000ed0   0x08000ed0   0x00000020   Code   RO          501    i.FLS110_Sensor_Test  fls110.o
    0x08000ef0   0x08000ef0   0x000000c8   Code   RO          502    i.FLS110_Set_Avg    fls110.o
    0x08000fb8   0x08000fb8   0x000000cc   Code   RO          503    i.FLS110_Set_Basis  fls110.o
    0x08001084   0x08001084   0x000000c8   Code   RO          504    i.FLS110_Set_Mode   fls110.o
    0x0800114c   0x0800114c   0x000001d4   Code   RO          505    i.FLS110_data_read  fls110.o
    0x08001320   0x08001320   0x00000020   Code   RO          507    i.FLS_I2C_Read      fls110.o
    0x08001340   0x08001340   0x00000020   Code   RO          508    i.FLS_I2C_Write     fls110.o
    0x08001360   0x08001360   0x000000aa   Code   RO         2563    i.HAL_DMA_Abort     stm32f4xx_hal_dma.o
    0x0800140a   0x0800140a   0x00000028   Code   RO         2564    i.HAL_DMA_Abort_IT  stm32f4xx_hal_dma.o
    0x08001432   0x08001432   0x00000002   PAD
    0x08001434   0x08001434   0x000000ec   Code   RO         2569    i.HAL_DMA_Init      stm32f4xx_hal_dma.o
    0x08001520   0x08001520   0x00000028   Code   RO         2993    i.HAL_Delay         stm32f4xx_hal.o
    0x08001548   0x08001548   0x000001d8   Code   RO         3229    i.HAL_GPIO_Init     stm32f4xx_hal_gpio.o
    0x08001720   0x08001720   0x0000000c   Code   RO         3233    i.HAL_GPIO_WritePin  stm32f4xx_hal_gpio.o
    0x0800172c   0x0800172c   0x0000000c   Code   RO         2999    i.HAL_GetTick       stm32f4xx_hal.o
    0x08001738   0x08001738   0x000001d0   Code   RO         1709    i.HAL_I2C_Init      stm32f4xx_hal_i2c.o
    0x08001908   0x08001908   0x000002f8   Code   RO         1715    i.HAL_I2C_Master_Receive  stm32f4xx_hal_i2c.o
    0x08001c00   0x08001c00   0x00000170   Code   RO         1722    i.HAL_I2C_Master_Transmit  stm32f4xx_hal_i2c.o
    0x08001d70   0x08001d70   0x00000080   Code   RO          456    i.HAL_I2C_MspInit   air_speed_i2c.o
    0x08001df0   0x08001df0   0x00000018   Code   RO         3005    i.HAL_IncTick       stm32f4xx_hal.o
    0x08001e08   0x08001e08   0x0000003c   Code   RO         3006    i.HAL_Init          stm32f4xx_hal.o
    0x08001e44   0x08001e44   0x0000004c   Code   RO         3007    i.HAL_InitTick      stm32f4xx_hal.o
    0x08001e90   0x08001e90   0x00000002   Code   RO         3009    i.HAL_MspInit       stm32f4xx_hal.o
    0x08001e92   0x08001e92   0x00000028   Code   RO         2851    i.HAL_NVIC_EnableIRQ  stm32f4xx_hal_cortex.o
    0x08001eba   0x08001eba   0x0000007c   Code   RO         2857    i.HAL_NVIC_SetPriority  stm32f4xx_hal_cortex.o
    0x08001f36   0x08001f36   0x00000002   PAD
    0x08001f38   0x08001f38   0x00000028   Code   RO         2858    i.HAL_NVIC_SetPriorityGrouping  stm32f4xx_hal_cortex.o
    0x08001f60   0x08001f60   0x00000184   Code   RO         2745    i.HAL_RCC_ClockConfig  stm32f4xx_hal_rcc.o
    0x080020e4   0x080020e4   0x0000000c   Code   RO         2750    i.HAL_RCC_GetHCLKFreq  stm32f4xx_hal_rcc.o
    0x080020f0   0x080020f0   0x00000020   Code   RO         2752    i.HAL_RCC_GetPCLK1Freq  stm32f4xx_hal_rcc.o
    0x08002110   0x08002110   0x00000020   Code   RO         2753    i.HAL_RCC_GetPCLK2Freq  stm32f4xx_hal_rcc.o
    0x08002130   0x08002130   0x000000b0   Code   RO         2754    i.HAL_RCC_GetSysClockFreq  stm32f4xx_hal_rcc.o
    0x080021e0   0x080021e0   0x0000049c   Code   RO         2757    i.HAL_RCC_OscConfig  stm32f4xx_hal_rcc.o
    0x0800267c   0x0800267c   0x00000034   Code   RO         2862    i.HAL_SYSTICK_Config  stm32f4xx_hal_cortex.o
    0x080026b0   0x080026b0   0x00000002   Code   RO         1342    i.HAL_UARTEx_RxEventCallback  stm32f4xx_hal_uart.o
    0x080026b2   0x080026b2   0x00000002   PAD
    0x080026b4   0x080026b4   0x0000001c   Code   RO          349    i.HAL_UART_ErrorCallback  bsp_uart.o
    0x080026d0   0x080026d0   0x00000250   Code   RO         1359    i.HAL_UART_IRQHandler  stm32f4xx_hal_uart.o
    0x08002920   0x08002920   0x00000072   Code   RO         1360    i.HAL_UART_Init     stm32f4xx_hal_uart.o
    0x08002992   0x08002992   0x00000002   PAD
    0x08002994   0x08002994   0x0000018c   Code   RO          200    i.HAL_UART_MspInit  stm32f4xx_hal_msp.o
    0x08002b20   0x08002b20   0x00000042   Code   RO         1365    i.HAL_UART_Receive_IT  stm32f4xx_hal_uart.o
    0x08002b62   0x08002b62   0x0000000a   Code   RO          350    i.HAL_UART_RxCpltCallback  bsp_uart.o
    0x08002b6c   0x08002b6c   0x000000d2   Code   RO         1368    i.HAL_UART_Transmit  stm32f4xx_hal_uart.o
    0x08002c3e   0x08002c3e   0x00000002   Code   RO          351    i.HAL_UART_TxCpltCallback  bsp_uart.o
    0x08002c40   0x08002c40   0x00000004   Code   RO           15    i.HardFault_Handler  stm32f4xx_it.o
    0x08002c44   0x08002c44   0x0000003e   Code   RO         1752    i.I2C_IsAcknowledgeFailed  stm32f4xx_hal_i2c.o
    0x08002c82   0x08002c82   0x00000002   PAD
    0x08002c84   0x08002c84   0x00000138   Code   RO         1755    i.I2C_MasterRequestRead  stm32f4xx_hal_i2c.o
    0x08002dbc   0x08002dbc   0x000000c0   Code   RO         1756    i.I2C_MasterRequestWrite  stm32f4xx_hal_i2c.o
    0x08002e7c   0x08002e7c   0x0000005c   Code   RO         1772    i.I2C_WaitOnBTFFlagUntilTimeout  stm32f4xx_hal_i2c.o
    0x08002ed8   0x08002ed8   0x00000086   Code   RO         1773    i.I2C_WaitOnFlagUntilTimeout  stm32f4xx_hal_i2c.o
    0x08002f5e   0x08002f5e   0x000000c4   Code   RO         1774    i.I2C_WaitOnMasterAddressFlagUntilTimeout  stm32f4xx_hal_i2c.o
    0x08003022   0x08003022   0x00000080   Code   RO         1775    i.I2C_WaitOnRXNEFlagUntilTimeout  stm32f4xx_hal_i2c.o
    0x080030a2   0x080030a2   0x0000005c   Code   RO         1778    i.I2C_WaitOnTXEFlagUntilTimeout  stm32f4xx_hal_i2c.o
    0x080030fe   0x080030fe   0x00000002   PAD
    0x08003100   0x08003100   0x0000015c   Code   RO          596    i.MS4525DO_Sensor_Test  ms4525do.o
    0x0800325c   0x0800325c   0x00000030   Code   RO          597    i.MS4525DO_data_read  ms4525do.o
    0x0800328c   0x0800328c   0x00000020   Code   RO          598    i.MS_I2C_Read       ms4525do.o
    0x080032ac   0x080032ac   0x00000004   Code   RO           16    i.MemManage_Handler  stm32f4xx_it.o
    0x080032b0   0x080032b0   0x00000002   Code   RO           17    i.NMI_Handler       stm32f4xx_it.o
    0x080032b2   0x080032b2   0x00000002   Code   RO           18    i.PendSV_Handler    stm32f4xx_it.o
    0x080032b4   0x080032b4   0x00000114   Code   RO          301    i.PrintVersion      version_print.o
    0x080033c8   0x080033c8   0x00000020   Code   RO          638    i.SPL_I2C_Read      spl06_01.o
    0x080033e8   0x080033e8   0x00000020   Code   RO          639    i.SPL_I2C_Write     spl06_01.o
    0x08003408   0x08003408   0x00000002   Code   RO           19    i.SVC_Handler       stm32f4xx_it.o
    0x0800340a   0x0800340a   0x00000008   Code   RO           20    i.SysTick_Handler   stm32f4xx_it.o
    0x08003412   0x08003412   0x00000002   PAD
    0x08003414   0x08003414   0x000000bc   Code   RO          232    i.SystemClock_Config  main.o
    0x080034d0   0x080034d0   0x00000064   Code   RO          918    i.SystemInit        system_stm32f4xx.o
    0x08003534   0x08003534   0x00000014   Code   RO         1373    i.UART_DMAAbortOnError  stm32f4xx_hal_uart.o
    0x08003548   0x08003548   0x00000036   Code   RO         1383    i.UART_EndRxTransfer  stm32f4xx_hal_uart.o
    0x0800357e   0x0800357e   0x00000020   Code   RO         1384    i.UART_EndTransmit_IT  stm32f4xx_hal_uart.o
    0x0800359e   0x0800359e   0x000000be   Code   RO         1386    i.UART_Receive_IT   stm32f4xx_hal_uart.o
    0x0800365c   0x0800365c   0x0000022c   Code   RO         1387    i.UART_SetConfig    stm32f4xx_hal_uart.o
    0x08003888   0x08003888   0x00000046   Code   RO         1389    i.UART_Start_Receive_IT  stm32f4xx_hal_uart.o
    0x080038ce   0x080038ce   0x00000060   Code   RO         1390    i.UART_Transmit_IT  stm32f4xx_hal_uart.o
    0x0800392e   0x0800392e   0x0000006c   Code   RO         1391    i.UART_WaitOnFlagUntilTimeout  stm32f4xx_hal_uart.o
    0x0800399a   0x0800399a   0x00000002   PAD
    0x0800399c   0x0800399c   0x00000010   Code   RO           21    i.USART2_IRQHandler  stm32f4xx_it.o
    0x080039ac   0x080039ac   0x00000144   Code   RO          352    i.UartCmdParse      bsp_uart.o
    0x08003af0   0x08003af0   0x00000004   Code   RO           22    i.UsageFault_Handler  stm32f4xx_it.o
    0x08003af4   0x08003af4   0x00000020   Code   RO         3537    i.__0printf         mc_w.l(printfa.o)
    0x08003b14   0x08003b14   0x00000010   Code   RO         2864    i.__NVIC_GetPriorityGrouping  stm32f4xx_hal_cortex.o
    0x08003b24   0x08003b24   0x00000028   Code   RO         2865    i.__NVIC_SetPriority  stm32f4xx_hal_cortex.o
    0x08003b4c   0x08003b4c   0x00000008   Code   RO         3604    i.__aeabi_errno_addr  mc_w.l(errno.o)
    0x08003b54   0x08003b54   0x0000000e   Code   RO         3658    i.__scatterload_copy  mc_w.l(handlers.o)
    0x08003b62   0x08003b62   0x00000002   Code   RO         3659    i.__scatterload_null  mc_w.l(handlers.o)
    0x08003b64   0x08003b64   0x0000000e   Code   RO         3660    i.__scatterload_zeroinit  mc_w.l(handlers.o)
    0x08003b72   0x08003b72   0x00000002   PAD
    0x08003b74   0x08003b74   0x00000184   Code   RO         3544    i._fp_digits        mc_w.l(printfa.o)
    0x08003cf8   0x08003cf8   0x000006b4   Code   RO         3545    i._printf_core      mc_w.l(printfa.o)
    0x080043ac   0x080043ac   0x00000024   Code   RO         3546    i._printf_post_padding  mc_w.l(printfa.o)
    0x080043d0   0x080043d0   0x0000002e   Code   RO         3547    i._printf_pre_padding  mc_w.l(printfa.o)
    0x080043fe   0x080043fe   0x00000002   PAD
    0x08004400   0x08004400   0x0000001c   Code   RO          354    i.fputc             bsp_uart.o
    0x0800441c   0x0800441c   0x00000008   Code   RO          302    i.get_app_ver       version_print.o
    0x08004424   0x08004424   0x00000110   Code   RO          303    i.getdate           version_print.o
    0x08004534   0x08004534   0x00000028   Code   RO          233    i.main              main.o
    0x0800455c   0x0800455c   0x000001e8   Code   RO          640    i.spl0601_get_calib_param  spl06_01.o
    0x08004744   0x08004744   0x00000040   Code   RO          645    i.spl0601_init      spl06_01.o
    0x08004784   0x08004784   0x00000174   Code   RO          646    i.spl0601_rateset   spl06_01.o
    0x080048f8   0x080048f8   0x00000022   Code   RO          647    i.spl0601_read      spl06_01.o
    0x0800491a   0x0800491a   0x0000001e   Code   RO          653    i.spl0601_write     spl06_01.o
    0x08004938   0x08004938   0x00000005   Data   RO          785    .constdata          stm32f4xx_nucleo.o
    0x0800493d   0x0800493d   0x00000018   Data   RO          919    .constdata          system_stm32f4xx.o
    0x08004955   0x08004955   0x00000008   Data   RO         2575    .constdata          stm32f4xx_hal_dma.o
    0x0800495d   0x0800495d   0x00000081   Data   RO         3625    .constdata          mc_w.l(ctype_o.o)
    0x080049de   0x080049de   0x00000002   PAD
    0x080049e0   0x080049e0   0x00000004   Data   RO         3626    .constdata          mc_w.l(ctype_o.o)
    0x080049e4   0x080049e4   0x00000030   Data   RO          304    .conststring        version_print.o
    0x08004a14   0x08004a14   0x00000020   Data   RO         3656    Region$$Table       anon$$obj.o


    Execution Region RW_IRAM1 (Exec base: 0x20000000, Load base: 0x08004a34, Size: 0x00000740, Max: 0x00018000, ABSOLUTE)

    Exec Addr    Load Addr    Size         Type   Attr      Idx    E Section Name        Object

    0x20000000   0x08004a34   0x00000064   Data   RW          305    .data               version_print.o
    0x20000064   0x08004a98   0x00000002   Data   RW          356    .data               bsp_uart.o
    0x20000066   0x08004a9a   0x00000002   PAD
    0x20000068   0x08004a9c   0x00000004   Data   RW          655    .data               spl06_01.o
    0x2000006c   0x08004aa0   0x0000000c   Data   RW          786    .data               stm32f4xx_nucleo.o
    0x20000078   0x08004aac   0x00000004   Data   RW          920    .data               system_stm32f4xx.o
    0x2000007c   0x08004ab0   0x00000009   Data   RW         3013    .data               stm32f4xx_hal.o
    0x20000085   0x08004ab9   0x00000003   PAD
    0x20000088   0x08004abc   0x00000004   Data   RW         3595    .data               mc_w.l(stdout.o)
    0x2000008c   0x08004ac0   0x00000004   Data   RW         3607    .data               mc_w.l(errno.o)
    0x20000090        -       0x00000180   Zero   RW          201    .bss                stm32f4xx_hal_msp.o
    0x20000210        -       0x000000b0   Zero   RW          355    .bss                bsp_uart.o
    0x200002c0        -       0x00000054   Zero   RW          457    .bss                air_speed_i2c.o
    0x20000314        -       0x0000002c   Zero   RW          654    .bss                spl06_01.o
    0x20000340        -       0x00000400   Zero   RW            1    STACK               startup_stm32f401xe.o


==============================================================================

Image component sizes


      Code (inc. data)   RO Data    RW Data    ZI Data      Debug   Object Name

       188         26          0          0         84       2040   air_speed_i2c.o
       904        232          0          2        176       8694   bsp_uart.o
      1482        478          0          0          0      10918   fls110.o
       266         18          0          0          0       2755   main.o
       428         88          0          0          0       3250   ms4525do.o
      1052         34          0          4         44       6458   spl06_01.o
        36          8        404          0       1024        888   startup_stm32f401xe.o
       214         36          0          9          0      10447   stm32f4xx_hal.o
       312         22          0          0          0      35151   stm32f4xx_hal_cortex.o
       668         10          8          0          0       4722   stm32f4xx_hal_dma.o
       484         32          0          0          0       2328   stm32f4xx_hal_gpio.o
      2800         48          0          0          0      12366   stm32f4xx_hal_i2c.o
       396         22          0          0        384       1892   stm32f4xx_hal_msp.o
      1820         84          0          0          0       6172   stm32f4xx_hal_rcc.o
      2110         16          0          0          0      11669   stm32f4xx_hal_uart.o
        48          6          0          0          0     406210   stm32f4xx_it.o
       136         20          5         12          0       2924   stm32f4xx_nucleo.o
       100         18         24          4          0       1323   system_stm32f4xx.o
       556        232         48        100          0       4008   version_print.o

    ----------------------------------------------------------------------
     14020       1430        521        136       1712     534215   Object Totals
         0          0         32          0          0          0   (incl. Generated)
        20          0          0          5          0          0   (incl. Padding)

    ----------------------------------------------------------------------

      Code (inc. data)   RO Data    RW Data    ZI Data      Debug   Library Member Name

        28          0          0          0          0         68   _chval.o
       158          0          0          0          0         92   _strtoul.o
        26          0          0          0          0         80   atoi.o
         8          4        133          0          0         68   ctype_o.o
         0          0          0          0          0          0   entry.o
         0          0          0          0          0          0   entry10a.o
         0          0          0          0          0          0   entry11a.o
         4          0          0          0          0          0   entry12b.o
         8          4          0          0          0          0   entry2.o
         4          0          0          0          0          0   entry5.o
         0          0          0          0          0          0   entry7b.o
         0          0          0          0          0          0   entry8b.o
         8          4          0          0          0          0   entry9a.o
         8          4          0          4          0         68   errno.o
        30          0          0          0          0          0   handlers.o
        36          8          0          0          0         68   init.o
         0          0          0          0          0          0   iusefp.o
        30          0          0          0          0         68   llshl.o
        36          0          0          0          0         68   llsshr.o
        32          0          0          0          0         68   llushr.o
        26          0          0          0          0         80   memcmp.o
        64          0          0          0          0         76   memmovea.o
        36          0          0          0          0        108   memseta.o
      2218         90          0          0          0        464   printfa.o
         0          0          0          4          0          0   stdout.o
        28          0          0          0          0         76   strcmp.o
       112          0          0          0          0         88   strtol.o
        44          0          0          0          0         80   uidiv.o
        98          0          0          0          0         92   uldiv.o
        48          0          0          0          0         68   cdrcmple.o
        56          0          0          0          0         88   d2f.o
       334          0          0          0          0        148   dadd.o
       222          0          0          0          0        100   ddiv.o
       186          0          0          0          0        176   depilogue.o
        48          0          0          0          0         68   dfixul.o
       228          0          0          0          0         96   dmul.o
        38          0          0          0          0         68   f2d.o
       110          0          0          0          0        168   fepilogue.o

    ----------------------------------------------------------------------
      4320        114        135          8          0       2692   Library Totals
         8          0          2          0          0          0   (incl. Padding)

    ----------------------------------------------------------------------

      Code (inc. data)   RO Data    RW Data    ZI Data      Debug   Library Name

      3042        114        133          8          0       1712   mc_w.l
      1270          0          0          0          0        980   mf_w.l

    ----------------------------------------------------------------------
      4320        114        135          8          0       2692   Library Totals

    ----------------------------------------------------------------------

==============================================================================


      Code (inc. data)   RO Data    RW Data    ZI Data      Debug   

     18340       1544        656        144       1712     525759   Grand Totals
     18340       1544        656        144       1712     525759   ELF Image Totals
     18340       1544        656        144          0          0   ROM Totals

==============================================================================

    Total RO  Size (Code + RO Data)                18996 (  18.55kB)
    Total RW  Size (RW Data + ZI Data)              1856 (   1.81kB)
    Total ROM Size (Code + RO Data + RW Data)      19140 (  18.69kB)

==============================================================================

